Usage: PROG [OPTION] SYSID...
Short options need the same arguments as their long forms.
  -b, --encoding=NAME         Use encoding NAME for output.
  -f, --error-file=FILE       Append error messages to file FILE.
  -v, --version               Display the program version.
  -h, --help                  Show this help text.
  -c, --catalog=SYSID         Use catalog SYSID.
  -C, --catalogs              Arguments are catalogs, use DOCUMENT entry.
  -D, --directory=DIRECTORY   Search files in directory DIRECTORY.
  -R, --restricted            Restrict file reading (for use in Web apps).
  -a, --activate=NAME         Make doctype or linktype NAME active.
  -A, --architecture=NAME     Parse wrt. architecture NAME.
  -E, --max-errors=NUMBER     Give up after NUMBER errors.
  -e, --open-entities         Show open entities in error messages.
  -g, --open-elements         Show open elements in error messages.
  -n, --error-numbers         Show error numbers in error messages.
  -x, --references            Show references in error messages.
  -i, --include=NAME          Define parameter entity NAME as "INCLUDE".
  -w, --warning=TYPE          Enable warning TYPE.
  -G                          Undocumented option (check the application's manual).
  -2                          Undocumented option (check the application's manual).
  -d ARG                      Undocumented option (check the application's manual).
  -V ARG                      Undocumented option (check the application's manual).
  -s                          Undocumented option (check the application's manual).
  -t ARG                      Undocumented option (check the application's manual).
  -o ARG                      Undocumented option (check the application's manual).
