<?xml version="1.0"?>
<fot>
<display-group>
<paragraph>
<a name="0"/>
<a name="1"/>
<text>one</text>
</paragraph>
<a name="FIRST"/>
<text>First </text>
<sequence>
<a name="3"/>
<text>paragraph</text>
</sequence>
<text> with 5 </text>
<text>&lt;</text>
<text> 7.</text>
<a name="4"/>
<text>Zweite Zeile mit Umlaut: </text>
<text>&#252;</text>
<text>.</text>
</display-group>
</fot>
