<?xml version="1.0"?>
<fot>
<a name="0"/>
<a name="1"/>
<text>Hello </text>
<text>&amp;</text>
<text> Welcome</text>
<a name="FIRST"/>
<text>First </text>
<a name="3"/>
<text>paragraph</text>
<text> with 5 </text>
<text>&lt;</text>
<text> 7.</text>
<a name="4"/>
<text>Zweite Zeile mit Umlaut: </text>
<text>&#252;</text>
<text>.</text>
</fot>
