<?xml version="1.0"?>
<fot>
<sequence>
<a name="0"/>
<a name="17"/>
<table>
<table.before-row-border border-present="false"/>
<table.after-row-border border-present="false"/>
<table.before-column-border border-present="false"/>
<table.after-column-border border-present="false"/>
<table-row>
<sequence>
<table-cell column-number="1">
<table-cell.before-row-border border-present="false"/>
<table-cell.after-row-border border-present="false"/>
<table-cell.before-column-border border-present="false"/>
<table-cell.after-column-border border-present="false"/>
<a name="18"/>
<a name="19"/>
<text>x1</text>
</table-cell>
</sequence>
<sequence>
<table-cell column-number="2">
<table-cell.before-row-border border-present="false"/>
<table-cell.after-row-border border-present="false"/>
<table-cell.before-column-border border-present="false"/>
<table-cell.after-column-border border-present="false"/>
<a name="20"/>
<text>y1</text>
</table-cell>
</sequence>
<sequence>
<table-cell column-number="0">
<table-cell.before-row-border border-present="false"/>
<table-cell.after-row-border border-present="false"/>
<table-cell.before-column-border border-present="false"/>
<table-cell.after-column-border border-present="false"/>
</table-cell>
</sequence>
</table-row>
<table-row>
<sequence>
<table-cell column-number="1">
<table-cell.before-row-border border-present="false"/>
<table-cell.after-row-border border-present="false"/>
<table-cell.before-column-border border-present="false"/>
<table-cell.after-column-border border-present="false"/>
<a name="21"/>
<a name="22"/>
<text>x2</text>
</table-cell>
</sequence>
<sequence>
<table-cell column-number="2">
<table-cell.before-row-border border-present="false"/>
<table-cell.after-row-border border-present="false"/>
<table-cell.before-column-border border-present="false"/>
<table-cell.after-column-border border-present="false"/>
<a name="23"/>
<text>y2</text>
</table-cell>
</sequence>
<sequence>
<table-cell column-number="0">
<table-cell.before-row-border border-present="false"/>
<table-cell.after-row-border border-present="false"/>
<table-cell.before-column-border border-present="false"/>
<table-cell.after-column-border border-present="false"/>
</table-cell>
</sequence>
</table-row>
</table>
<paragraph>
</paragraph>
</sequence>
</fot>
