<?xml version="1.0"?>
<fot>
<sequence>
<paragraph>
<a name="0"/>
<a name="1"/>
<line-field>
<text>Hello </text>
<text>&amp;</text>
<text> Welcome</text>
</line-field>
</paragraph>
<paragraph>
<a name="FIRST"/>
<line-field>
<text>First </text>
<paragraph-break/>
<text> with 5 </text>
<text>&lt;</text>
<text> 7.</text>
</line-field>
</paragraph>
<paragraph>
<a name="4"/>
<line-field>
<text>Zweite Zeile mit Umlaut: </text>
<text>&#252;</text>
<text>.</text>
</line-field>
</paragraph>
</sequence>
</fot>
