<?xml version="1.0"?>
<fot>
<simple-page-sequence>
<sequence>
<paragraph>
<link destination="2.S1">
<text>to-2</text>
</link>
</paragraph>
<paragraph>
<link destination="3.S1">
<text>to-3</text>
</link>
</paragraph>
<paragraph>
<link destination="1">
<text>to-0</text>
</link>
</paragraph>
<paragraph>
<link destination="s1">
<text>idref</text>
</link>
</paragraph>
<paragraph>
<a name="2.S1"/>
<text>first</text>
</paragraph>
<paragraph>
<a name="2.2"/>
<text>second</text>
</paragraph>
</sequence>
</simple-page-sequence>
</fot>
