<?xml version="1.0"?>
<fot>
<sequence>
<paragraph>
<a name="0"/>
<a name="1"/>
<text>round: 2 4 -2 -4 2 3 7 0</text>
</paragraph>
<paragraph>
<a name="FIRST"/>
<text>class: 3 0 0 0 0 axes: 1/1 follow-of-children: 3 ent: #f</text>
</paragraph>
<paragraph>
<a name="4"/>
<text>class: 3 0 0 0 0 axes: 0/2 follow-of-children: 3 ent: #f</text>
</paragraph>
</sequence>
</fot>
