<?xml version="1.0"?>
<fot>
<define-glyph-subst-table id="gst1">
<glyph-subst old="ISO/IEC 10036/RA//Glyphs::97" new="ISO/IEC 10036/RA//Glyphs::64865"/>
<glyph-subst old="ISO/IEC 10036/RA//Glyphs::98" new="ISO/IEC 10036/RA//Glyphs::64866"/>
<glyph-subst old="ISO/IEC 10036/RA//Glyphs::99" new="ISO/IEC 10036/RA//Glyphs::64867"/>
<glyph-subst old="ISO/IEC 10036/RA//Glyphs::100" new="ISO/IEC 10036/RA//Glyphs::64868"/>
</define-glyph-subst-table><display-group glyph-subst-table="gst1">
<define-glyph-subst-table id="gst0">
<glyph-subst old="foo" new="bar::2"/>
</define-glyph-subst-table><paragraph glyph-subst-table="gst1 gst0">
<a name="0"/>
<a name="1"/>
<rule orientation="horizontal" keep-with-next="true" space-after="2pt" line-thickness="2pt" display-alignment="center"/>
<text>Hello </text>
<text>&amp;</text>
<text> Welcome</text>
</paragraph>
<sequence glyph-subst-table="">
<a name="FIRST"/>
<rule orientation="escapement" break-before-priority="1" break-after-priority="2" length="36pt"/>
<rule orientation="vertical" space-before="1pt" length=""/>
<paragraph glyph-subst-table="">
<text>ok </text>
<text>First </text>
<sequence glyph-subst-table="">
<a name="3"/>
<text>paragraph</text>
</sequence>
<text> with 5 </text>
<text>&lt;</text>
<text> 7.</text>
</paragraph>
</sequence>
<sequence glyph-subst-table="">
<a name="4"/>
<rule orientation="escapement" break-before-priority="1" break-after-priority="2" length="36pt"/>
<rule orientation="vertical" space-before="1pt" length=""/>
<paragraph glyph-subst-table="">
<text>ok </text>
<text>Zweite Zeile mit Umlaut: </text>
<text>&#252;</text>
<text>.</text>
</paragraph>
</sequence>
</display-group>
</fot>
