<?xml version="1.0"?>
<fot>
<display-group>
<paragraph>
<a name="0"/>
<a name="1"/>
<text>1</text>
<text> </text>
<text>042</text>
<text> </text>
<text>-0005</text>
<text> </text>
<text>0</text>
</paragraph>
<paragraph>
<a name="FIRST"/>
<text>a</text>
<text> </text>
<text>z</text>
<text> </text>
<text>aa</text>
<text> </text>
<text>zz</text>
<text> </text>
<text>-C</text>
<text> </text>
<text>0</text>
<text> </text>
<text>mcmxcviii</text>
<text> </text>
<text>IV</text>
<text> </text>
<text>ix</text>
<text> </text>
<text>CDXLIV</text>
<text> </text>
<text>mmmcmxcix</text>
<text> </text>
<text>5001</text>
<text> </text>
<text>-xii</text>
<text> </text>
<text>1.2.3</text>
<text> </text>
<text>D-v</text>
<text> </text>
<text> </text>
<text>07+h</text>
</paragraph>
<paragraph>
<a name="4"/>
<text>a</text>
<text> </text>
<text>z</text>
<text> </text>
<text>aa</text>
<text> </text>
<text>zz</text>
<text> </text>
<text>-C</text>
<text> </text>
<text>0</text>
<text> </text>
<text>mcmxcviii</text>
<text> </text>
<text>IV</text>
<text> </text>
<text>ix</text>
<text> </text>
<text>CDXLIV</text>
<text> </text>
<text>mmmcmxcix</text>
<text> </text>
<text>5001</text>
<text> </text>
<text>-xii</text>
<text> </text>
<text>1.2.3</text>
<text> </text>
<text>D-v</text>
<text> </text>
<text> </text>
<text>07+h</text>
</paragraph>
</display-group>
</fot>
