<?xml version="1.0"?>
<fot>
<display-group>
<paragraph>
<a name="0"/>
<a name="1"/>
<text>1/F/3</text>
<text> </text>
<text>1/2/3</text>
<text> </text>
<text>1/2/4</text>
<text> </text>
<text>11</text>
<text> </text>
<text>15</text>
<text> </text>
<text>empty</text>
<text> </text>
<text>3</text>
</paragraph>
<paragraph>
<a name="FIRST"/>
<text>1</text>
<text> </text>
<text>4</text>
<text> </text>
<text>3/F/6</text>
<text> </text>
<text>3/7/6</text>
<text> </text>
<text>3/2/1</text>
<text> </text>
<text>3/5/6</text>
<text> </text>
<text>0/F</text>
<text> </text>
<text>2/5</text>
<text> </text>
<text>22</text>
<text> </text>
<text>5</text>
</paragraph>
<paragraph>
<a name="4"/>
<text>1</text>
<text> </text>
<text>4</text>
<text> </text>
<text>3/F/6</text>
<text> </text>
<text>3/7/6</text>
<text> </text>
<text>3/2/1</text>
<text> </text>
<text>3/5/6</text>
<text> </text>
<text>0/F</text>
<text> </text>
<text>2/5</text>
<text> </text>
<text>22</text>
<text> </text>
<text>5</text>
</paragraph>
</display-group>
</fot>
