<?xml version="1.0"?>
<fot>
<display-group keep-with-next="true">
<paragraph keep="page" space-before="12pt" font-size="18pt" font-weight="bold" quadding="center">
<a name="0"/>
<a name="1"/>
<text>Hello </text>
<text>&amp;</text>
<text> Welcome</text>
</paragraph>
<paragraph font-size="10pt" line-spacing="12pt" start-indent=".5pt" first-line-start-indent="-3pt" hyphenate="true" country="false" language="DE">
<a name="FIRST"/>
<text>First </text>
<sequence font-posture="italic">
<a name="3"/>
<text>paragraph</text>
</sequence>
<text> with 5 </text>
<text>&lt;</text>
<text> 7.</text>
</paragraph>
<paragraph font-size="10pt" line-spacing="12pt" start-indent=".5pt" first-line-start-indent="-3pt" hyphenate="true" country="false" language="DE">
<a name="4"/>
<text>Zweite Zeile mit Umlaut: </text>
<text>&#252;</text>
<text>.</text>
</paragraph>
</display-group>
</fot>
