<?xml version="1.0"?>
<fot>
<sequence>
<paragraph font-size="14pt" font-family-name="iso-sanserif" lines="asis">
<a name="0"/>
<a name="1"/>
<text>Hello </text>
<text>&amp;</text>
<text> Welcome</text>
</paragraph>
<paragraph space-before="24pt">
<a name="FIRST"/>
<line-field field-width="8pt">
<text>x</text>
</line-field>
<text>First </text>
<text> with 5 </text>
<text>&lt;</text>
<text> 7.</text>
<paragraph-break/>
</paragraph>
<paragraph space-before="6pt">
<a name="4"/>
<line-field field-width="8pt">
<text>x</text>
</line-field>
<text>Zweite Zeile mit Umlaut: </text>
<text>&#252;</text>
<text>.</text>
<paragraph-break/>
</paragraph>
</sequence>
</fot>
