<?xml version="1.0"?>
<fot>
<simple-page-sequence>
<simple-page-sequence.left-footer front="false">
<text>back</text>
</simple-page-sequence.left-footer>
<simple-page-sequence.left-footer front="true">
<text>front</text>
</simple-page-sequence.left-footer>
<simple-page-sequence.center-footer>
<page-number ref="0"/>
</simple-page-sequence.center-footer>
<simple-page-sequence.center-header first="false">
<sequence>
<text>Doc </text>
<page-number/>
</sequence>
</simple-page-sequence.center-header>
<simple-page-sequence.right-footer front="false" first="false">
<text>ob</text>
</simple-page-sequence.right-footer>
<simple-page-sequence.right-footer front="false" first="true">
<text>fb</text>
</simple-page-sequence.right-footer>
<simple-page-sequence.right-footer front="true" first="false">
<text>of</text>
</simple-page-sequence.right-footer>
<simple-page-sequence.right-footer front="true" first="true">
<text>ff</text>
</simple-page-sequence.right-footer>
<paragraph>
<a name="0"/>
<a name="1"/>
<text>Hello </text>
<text>&amp;</text>
<text> Welcome</text>
</paragraph>
<paragraph>
<a name="FIRST"/>
<text>First </text>
<sequence>
<a name="3"/>
<text>paragraph</text>
</sequence>
<text> with 5 </text>
<text>&lt;</text>
<text> 7.</text>
</paragraph>
<paragraph>
<a name="4"/>
<text>Zweite Zeile mit Umlaut: </text>
<text>&#252;</text>
<text>.</text>
</paragraph>
</simple-page-sequence>
</fot>
