<?xml version="1.0"?>
<fot>
<sequence>
<paragraph font-size="20pt" start-indent="10pt" line-spacing="24pt">
<a name="0"/>
<a name="1"/>
<text>Hello </text>
<text>&amp;</text>
<text> Welcome</text>
</paragraph>
<paragraph font-size="14pt" start-indent="5pt" quadding="start">
<a name="FIRST"/>
<line-field field-width="14pt">
<text>x</text>
</line-field>
<text>First </text>
<sequence font-size="28pt" font-posture="italic" end-indent="2pt">
<a name="3"/>
<text>paragraph</text>
</sequence>
<text> with 5 </text>
<text>&lt;</text>
<text> 7.</text>
</paragraph>
<paragraph font-size="14pt" start-indent="5pt" quadding="start">
<a name="4"/>
<line-field field-width="14pt">
<text>x</text>
</line-field>
<text>Zweite Zeile mit Umlaut: </text>
<text>&#252;</text>
<text>.</text>
</paragraph>
</sequence>
</fot>
