<?xml version="1.0"?>
<fot>
<sequence>
<paragraph font-size="24pt">
<display-group line-spacing="20pt" font-size="40pt">
<a name="0"/>
<a name="1"/>
<text>Hello </text>
<text>&amp;</text>
<text> Welcome</text>
</display-group>
</paragraph>
<paragraph font-size="24pt" line-spacing="36pt">
<a name="FIRST"/>
<text>First </text>
<sequence>
<a name="3"/>
<text>paragraph</text>
</sequence>
<text> with 5 </text>
<text>&lt;</text>
<text> 7.</text>
</paragraph>
<paragraph font-size="24pt" line-spacing="36pt">
<a name="4"/>
<text>Zweite Zeile mit Umlaut: </text>
<text>&#252;</text>
<text>.</text>
</paragraph>
</sequence>
</fot>
