<?xml version="1.0"?>
<fot>
<sequence>
<a name="0"/>
<a name="1"/>
<table width="400pt" space-before="6pt">
<table.before-row-border border-present="true"/>
<table.after-row-border line-thickness="2pt"/>
<table.before-column-border line-thickness="2pt"/>
<table.after-column-border line-thickness="3pt"/>
<table-column column-number="1" width="100pt"/>
<table-column column-number="2" n-columns-spanned="2" width="150pt" font-weight="bold"/>
<table-part keep-with-next="true">
<table-part.principal>
<table-row>
<sequence font-posture="italic">
<table-cell column-number="1">
<table-cell.before-row-border border-present="false"/>
<table-cell.after-row-border border-present="false"/>
<table-cell.before-column-border border-present="false"/>
<table-cell.after-column-border border-present="false"/>
<a name="2"/>
<a name="3"/>
<a name="4"/>
<text>a1</text>
</table-cell>
</sequence>
<sequence font-posture="italic">
<table-cell column-number="2">
<table-cell.before-row-border border-present="false"/>
<table-cell.after-row-border border-present="false"/>
<table-cell.before-column-border border-present="false"/>
<table-cell.after-column-border border-present="false"/>
<a name="5"/>
<text>b1</text>
</table-cell>
</sequence>
<sequence font-posture="italic">
<table-cell column-number="3">
<table-cell.before-row-border border-present="false"/>
<table-cell.after-row-border border-present="false"/>
<table-cell.before-column-border border-present="false"/>
<table-cell.after-column-border border-present="false"/>
<a name="6"/>
<text>c1</text>
</table-cell>
</sequence>
<sequence font-posture="italic">
<table-cell column-number="0">
<table-cell.before-row-border border-present="false"/>
<table-cell.after-row-border border-present="false"/>
<table-cell.before-column-border border-present="false"/>
<table-cell.after-column-border border-present="false"/>
</table-cell>
</sequence>
</table-row>
<table-row>
<sequence font-posture="italic">
<table-cell column-number="1">
<table-cell.before-row-border border-present="false"/>
<table-cell.after-row-border border-present="false"/>
<table-cell.before-column-border border-present="false"/>
<table-cell.after-column-border border-present="false"/>
<a name="7"/>
<a name="8"/>
<text>a2</text>
</table-cell>
</sequence>
<sequence font-posture="italic">
<table-cell column-number="2" n-columns-spanned="2">
<table-cell.before-row-border border-present="false"/>
<table-cell.after-row-border border-present="false"/>
<table-cell.before-column-border border-present="true"/>
<table-cell.after-column-border border-present="false"/>
<a name="9"/>
<text>bc2</text>
</table-cell>
</sequence>
<sequence font-posture="italic">
<table-cell column-number="0">
<table-cell.before-row-border border-present="false"/>
<table-cell.after-row-border border-present="false"/>
<table-cell.before-column-border border-present="false"/>
<table-cell.after-column-border border-present="false"/>
</table-cell>
</sequence>
</table-row>
<table-row>
<sequence font-posture="italic">
<table-cell column-number="1" n-rows-spanned="2">
<table-cell.before-row-border border-present="false"/>
<table-cell.after-row-border/>
<table-cell.before-column-border border-present="false"/>
<table-cell.after-column-border border-present="false"/>
<a name="10"/>
<a name="11"/>
<text>a3</text>
</table-cell>
</sequence>
<sequence font-posture="italic">
<table-cell column-number="2">
<table-cell.before-row-border border-present="false"/>
<table-cell.after-row-border border-present="false"/>
<table-cell.before-column-border border-present="false"/>
<table-cell.after-column-border border-present="false"/>
<a name="12"/>
<text>b3</text>
</table-cell>
</sequence>
<sequence font-posture="italic">
<table-cell column-number="3">
<table-cell.before-row-border border-present="false"/>
<table-cell.after-row-border border-present="false"/>
<table-cell.before-column-border border-present="false"/>
<table-cell.after-column-border border-present="false"/>
<a name="13"/>
<text>c3</text>
</table-cell>
</sequence>
<sequence font-posture="italic">
<table-cell column-number="0">
<table-cell.before-row-border border-present="false"/>
<table-cell.after-row-border border-present="false"/>
<table-cell.before-column-border border-present="false"/>
<table-cell.after-column-border border-present="false"/>
</table-cell>
</sequence>
</table-row>
<table-row>
<sequence font-posture="italic">
<table-cell column-number="1">
<table-cell.before-row-border border-present="false"/>
<table-cell.after-row-border border-present="false"/>
<table-cell.before-column-border border-present="false"/>
<table-cell.after-column-border border-present="false"/>
<a name="14"/>
<a name="15"/>
<text>b4</text>
</table-cell>
</sequence>
<sequence font-posture="italic">
<table-cell column-number="2">
<table-cell.before-row-border border-present="false"/>
<table-cell.after-row-border border-present="false"/>
<table-cell.before-column-border border-present="false"/>
<table-cell.after-column-border border-present="false"/>
<a name="16"/>
<text>c4</text>
</table-cell>
</sequence>
<sequence font-posture="italic">
<table-cell column-number="3">
<table-cell.before-row-border border-present="false"/>
<table-cell.after-row-border border-present="false"/>
<table-cell.before-column-border border-present="false"/>
<table-cell.after-column-border border-present="false"/>
</table-cell>
</sequence>
<sequence font-posture="italic">
<table-cell column-number="0">
<table-cell.before-row-border border-present="false"/>
<table-cell.after-row-border border-present="false"/>
<table-cell.before-column-border border-present="false"/>
<table-cell.after-column-border border-present="false"/>
</table-cell>
</sequence>
</table-row>
</table-part.principal>
<table-part.header>
</table-part.header>
<table-part.footer>
</table-part.footer>
</table-part>
</table>
<a name="17"/>
<table minimum-width="true">
<table.before-row-border border-present="false"/>
<table.after-row-border border-present="false"/>
<table.before-column-border border-present="false"/>
<table.after-column-border border-present="false"/>
<table-column column-number="1" width="80pt"/>
<table-row>
<sequence>
<sequence font-posture="italic">
<table-cell column-number="1">
<table-cell.before-row-border border-present="true"/>
<table-cell.after-row-border border-present="false"/>
<table-cell.before-column-border border-present="false"/>
<table-cell.after-column-border border-present="false"/>
<a name="18"/>
<a name="19"/>
<text>x1</text>
</table-cell>
</sequence>
</sequence>
<sequence font-posture="italic">
<table-cell column-number="2">
<table-cell.before-row-border border-present="true"/>
<table-cell.after-row-border border-present="false"/>
<table-cell.before-column-border border-present="false"/>
<table-cell.after-column-border border-present="false"/>
<a name="20"/>
<text>y1</text>
</table-cell>
</sequence>
<sequence font-posture="italic">
<table-cell column-number="0">
<table-cell.before-row-border border-present="true"/>
<table-cell.after-row-border border-present="false"/>
<table-cell.before-column-border border-present="false"/>
<table-cell.after-column-border border-present="false"/>
</table-cell>
</sequence>
</table-row>
<table-row>
<sequence>
<sequence font-posture="italic">
<table-cell column-number="1">
<table-cell.before-row-border border-present="true"/>
<table-cell.after-row-border border-present="false"/>
<table-cell.before-column-border border-present="false"/>
<table-cell.after-column-border border-present="false"/>
<a name="21"/>
<a name="22"/>
<text>x2</text>
</table-cell>
</sequence>
</sequence>
<sequence font-posture="italic">
<table-cell column-number="2">
<table-cell.before-row-border border-present="true"/>
<table-cell.after-row-border border-present="false"/>
<table-cell.before-column-border border-present="false"/>
<table-cell.after-column-border border-present="false"/>
<a name="23"/>
<text>y2</text>
</table-cell>
</sequence>
<sequence font-posture="italic">
<table-cell column-number="0">
<table-cell.before-row-border border-present="true"/>
<table-cell.after-row-border border-present="false"/>
<table-cell.before-column-border border-present="false"/>
<table-cell.after-column-border border-present="false"/>
</table-cell>
</sequence>
</table-row>
</table>
<a name="24"/>
<table>
<table.before-row-border border-present="false"/>
<table.after-row-border border-present="false"/>
<table.before-column-border border-present="false"/>
<table.after-column-border border-present="false"/>
<table-row>
<table-cell column-number="1">
<table-cell.before-row-border border-present="false"/>
<table-cell.after-row-border border-present="false"/>
<table-cell.before-column-border border-present="false"/>
<table-cell.after-column-border border-present="false"/>
<a name="25"/>
<text>k1</text>
</table-cell>
<table-cell column-number="2">
<table-cell.before-row-border border-present="false"/>
<table-cell.after-row-border border-present="false"/>
<table-cell.before-column-border border-present="false"/>
<table-cell.after-column-border border-present="false"/>
<a name="26"/>
<text>k2</text>
</table-cell>
<table-cell column-number="0">
<table-cell.before-row-border border-present="false"/>
<table-cell.after-row-border border-present="false"/>
<table-cell.before-column-border border-present="false"/>
<table-cell.after-column-border border-present="false"/>
</table-cell>
</table-row>
<table-row>
<table-cell column-number="1">
<table-cell.before-row-border border-present="false"/>
<table-cell.after-row-border border-present="false"/>
<table-cell.before-column-border border-present="false"/>
<table-cell.after-column-border border-present="false"/>
<a name="27"/>
<text>k3</text>
</table-cell>
<table-cell column-number="2">
<table-cell.before-row-border border-present="false"/>
<table-cell.after-row-border border-present="false"/>
<table-cell.before-column-border border-present="false"/>
<table-cell.after-column-border border-present="false"/>
<a name="28"/>
<text>k4</text>
</table-cell>
<table-cell column-number="0">
<table-cell.before-row-border border-present="false"/>
<table-cell.after-row-border border-present="false"/>
<table-cell.before-column-border border-present="false"/>
<table-cell.after-column-border border-present="false"/>
</table-cell>
</table-row>
</table>
</sequence>
</fot>
