<?xml version="1.0"?>
<fot>
<sequence color="#FF0080" background-color="#404040">
<a name="0"/>
<a name="1"/>
<table space-before="6pt,2pt,10pt" space-before-priority="2" space-before-conditional="false" space-after="4pt" space-after-priority="force" color="#CCB399" background-color="false">
<table.before-row-border border-present="false"/>
<table.after-row-border border-present="false"/>
<table.before-column-border border-present="false"/>
<table.after-column-border border-present="false"/>
<table-column column-number="1" width="1.00*"/>
<table-column column-number="2" width="50pt+2.00*"/>
<table-column column-number="3" width="150.00%"/>
<table-part>
<table-part.principal>
<table-row>
<sequence>
<table-cell column-number="1" color="#CCB399">
<table-cell.before-row-border border-present="false"/>
<table-cell.after-row-border border-present="false"/>
<table-cell.before-column-border border-present="false"/>
<table-cell.after-column-border border-present="false"/>
<a name="2"/>
<a name="3"/>
<a name="4"/>
<text>a1</text>
</table-cell>
</sequence>
<sequence>
<table-cell column-number="2" color="#CCB399">
<table-cell.before-row-border border-present="false"/>
<table-cell.after-row-border border-present="false"/>
<table-cell.before-column-border border-present="false"/>
<table-cell.after-column-border border-present="false"/>
<a name="5"/>
<text>b1</text>
</table-cell>
</sequence>
<sequence>
<table-cell column-number="3" color="#CCB399">
<table-cell.before-row-border border-present="false"/>
<table-cell.after-row-border border-present="false"/>
<table-cell.before-column-border border-present="false"/>
<table-cell.after-column-border border-present="false"/>
<a name="6"/>
<text>c1</text>
</table-cell>
</sequence>
<sequence>
<table-cell column-number="0">
<table-cell.before-row-border border-present="false"/>
<table-cell.after-row-border border-present="false"/>
<table-cell.before-column-border border-present="false"/>
<table-cell.after-column-border border-present="false"/>
</table-cell>
</sequence>
</table-row>
<table-row>
<sequence>
<table-cell column-number="1" color="#CCB399">
<table-cell.before-row-border border-present="false"/>
<table-cell.after-row-border border-present="false"/>
<table-cell.before-column-border border-present="false"/>
<table-cell.after-column-border border-present="false"/>
<a name="7"/>
<a name="8"/>
<text>a2</text>
</table-cell>
</sequence>
<sequence>
<table-cell column-number="2" n-columns-spanned="2">
<table-cell.before-row-border border-present="false"/>
<table-cell.after-row-border border-present="false"/>
<table-cell.before-column-border border-present="false"/>
<table-cell.after-column-border border-present="false"/>
<a name="9"/>
<text>bc2</text>
</table-cell>
</sequence>
<sequence>
<table-cell column-number="0">
<table-cell.before-row-border border-present="false"/>
<table-cell.after-row-border border-present="false"/>
<table-cell.before-column-border border-present="false"/>
<table-cell.after-column-border border-present="false"/>
</table-cell>
</sequence>
</table-row>
<table-row>
<sequence>
<table-cell column-number="1" n-rows-spanned="2">
<table-cell.before-row-border border-present="false"/>
<table-cell.after-row-border border-present="false"/>
<table-cell.before-column-border border-present="false"/>
<table-cell.after-column-border border-present="false"/>
<a name="10"/>
<a name="11"/>
<text>a3</text>
</table-cell>
</sequence>
<sequence>
<table-cell column-number="2" color="#CCB399">
<table-cell.before-row-border border-present="false"/>
<table-cell.after-row-border border-present="false"/>
<table-cell.before-column-border border-present="false"/>
<table-cell.after-column-border border-present="false"/>
<a name="12"/>
<text>b3</text>
</table-cell>
</sequence>
<sequence>
<table-cell column-number="3" color="#CCB399">
<table-cell.before-row-border border-present="false"/>
<table-cell.after-row-border border-present="false"/>
<table-cell.before-column-border border-present="false"/>
<table-cell.after-column-border border-present="false"/>
<a name="13"/>
<text>c3</text>
</table-cell>
</sequence>
<sequence>
<table-cell column-number="0">
<table-cell.before-row-border border-present="false"/>
<table-cell.after-row-border border-present="false"/>
<table-cell.before-column-border border-present="false"/>
<table-cell.after-column-border border-present="false"/>
</table-cell>
</sequence>
</table-row>
<table-row>
<sequence>
<table-cell column-number="1" color="#CCB399">
<table-cell.before-row-border border-present="false"/>
<table-cell.after-row-border border-present="false"/>
<table-cell.before-column-border border-present="false"/>
<table-cell.after-column-border border-present="false"/>
<a name="14"/>
<a name="15"/>
<text>b4</text>
</table-cell>
</sequence>
<sequence>
<table-cell column-number="2" color="#CCB399">
<table-cell.before-row-border border-present="false"/>
<table-cell.after-row-border border-present="false"/>
<table-cell.before-column-border border-present="false"/>
<table-cell.after-column-border border-present="false"/>
<a name="16"/>
<text>c4</text>
</table-cell>
</sequence>
<sequence>
<table-cell column-number="3">
<table-cell.before-row-border border-present="false"/>
<table-cell.after-row-border border-present="false"/>
<table-cell.before-column-border border-present="false"/>
<table-cell.after-column-border border-present="false"/>
</table-cell>
</sequence>
<sequence>
<table-cell column-number="0">
<table-cell.before-row-border border-present="false"/>
<table-cell.after-row-border border-present="false"/>
<table-cell.before-column-border border-present="false"/>
<table-cell.after-column-border border-present="false"/>
</table-cell>
</sequence>
</table-row>
</table-part.principal>
<table-part.header>
</table-part.header>
<table-part.footer>
</table-part.footer>
</table-part>
</table>
<a name="17"/>
<table space-before="12pt+" min-leading="2pt" min-pre-line-spacing"false">
<table.before-row-border border-present="false"/>
<table.after-row-border border-present="false"/>
<table.before-column-border border-present="false"/>
<table.after-column-border border-present="false"/>
<table-row>
<sequence>
<table-cell column-number="1" color="#FF0080">
<table-cell.before-row-border border-present="false"/>
<table-cell.after-row-border border-present="false"/>
<table-cell.before-column-border border-present="false"/>
<table-cell.after-column-border border-present="false"/>
<a name="18"/>
<a name="19"/>
<text>x1</text>
</table-cell>
</sequence>
<sequence>
<table-cell column-number="2" color="#FF0080">
<table-cell.before-row-border border-present="false"/>
<table-cell.after-row-border border-present="false"/>
<table-cell.before-column-border border-present="false"/>
<table-cell.after-column-border border-present="false"/>
<a name="20"/>
<text>y1</text>
</table-cell>
</sequence>
<sequence>
<table-cell column-number="0">
<table-cell.before-row-border border-present="false"/>
<table-cell.after-row-border border-present="false"/>
<table-cell.before-column-border border-present="false"/>
<table-cell.after-column-border border-present="false"/>
</table-cell>
</sequence>
</table-row>
<table-row>
<sequence>
<table-cell column-number="1" color="#FF0080">
<table-cell.before-row-border border-present="false"/>
<table-cell.after-row-border border-present="false"/>
<table-cell.before-column-border border-present="false"/>
<table-cell.after-column-border border-present="false"/>
<a name="21"/>
<a name="22"/>
<text>x2</text>
</table-cell>
</sequence>
<sequence>
<table-cell column-number="2" color="#FF0080">
<table-cell.before-row-border border-present="false"/>
<table-cell.after-row-border border-present="false"/>
<table-cell.before-column-border border-present="false"/>
<table-cell.after-column-border border-present="false"/>
<a name="23"/>
<text>y2</text>
</table-cell>
</sequence>
<sequence>
<table-cell column-number="0">
<table-cell.before-row-border border-present="false"/>
<table-cell.after-row-border border-present="false"/>
<table-cell.before-column-border border-present="false"/>
<table-cell.after-column-border border-present="false"/>
</table-cell>
</sequence>
</table-row>
</table>
<sequence color="#442C12" background-color="#404040">
<paragraph background-color="#150D09" escapement-space-before="3pt,1pt,5pt escapement-space-after="2pt min-leading"false">
<paragraph color="#4D3C3A">
<a name="24"/>
<a name="25"/>
<text>k1</text>
</paragraph>
<paragraph color="#4D3C3A">
<a name="26"/>
<text>k2</text>
</paragraph>
<paragraph color="#4D3C3A">
<a name="27"/>
<text>k3</text>
</paragraph>
<paragraph color="#4D3C3A">
<a name="28"/>
<text>k4</text>
</paragraph>
</paragraph>
</sequence>
</sequence>
</fot>
