PROG:useloss.dsl:3:47:X: reference to non-existent ID "OTHER"
PROG:useloss.dsl:3:36:X: reference to non-existent ID "NOSUCHPART"
PROG:useloss.dsl:3:36:E: no style-specification or external-specification with ID "NOSUCHPART"
PROG:useloss.dsl:3:47:E: no style-specification or external-specification with ID "OTHER"
xrc=0
