GROVEROOT parent=EMPTY
GROVEROOT origin=EMPTY
GROVEROOT grove-root=sgml-document
GROVEROOT tree-root=sgml-document
GROVEROOT anc-doc=EMPTY
GROVEROOT have-anc-doc=NO
GROVEROOT child-number=#f
GROVEROOT first-sib=NO
GROVEROOT last-sib=NO
GROVEROOT abs-first-sib=NO
GROVEROOT abs-last-sib=YES
GROVEROOT gi-of-parent=EMPTY
DOCELEM parent=EMPTY
DOCELEM origin=sgml-document
DOCELEM grove-root=sgml-document
DOCELEM tree-root=element
DOCELEM anc-doc=EMPTY
DOCELEM have-anc-doc=NO
DOCELEM child-number=1
DOCELEM first-sib=NO
DOCELEM last-sib=YES
DOCELEM abs-first-sib=NO
DOCELEM abs-last-sib=YES
DOCELEM gi-of-parent=EMPTY
TITLE parent=element
TITLE origin=element
TITLE grove-root=sgml-document
TITLE tree-root=element
TITLE anc-doc=element
TITLE have-anc-doc=YES
TITLE child-number=1
TITLE first-sib=YES
TITLE last-sib=YES
TITLE abs-first-sib=YES
TITLE abs-last-sib=NO
TITLE gi-of-parent=DOC
EM parent=element
EM origin=element
EM grove-root=sgml-document
EM tree-root=element
EM anc-doc=element
EM have-anc-doc=YES
EM child-number=1
EM first-sib=YES
EM last-sib=YES
EM abs-first-sib=YES
EM abs-last-sib=YES
EM gi-of-parent=P
