len0=13
len3=10
len6=7
len13=0
first3=[s]
first6=element
first7=[ ]
data0=[First inner text.]
data3=[st inner text.]
data6=[inner text.]
data7=[ text.]
data12=[.]
ref5=[ ]
ref6=element
ref8=[t]
ref12=[.]
ref13=EMPTY
same3=YES
same8=YES
sel0=1
sel3=1
sel7=0
follow5=7
follow8=4
desc=18
desc6=element
desc7=[i]
desc-data=[First innerinner text.]
desc-rest=[inner text.]
