len1=1
cls1=sgml-document
gi1=LOADED
data1=first alphasecond
gi2=OTHER
cached=yes
distinct=no
vs-doc=no
kids1=2
desc1=20
root-of-s1=yes
treeroot-gi=LOADED
id-in-1=SEC
id-in-1-from-kid=SEC
id-in-2-from-1=yes
id-in-2=ITEM
id-in-doc=P
docid-in-1=yes
ent1=yes
ent1-in-doc=no
not1=n1.exe
not1-in-doc=#f
dt1=LOADED
elems1=2
elems-doc=1
addr-local-doc=no
addr-local-self=yes
