GROVEROOT class-name=sgml-document
GROVEROOT children-property-name=NULLACC
GROVEROOT data-property-name=NULLACC
GROVEROOT data-sep-property-name=NULLACC
GROVEROOT origin-to-subnode-rel-property-name=NULLACC
GROVEROOT subnode-property-names=(sgml-constants prolog epilog doctypes-and-linktypes document-element defaulted-entities)
GROVEROOT all-property-names=(class-name grove-root subnode-property-names all-property-names children-property-name data-property-name data-sep-property-name parent tree-root origin origin-to-subnode-rel-property-name sgml-constants application-info prolog epilog governing-doctype doctypes-and-linktypes document-element elements entities defaulted-entities)
GROVEROOT parent=NULLACC
GROVEROOT content=NOTINCL
GROVEROOT gi=NOTINCL
GROVEROOT id=NOTINCL
GROVEROOT included?=NOTINCL
GROVEROOT must-omit-end-tag?=NOTINCL
GROVEROOT char=NOTINCL
GROVEROOT system-data=NOTINCL
GROVEROOT prolog=NL:1
GROVEROOT epilog=NL:1
GROVEROOT document-element=NL:1
GROVEROOT kids=0
GROVEROOT desc=0
GROVEROOT data=""
GROVEROOT rsib=1
GROVEROOT rcs-classnm=sgmldoc
GROVEROOT rcs-allpns=(classnm grovroot subpns allpns childpn datapn dseppn parent treeroot origin otsrelpn sgmlcsts appinfo prolog epilog govdt dtlts docelem elements entities dfltents)
GROVEROOT byrcs-classnm=sgml-document
GROVEROOT byrcs-subpns=(sgml-constants prolog epilog doctypes-and-linktypes document-element defaulted-entities)
GROVEROOT upper=sgml-document
GROVEROOT bogus=NOTINCL
GROVEROOT sbc-element=0
GROVEROOT sbc-data-char=0
GROVEROOT sbc-datachar=0
GROVEROOT sbc-sgmldoc=0
GROVEROOT sbc-pi=0
GROVEROOT sbc-bogus=0
GROVEROOT prolog-len=1
GROVEROOT epilog-len=1
PROLOGPI class-name=pi
PROLOGPI children-property-name=NULLACC
PROLOGPI data-property-name=NULLACC
PROLOGPI data-sep-property-name=NULLACC
PROLOGPI origin-to-subnode-rel-property-name=prolog
PROLOGPI subnode-property-names=()
PROLOGPI all-property-names=(class-name grove-root subnode-property-names all-property-names children-property-name data-property-name data-sep-property-name parent tree-root origin origin-to-subnode-rel-property-name system-data entity-name entity)
PROLOGPI parent=NULLACC
PROLOGPI content=NOTINCL
PROLOGPI gi=NOTINCL
PROLOGPI id=NOTINCL
PROLOGPI included?=NOTINCL
PROLOGPI must-omit-end-tag?=NOTINCL
PROLOGPI char=NOTINCL
PROLOGPI system-data="prolog-one?"
PROLOGPI prolog=NOTINCL
PROLOGPI epilog=NOTINCL
PROLOGPI document-element=NOTINCL
PROLOGPI kids=0
PROLOGPI desc=0
PROLOGPI data=""
PROLOGPI rsib=1
PROLOGPI rcs-classnm=pi
PROLOGPI rcs-allpns=(classnm grovroot subpns allpns childpn datapn dseppn parent treeroot origin otsrelpn sysdata entname entity)
PROLOGPI byrcs-classnm=pi
PROLOGPI byrcs-subpns=()
PROLOGPI upper=pi
PROLOGPI bogus=NOTINCL
PROLOGPI sbc-element=0
PROLOGPI sbc-data-char=0
PROLOGPI sbc-datachar=0
PROLOGPI sbc-sgmldoc=0
PROLOGPI sbc-pi=0
PROLOGPI sbc-bogus=0
EPILOGPI class-name=pi
EPILOGPI children-property-name=NULLACC
EPILOGPI data-property-name=NULLACC
EPILOGPI data-sep-property-name=NULLACC
EPILOGPI origin-to-subnode-rel-property-name=epilog
EPILOGPI subnode-property-names=()
EPILOGPI all-property-names=(class-name grove-root subnode-property-names all-property-names children-property-name data-property-name data-sep-property-name parent tree-root origin origin-to-subnode-rel-property-name system-data entity-name entity)
EPILOGPI parent=NULLACC
EPILOGPI content=NOTINCL
EPILOGPI gi=NOTINCL
EPILOGPI id=NOTINCL
EPILOGPI included?=NOTINCL
EPILOGPI must-omit-end-tag?=NOTINCL
EPILOGPI char=NOTINCL
EPILOGPI system-data="epilog-one?"
EPILOGPI prolog=NOTINCL
EPILOGPI epilog=NOTINCL
EPILOGPI document-element=NOTINCL
EPILOGPI kids=0
EPILOGPI desc=0
EPILOGPI data=""
EPILOGPI rsib=1
EPILOGPI rcs-classnm=pi
EPILOGPI rcs-allpns=(classnm grovroot subpns allpns childpn datapn dseppn parent treeroot origin otsrelpn sysdata entname entity)
EPILOGPI byrcs-classnm=pi
EPILOGPI byrcs-subpns=()
EPILOGPI upper=pi
EPILOGPI bogus=NOTINCL
EPILOGPI sbc-element=0
EPILOGPI sbc-data-char=0
EPILOGPI sbc-datachar=0
EPILOGPI sbc-sgmldoc=0
EPILOGPI sbc-pi=0
EPILOGPI sbc-bogus=0
DOCELEM class-name=element
DOCELEM children-property-name=content
DOCELEM data-property-name=NULLACC
DOCELEM data-sep-property-name=NULLACC
DOCELEM origin-to-subnode-rel-property-name=document-element
DOCELEM subnode-property-names=(attributes content)
DOCELEM all-property-names=(class-name grove-root subnode-property-names all-property-names children-property-name data-property-name data-sep-property-name parent tree-root origin origin-to-subnode-rel-property-name gi id attributes content included? must-omit-end-tag? element-type)
DOCELEM parent=NULLACC
DOCELEM content=NL:4
DOCELEM gi="DOC"
DOCELEM id=NULLACC
DOCELEM included?=#f
DOCELEM must-omit-end-tag?=#f
DOCELEM char=NOTINCL
DOCELEM system-data=NOTINCL
DOCELEM prolog=NOTINCL
DOCELEM epilog=NOTINCL
DOCELEM document-element=NOTINCL
DOCELEM kids=4
DOCELEM desc=39
DOCELEM data="PropsFirst inner text.IncSecond."
DOCELEM rsib=1
DOCELEM rcs-classnm=element
DOCELEM rcs-allpns=(classnm grovroot subpns allpns childpn datapn dseppn parent treeroot origin otsrelpn gi id atts content included momitend elemtype)
DOCELEM byrcs-classnm=element
DOCELEM byrcs-subpns=(attributes content)
DOCELEM upper=element
DOCELEM bogus=NOTINCL
DOCELEM sbc-element=4
DOCELEM sbc-data-char=0
DOCELEM sbc-datachar=0
DOCELEM sbc-sgmldoc=0
DOCELEM sbc-pi=0
DOCELEM sbc-bogus=0
TITLE class-name=element
TITLE children-property-name=content
TITLE data-property-name=NULLACC
TITLE data-sep-property-name=NULLACC
TITLE origin-to-subnode-rel-property-name=content
TITLE subnode-property-names=(attributes content)
TITLE all-property-names=(class-name grove-root subnode-property-names all-property-names children-property-name data-property-name data-sep-property-name parent tree-root origin origin-to-subnode-rel-property-name gi id attributes content included? must-omit-end-tag? element-type)
TITLE parent=NL:1
TITLE content=NL:5
TITLE gi="TITLE"
TITLE id=NULLACC
TITLE included?=#f
TITLE must-omit-end-tag?=#f
TITLE char=NOTINCL
TITLE system-data=NOTINCL
TITLE prolog=NOTINCL
TITLE epilog=NOTINCL
TITLE document-element=NOTINCL
TITLE kids=5
TITLE desc=5
TITLE data="Props"
TITLE rsib=4
TITLE rcs-classnm=element
TITLE rcs-allpns=(classnm grovroot subpns allpns childpn datapn dseppn parent treeroot origin otsrelpn gi id atts content included momitend elemtype)
TITLE byrcs-classnm=element
TITLE byrcs-subpns=(attributes content)
TITLE upper=element
TITLE bogus=NOTINCL
TITLE sbc-element=0
TITLE sbc-data-char=5
TITLE sbc-datachar=5
TITLE sbc-sgmldoc=0
TITLE sbc-pi=0
TITLE sbc-bogus=0
P class-name=element
P children-property-name=content
P data-property-name=NULLACC
P data-sep-property-name=NULLACC
P origin-to-subnode-rel-property-name=content
P subnode-property-names=(attributes content)
P all-property-names=(class-name grove-root subnode-property-names all-property-names children-property-name data-property-name data-sep-property-name parent tree-root origin origin-to-subnode-rel-property-name gi id attributes content included? must-omit-end-tag? element-type)
P parent=NL:1
P content=NL:15
P gi="P"
P id="FIRST"
P included?=#f
P must-omit-end-tag?=#f
P char=NOTINCL
P system-data=NOTINCL
P prolog=NOTINCL
P epilog=NOTINCL
P document-element=NOTINCL
P kids=15
P desc=20
P data="First inner text."
P rsib=4
P rcs-classnm=element
P rcs-allpns=(classnm grovroot subpns allpns childpn datapn dseppn parent treeroot origin otsrelpn gi id atts content included momitend elemtype)
P byrcs-classnm=element
P byrcs-subpns=(attributes content)
P upper=element
P bogus=NOTINCL
P sbc-element=3
P sbc-data-char=12
P sbc-datachar=12
P sbc-sgmldoc=0
P sbc-pi=0
P sbc-bogus=0
CHARNODE class-name=data-char
CHARNODE children-property-name=NULLACC
CHARNODE data-property-name=char
CHARNODE data-sep-property-name=NULLACC
CHARNODE origin-to-subnode-rel-property-name=content
CHARNODE subnode-property-names=()
CHARNODE all-property-names=(class-name grove-root subnode-property-names all-property-names children-property-name data-property-name data-sep-property-name parent tree-root origin origin-to-subnode-rel-property-name char)
CHARNODE parent=NL:1
CHARNODE content=NOTINCL
CHARNODE gi=NOTINCL
CHARNODE id=NOTINCL
CHARNODE included?=NOTINCL
CHARNODE must-omit-end-tag?=NOTINCL
CHARNODE char=#\F
CHARNODE system-data=NOTINCL
CHARNODE prolog=NOTINCL
CHARNODE epilog=NOTINCL
CHARNODE document-element=NOTINCL
CHARNODE kids=0
CHARNODE desc=0
CHARNODE data="F"
CHARNODE rsib=15
CHARNODE rcs-classnm=datachar
CHARNODE rcs-allpns=(classnm grovroot subpns allpns childpn datapn dseppn parent treeroot origin otsrelpn char)
CHARNODE byrcs-classnm=data-char
CHARNODE byrcs-subpns=()
CHARNODE upper=data-char
CHARNODE bogus=NOTINCL
CHARNODE sbc-element=0
CHARNODE sbc-data-char=0
CHARNODE sbc-datachar=0
CHARNODE sbc-sgmldoc=0
CHARNODE sbc-pi=0
CHARNODE sbc-bogus=0
EM class-name=element
EM children-property-name=content
EM data-property-name=NULLACC
EM data-sep-property-name=NULLACC
EM origin-to-subnode-rel-property-name=content
EM subnode-property-names=(attributes content)
EM all-property-names=(class-name grove-root subnode-property-names all-property-names children-property-name data-property-name data-sep-property-name parent tree-root origin origin-to-subnode-rel-property-name gi id attributes content included? must-omit-end-tag? element-type)
EM parent=NL:1
EM content=NL:5
EM gi="EM"
EM id=NULLACC
EM included?=#f
EM must-omit-end-tag?=#f
EM char=NOTINCL
EM system-data=NOTINCL
EM prolog=NOTINCL
EM epilog=NOTINCL
EM document-element=NOTINCL
EM kids=5
EM desc=5
EM data="inner"
EM rsib=15
EM rcs-classnm=element
EM rcs-allpns=(classnm grovroot subpns allpns childpn datapn dseppn parent treeroot origin otsrelpn gi id atts content included momitend elemtype)
EM byrcs-classnm=element
EM byrcs-subpns=(attributes content)
EM upper=element
EM bogus=NOTINCL
EM sbc-element=0
EM sbc-data-char=5
EM sbc-datachar=5
EM sbc-sgmldoc=0
EM sbc-pi=0
EM sbc-bogus=0
BR class-name=element
BR children-property-name=content
BR data-property-name=NULLACC
BR data-sep-property-name=NULLACC
BR origin-to-subnode-rel-property-name=content
BR subnode-property-names=(attributes content)
BR all-property-names=(class-name grove-root subnode-property-names all-property-names children-property-name data-property-name data-sep-property-name parent tree-root origin origin-to-subnode-rel-property-name gi id attributes content included? must-omit-end-tag? element-type)
BR parent=NL:1
BR content=NL:0
BR gi="BR"
BR id=NULLACC
BR included?=#f
BR must-omit-end-tag?=#t
BR char=NOTINCL
BR system-data=NOTINCL
BR prolog=NOTINCL
BR epilog=NOTINCL
BR document-element=NOTINCL
BR kids=0
BR desc=0
BR data=""
BR rsib=15
BR rcs-classnm=element
BR rcs-allpns=(classnm grovroot subpns allpns childpn datapn dseppn parent treeroot origin otsrelpn gi id atts content included momitend elemtype)
BR byrcs-classnm=element
BR byrcs-subpns=(attributes content)
BR upper=element
BR bogus=NOTINCL
BR sbc-element=0
BR sbc-data-char=0
BR sbc-datachar=0
BR sbc-sgmldoc=0
BR sbc-pi=0
BR sbc-bogus=0
REF class-name=element
REF children-property-name=content
REF data-property-name=NULLACC
REF data-sep-property-name=NULLACC
REF origin-to-subnode-rel-property-name=content
REF subnode-property-names=(attributes content)
REF all-property-names=(class-name grove-root subnode-property-names all-property-names children-property-name data-property-name data-sep-property-name parent tree-root origin origin-to-subnode-rel-property-name gi id attributes content included? must-omit-end-tag? element-type)
REF parent=NL:1
REF content=NL:0
REF gi="REF"
REF id=NULLACC
REF included?=#f
REF must-omit-end-tag?=#t
REF char=NOTINCL
REF system-data=NOTINCL
REF prolog=NOTINCL
REF epilog=NOTINCL
REF document-element=NOTINCL
REF kids=0
REF desc=0
REF data=""
REF rsib=15
REF rcs-classnm=element
REF rcs-allpns=(classnm grovroot subpns allpns childpn datapn dseppn parent treeroot origin otsrelpn gi id atts content included momitend elemtype)
REF byrcs-classnm=element
REF byrcs-subpns=(attributes content)
REF upper=element
REF bogus=NOTINCL
REF sbc-element=0
REF sbc-data-char=0
REF sbc-datachar=0
REF sbc-sgmldoc=0
REF sbc-pi=0
REF sbc-bogus=0
NOTE class-name=element
NOTE children-property-name=content
NOTE data-property-name=NULLACC
NOTE data-sep-property-name=NULLACC
NOTE origin-to-subnode-rel-property-name=content
NOTE subnode-property-names=(attributes content)
NOTE all-property-names=(class-name grove-root subnode-property-names all-property-names children-property-name data-property-name data-sep-property-name parent tree-root origin origin-to-subnode-rel-property-name gi id attributes content included? must-omit-end-tag? element-type)
NOTE parent=NL:1
NOTE content=NL:3
NOTE gi="NOTE"
NOTE id=NULLACC
NOTE included?=#t
NOTE must-omit-end-tag?=#f
NOTE char=NOTINCL
NOTE system-data=NOTINCL
NOTE prolog=NOTINCL
NOTE epilog=NOTINCL
NOTE document-element=NOTINCL
NOTE kids=3
NOTE desc=3
NOTE data="Inc"
NOTE rsib=4
NOTE rcs-classnm=element
NOTE rcs-allpns=(classnm grovroot subpns allpns childpn datapn dseppn parent treeroot origin otsrelpn gi id atts content included momitend elemtype)
NOTE byrcs-classnm=element
NOTE byrcs-subpns=(attributes content)
NOTE upper=element
NOTE bogus=NOTINCL
NOTE sbc-element=0
NOTE sbc-data-char=3
NOTE sbc-datachar=3
NOTE sbc-sgmldoc=0
NOTE sbc-pi=0
NOTE sbc-bogus=0
P class-name=element
P children-property-name=content
P data-property-name=NULLACC
P data-sep-property-name=NULLACC
P origin-to-subnode-rel-property-name=content
P subnode-property-names=(attributes content)
P all-property-names=(class-name grove-root subnode-property-names all-property-names children-property-name data-property-name data-sep-property-name parent tree-root origin origin-to-subnode-rel-property-name gi id attributes content included? must-omit-end-tag? element-type)
P parent=NL:1
P content=NL:7
P gi="P"
P id=NULLACC
P included?=#f
P must-omit-end-tag?=#f
P char=NOTINCL
P system-data=NOTINCL
P prolog=NOTINCL
P epilog=NOTINCL
P document-element=NOTINCL
P kids=7
P desc=7
P data="Second."
P rsib=4
P rcs-classnm=element
P rcs-allpns=(classnm grovroot subpns allpns childpn datapn dseppn parent treeroot origin otsrelpn gi id atts content included momitend elemtype)
P byrcs-classnm=element
P byrcs-subpns=(attributes content)
P upper=element
P bogus=NOTINCL
P sbc-element=0
P sbc-data-char=7
P sbc-datachar=7
P sbc-sgmldoc=0
P sbc-pi=0
P sbc-bogus=0
CHARNODE class-name=data-char
CHARNODE children-property-name=NULLACC
CHARNODE data-property-name=char
CHARNODE data-sep-property-name=NULLACC
CHARNODE origin-to-subnode-rel-property-name=content
CHARNODE subnode-property-names=()
CHARNODE all-property-names=(class-name grove-root subnode-property-names all-property-names children-property-name data-property-name data-sep-property-name parent tree-root origin origin-to-subnode-rel-property-name char)
CHARNODE parent=NL:1
CHARNODE content=NOTINCL
CHARNODE gi=NOTINCL
CHARNODE id=NOTINCL
CHARNODE included?=NOTINCL
CHARNODE must-omit-end-tag?=NOTINCL
CHARNODE char=#\S
CHARNODE system-data=NOTINCL
CHARNODE prolog=NOTINCL
CHARNODE epilog=NOTINCL
CHARNODE document-element=NOTINCL
CHARNODE kids=0
CHARNODE desc=0
CHARNODE data="S"
CHARNODE rsib=7
CHARNODE rcs-classnm=datachar
CHARNODE rcs-allpns=(classnm grovroot subpns allpns childpn datapn dseppn parent treeroot origin otsrelpn char)
CHARNODE byrcs-classnm=data-char
CHARNODE byrcs-subpns=()
CHARNODE upper=data-char
CHARNODE bogus=NOTINCL
CHARNODE sbc-element=0
CHARNODE sbc-data-char=0
CHARNODE sbc-datachar=0
CHARNODE sbc-sgmldoc=0
CHARNODE sbc-pi=0
CHARNODE sbc-bogus=0
