doc-nnl len=4
doc-nnl nnl?=#t
doc-nnl names=("LANG" "VERSION" "STATE" "FIXED")
doc-nnl norm-id="ID"
doc-nnl norm-ID="ID"
p1-nnl len=5
p1-nnl nnl?=#t
p1-nnl names=("ID" "REFS" "WORDS" "N" "KIND")
p1-nnl norm-id="ID"
p1-nnl norm-ID="ID"
f1-nnl len=3
f1-nnl nnl?=#t
f1-nnl names=("FILE" "MORE" "FORM")
f1-nnl norm-id="ID"
f1-nnl norm-ID="ID"
f2-nnl len=3
f2-nnl nnl?=#t
f2-nnl names=("FILE" "MORE" "FORM")
f2-nnl norm-id="ID"
f2-nnl norm-ID="ID"
doc-lang class-name=attribute-assignment
doc-lang name="LANG"
doc-lang implied?=#f
doc-lang token-sep=NULLACC
doc-lang value=NL:2
doc-lang attribute-def=NOTINCL
doc-lang children-property-name=value
doc-lang data-property-name=NULLACC
doc-lang data-sep-property-name=token-sep
doc-lang origin-to-subnode-rel-property-name=attributes
doc-lang subnode-property-names=(value)
doc-lang all-property-names=(class-name grove-root subnode-property-names all-property-names children-property-name data-property-name data-sep-property-name parent tree-root origin origin-to-subnode-rel-property-name attribute-def value name implied? token-sep)
doc-lang parent=NULLACC
doc-lang origin-cn=element
doc-lang origin-gi="DOC"
doc-lang data="de"
doc-lang kids=2
doc-lang desc=2
doc-lang preced=0
doc-lang follow=3
doc-lang child-num=#f
doc-lang first-sib=#f
doc-lang last-sib=#f
doc-lang abs-first-sib=#t
doc-lang tree-root-cn=attribute-assignment
doc-version class-name=attribute-assignment
doc-version name="VERSION"
doc-version implied?=#f
doc-version token-sep=NULLACC
doc-version value=NL:3
doc-version attribute-def=NOTINCL
doc-version children-property-name=value
doc-version data-property-name=NULLACC
doc-version data-sep-property-name=token-sep
doc-version origin-to-subnode-rel-property-name=attributes
doc-version subnode-property-names=(value)
doc-version all-property-names=(class-name grove-root subnode-property-names all-property-names children-property-name data-property-name data-sep-property-name parent tree-root origin origin-to-subnode-rel-property-name attribute-def value name implied? token-sep)
doc-version parent=NULLACC
doc-version origin-cn=element
doc-version origin-gi="DOC"
doc-version data="1.0"
doc-version kids=3
doc-version desc=3
doc-version preced=1
doc-version follow=2
doc-version child-num=#f
doc-version first-sib=#f
doc-version last-sib=#f
doc-version abs-first-sib=#t
doc-version tree-root-cn=attribute-assignment
doc-state class-name=attribute-assignment
doc-state name="STATE"
doc-state implied?=#f
doc-state token-sep=NULLACC
doc-state value=NL:1
doc-state attribute-def=NOTINCL
doc-state children-property-name=value
doc-state data-property-name=NULLACC
doc-state data-sep-property-name=token-sep
doc-state origin-to-subnode-rel-property-name=attributes
doc-state subnode-property-names=(value)
doc-state all-property-names=(class-name grove-root subnode-property-names all-property-names children-property-name data-property-name data-sep-property-name parent tree-root origin origin-to-subnode-rel-property-name attribute-def value name implied? token-sep)
doc-state parent=NULLACC
doc-state origin-cn=element
doc-state origin-gi="DOC"
doc-state data="DRAFT"
doc-state kids=1
doc-state desc=1
doc-state preced=2
doc-state follow=1
doc-state child-num=#f
doc-state first-sib=#f
doc-state last-sib=#f
doc-state abs-first-sib=#t
doc-state tree-root-cn=attribute-assignment
doc-fixed class-name=attribute-assignment
doc-fixed name="FIXED"
doc-fixed implied?=#f
doc-fixed token-sep=NULLACC
doc-fixed value=NL:1
doc-fixed attribute-def=NOTINCL
doc-fixed children-property-name=value
doc-fixed data-property-name=NULLACC
doc-fixed data-sep-property-name=token-sep
doc-fixed origin-to-subnode-rel-property-name=attributes
doc-fixed subnode-property-names=(value)
doc-fixed all-property-names=(class-name grove-root subnode-property-names all-property-names children-property-name data-property-name data-sep-property-name parent tree-root origin origin-to-subnode-rel-property-name attribute-def value name implied? token-sep)
doc-fixed parent=NULLACC
doc-fixed origin-cn=element
doc-fixed origin-gi="DOC"
doc-fixed data="F"
doc-fixed kids=1
doc-fixed desc=1
doc-fixed preced=3
doc-fixed follow=0
doc-fixed child-num=#f
doc-fixed first-sib=#f
doc-fixed last-sib=#f
doc-fixed abs-first-sib=#t
doc-fixed tree-root-cn=attribute-assignment
p1-id class-name=attribute-assignment
p1-id name="ID"
p1-id implied?=#f
p1-id token-sep=NULLACC
p1-id value=NL:1
p1-id attribute-def=NOTINCL
p1-id children-property-name=value
p1-id data-property-name=NULLACC
p1-id data-sep-property-name=token-sep
p1-id origin-to-subnode-rel-property-name=attributes
p1-id subnode-property-names=(value)
p1-id all-property-names=(class-name grove-root subnode-property-names all-property-names children-property-name data-property-name data-sep-property-name parent tree-root origin origin-to-subnode-rel-property-name attribute-def value name implied? token-sep)
p1-id parent=NULLACC
p1-id origin-cn=element
p1-id origin-gi="P"
p1-id data="ONE"
p1-id kids=1
p1-id desc=1
p1-id preced=0
p1-id follow=4
p1-id child-num=#f
p1-id first-sib=#f
p1-id last-sib=#f
p1-id abs-first-sib=#t
p1-id tree-root-cn=attribute-assignment
p1-refs class-name=attribute-assignment
p1-refs name="REFS"
p1-refs implied?=#f
p1-refs token-sep=#\ 
p1-refs value=NL:2
p1-refs attribute-def=NOTINCL
p1-refs children-property-name=value
p1-refs data-property-name=NULLACC
p1-refs data-sep-property-name=token-sep
p1-refs origin-to-subnode-rel-property-name=attributes
p1-refs subnode-property-names=(value)
p1-refs all-property-names=(class-name grove-root subnode-property-names all-property-names children-property-name data-property-name data-sep-property-name parent tree-root origin origin-to-subnode-rel-property-name attribute-def value name implied? token-sep)
p1-refs parent=NULLACC
p1-refs origin-cn=element
p1-refs origin-gi="P"
p1-refs data="ONE TWO"
p1-refs kids=2
p1-refs desc=2
p1-refs preced=1
p1-refs follow=3
p1-refs child-num=#f
p1-refs first-sib=#f
p1-refs last-sib=#f
p1-refs abs-first-sib=#t
p1-refs tree-root-cn=attribute-assignment
p1-words class-name=attribute-assignment
p1-words name="WORDS"
p1-words implied?=#f
p1-words token-sep=#\ 
p1-words value=NL:3
p1-words attribute-def=NOTINCL
p1-words children-property-name=value
p1-words data-property-name=NULLACC
p1-words data-sep-property-name=token-sep
p1-words origin-to-subnode-rel-property-name=attributes
p1-words subnode-property-names=(value)
p1-words all-property-names=(class-name grove-root subnode-property-names all-property-names children-property-name data-property-name data-sep-property-name parent tree-root origin origin-to-subnode-rel-property-name attribute-def value name implied? token-sep)
p1-words parent=NULLACC
p1-words origin-cn=element
p1-words origin-gi="P"
p1-words data="ALPHA BETA GAMMA"
p1-words kids=3
p1-words desc=3
p1-words preced=2
p1-words follow=2
p1-words child-num=#f
p1-words first-sib=#f
p1-words last-sib=#f
p1-words abs-first-sib=#t
p1-words tree-root-cn=attribute-assignment
p1-n class-name=attribute-assignment
p1-n name="N"
p1-n implied?=#f
p1-n token-sep=NULLACC
p1-n value=NL:1
p1-n attribute-def=NOTINCL
p1-n children-property-name=value
p1-n data-property-name=NULLACC
p1-n data-sep-property-name=token-sep
p1-n origin-to-subnode-rel-property-name=attributes
p1-n subnode-property-names=(value)
p1-n all-property-names=(class-name grove-root subnode-property-names all-property-names children-property-name data-property-name data-sep-property-name parent tree-root origin origin-to-subnode-rel-property-name attribute-def value name implied? token-sep)
p1-n parent=NULLACC
p1-n origin-cn=element
p1-n origin-gi="P"
p1-n data="42"
p1-n kids=1
p1-n desc=1
p1-n preced=3
p1-n follow=1
p1-n child-num=#f
p1-n first-sib=#f
p1-n last-sib=#f
p1-n abs-first-sib=#t
p1-n tree-root-cn=attribute-assignment
p1-kind class-name=attribute-assignment
p1-kind name="KIND"
p1-kind implied?=#f
p1-kind token-sep=NULLACC
p1-kind value=NL:1
p1-kind attribute-def=NOTINCL
p1-kind children-property-name=value
p1-kind data-property-name=NULLACC
p1-kind data-sep-property-name=token-sep
p1-kind origin-to-subnode-rel-property-name=attributes
p1-kind subnode-property-names=(value)
p1-kind all-property-names=(class-name grove-root subnode-property-names all-property-names children-property-name data-property-name data-sep-property-name parent tree-root origin origin-to-subnode-rel-property-name attribute-def value name implied? token-sep)
p1-kind parent=NULLACC
p1-kind origin-cn=element
p1-kind origin-gi="P"
p1-kind data="FIRST"
p1-kind kids=1
p1-kind desc=1
p1-kind preced=4
p1-kind follow=0
p1-kind child-num=#f
p1-kind first-sib=#f
p1-kind last-sib=#f
p1-kind abs-first-sib=#t
p1-kind tree-root-cn=attribute-assignment
p2-kind class-name=attribute-assignment
p2-kind name="KIND"
p2-kind implied?=#f
p2-kind token-sep=NULLACC
p2-kind value=NL:1
p2-kind attribute-def=NOTINCL
p2-kind children-property-name=value
p2-kind data-property-name=NULLACC
p2-kind data-sep-property-name=token-sep
p2-kind origin-to-subnode-rel-property-name=attributes
p2-kind subnode-property-names=(value)
p2-kind all-property-names=(class-name grove-root subnode-property-names all-property-names children-property-name data-property-name data-sep-property-name parent tree-root origin origin-to-subnode-rel-property-name attribute-def value name implied? token-sep)
p2-kind parent=NULLACC
p2-kind origin-cn=element
p2-kind origin-gi="P"
p2-kind data="FIRST"
p2-kind kids=1
p2-kind desc=1
p2-kind preced=4
p2-kind follow=0
p2-kind child-num=#f
p2-kind first-sib=#f
p2-kind last-sib=#f
p2-kind abs-first-sib=#t
p2-kind tree-root-cn=attribute-assignment
f1-file class-name=attribute-assignment
f1-file name="FILE"
f1-file implied?=#f
f1-file token-sep=NULLACC
f1-file value=NL:1
f1-file attribute-def=NOTINCL
f1-file children-property-name=value
f1-file data-property-name=NULLACC
f1-file data-sep-property-name=token-sep
f1-file origin-to-subnode-rel-property-name=attributes
f1-file subnode-property-names=(value)
f1-file all-property-names=(class-name grove-root subnode-property-names all-property-names children-property-name data-property-name data-sep-property-name parent tree-root origin origin-to-subnode-rel-property-name attribute-def value name implied? token-sep)
f1-file parent=NULLACC
f1-file origin-cn=element
f1-file origin-gi="FIG"
f1-file data="logo"
f1-file kids=1
f1-file desc=1
f1-file preced=0
f1-file follow=2
f1-file child-num=#f
f1-file first-sib=#f
f1-file last-sib=#f
f1-file abs-first-sib=#t
f1-file tree-root-cn=attribute-assignment
f1-more class-name=attribute-assignment
f1-more name="MORE"
f1-more implied?=#f
f1-more token-sep=#\ 
f1-more value=NL:2
f1-more attribute-def=NOTINCL
f1-more children-property-name=value
f1-more data-property-name=NULLACC
f1-more data-sep-property-name=token-sep
f1-more origin-to-subnode-rel-property-name=attributes
f1-more subnode-property-names=(value)
f1-more all-property-names=(class-name grove-root subnode-property-names all-property-names children-property-name data-property-name data-sep-property-name parent tree-root origin origin-to-subnode-rel-property-name attribute-def value name implied? token-sep)
f1-more parent=NULLACC
f1-more origin-cn=element
f1-more origin-gi="FIG"
f1-more data="logo seal"
f1-more kids=2
f1-more desc=2
f1-more preced=1
f1-more follow=1
f1-more child-num=#f
f1-more first-sib=#f
f1-more last-sib=#f
f1-more abs-first-sib=#t
f1-more tree-root-cn=attribute-assignment
f1-form class-name=attribute-assignment
f1-form name="FORM"
f1-form implied?=#f
f1-form token-sep=NULLACC
f1-form value=NL:1
f1-form attribute-def=NOTINCL
f1-form children-property-name=value
f1-form data-property-name=NULLACC
f1-form data-sep-property-name=token-sep
f1-form origin-to-subnode-rel-property-name=attributes
f1-form subnode-property-names=(value)
f1-form all-property-names=(class-name grove-root subnode-property-names all-property-names children-property-name data-property-name data-sep-property-name parent tree-root origin origin-to-subnode-rel-property-name attribute-def value name implied? token-sep)
f1-form parent=NULLACC
f1-form origin-cn=element
f1-form origin-gi="FIG"
f1-form data="GIF"
f1-form kids=1
f1-form desc=1
f1-form preced=2
f1-form follow=0
f1-form child-num=#f
f1-form first-sib=#f
f1-form last-sib=#f
f1-form abs-first-sib=#t
f1-form tree-root-cn=attribute-assignment
f2-more class-name=attribute-assignment
f2-more name="MORE"
f2-more implied?=#t
f2-more token-sep=NULLACC
f2-more value=NULLACC
f2-more attribute-def=NOTINCL
f2-more children-property-name=value
f2-more data-property-name=NULLACC
f2-more data-sep-property-name=token-sep
f2-more origin-to-subnode-rel-property-name=attributes
f2-more subnode-property-names=(value)
f2-more all-property-names=(class-name grove-root subnode-property-names all-property-names children-property-name data-property-name data-sep-property-name parent tree-root origin origin-to-subnode-rel-property-name attribute-def value name implied? token-sep)
f2-more parent=NULLACC
f2-more origin-cn=element
f2-more origin-gi="FIG"
f2-more data=""
f2-more kids=0
f2-more desc=0
f2-more preced=1
f2-more follow=1
f2-more child-num=#f
f2-more first-sib=#f
f2-more last-sib=#f
f2-more abs-first-sib=#t
f2-more tree-root-cn=attribute-assignment
f2-form class-name=attribute-assignment
f2-form name="FORM"
f2-form implied?=#t
f2-form token-sep=NULLACC
f2-form value=NULLACC
f2-form attribute-def=NOTINCL
f2-form children-property-name=value
f2-form data-property-name=NULLACC
f2-form data-sep-property-name=token-sep
f2-form origin-to-subnode-rel-property-name=attributes
f2-form subnode-property-names=(value)
f2-form all-property-names=(class-name grove-root subnode-property-names all-property-names children-property-name data-property-name data-sep-property-name parent tree-root origin origin-to-subnode-rel-property-name attribute-def value name implied? token-sep)
f2-form parent=NULLACC
f2-form origin-cn=element
f2-form origin-gi="FIG"
f2-form data=""
f2-form kids=0
f2-form desc=0
f2-form preced=2
f2-form follow=0
f2-form child-num=#f
f2-form first-sib=#f
f2-form last-sib=#f
f2-form abs-first-sib=#t
f2-form tree-root-cn=attribute-assignment
p1-refs-t0 class-name=attribute-value-token
p1-refs-t0 token="ONE"
p1-refs-t0 entity=NULLACC
p1-refs-t0 notation=NULLACC
p1-refs-t0 referent=NL:1
p1-refs-t0 all-property-names=(class-name grove-root subnode-property-names all-property-names children-property-name data-property-name data-sep-property-name parent tree-root origin origin-to-subnode-rel-property-name token entity notation referent)
p1-refs-t0 data-property-name=token
p1-refs-t0 parent=NL:1
p1-refs-t0 origin-cn=attribute-assignment
p1-refs-t0 parent-cn=attribute-assignment
p1-refs-t0 data="ONE"
p1-refs-t0 preced=0
p1-refs-t0 follow=1
p1-refs-t1 class-name=attribute-value-token
p1-refs-t1 token="TWO"
p1-refs-t1 entity=NULLACC
p1-refs-t1 notation=NULLACC
p1-refs-t1 referent=NL:1
p1-refs-t1 all-property-names=(class-name grove-root subnode-property-names all-property-names children-property-name data-property-name data-sep-property-name parent tree-root origin origin-to-subnode-rel-property-name token entity notation referent)
p1-refs-t1 data-property-name=token
p1-refs-t1 parent=NL:1
p1-refs-t1 origin-cn=attribute-assignment
p1-refs-t1 parent-cn=attribute-assignment
p1-refs-t1 data="TWO"
p1-refs-t1 preced=1
p1-refs-t1 follow=0
p1-words-t0 class-name=attribute-value-token
p1-words-t0 token="ALPHA"
p1-words-t0 entity=NULLACC
p1-words-t0 notation=NULLACC
p1-words-t0 referent=NULLACC
p1-words-t0 all-property-names=(class-name grove-root subnode-property-names all-property-names children-property-name data-property-name data-sep-property-name parent tree-root origin origin-to-subnode-rel-property-name token entity notation referent)
p1-words-t0 data-property-name=token
p1-words-t0 parent=NL:1
p1-words-t0 origin-cn=attribute-assignment
p1-words-t0 parent-cn=attribute-assignment
p1-words-t0 data="ALPHA"
p1-words-t0 preced=0
p1-words-t0 follow=2
p1-id-t0 class-name=attribute-value-token
p1-id-t0 token="ONE"
p1-id-t0 entity=NULLACC
p1-id-t0 notation=NULLACC
p1-id-t0 referent=NULLACC
p1-id-t0 all-property-names=(class-name grove-root subnode-property-names all-property-names children-property-name data-property-name data-sep-property-name parent tree-root origin origin-to-subnode-rel-property-name token entity notation referent)
p1-id-t0 data-property-name=token
p1-id-t0 parent=NL:1
p1-id-t0 origin-cn=attribute-assignment
p1-id-t0 parent-cn=attribute-assignment
p1-id-t0 data="ONE"
p1-id-t0 preced=0
p1-id-t0 follow=0
f1-file-t0 class-name=attribute-value-token
f1-file-t0 token="logo"
f1-file-t0 entity=NL:1
f1-file-t0 notation=NULLACC
f1-file-t0 referent=NULLACC
f1-file-t0 all-property-names=(class-name grove-root subnode-property-names all-property-names children-property-name data-property-name data-sep-property-name parent tree-root origin origin-to-subnode-rel-property-name token entity notation referent)
f1-file-t0 data-property-name=token
f1-file-t0 parent=NL:1
f1-file-t0 origin-cn=attribute-assignment
f1-file-t0 parent-cn=attribute-assignment
f1-file-t0 data="logo"
f1-file-t0 preced=0
f1-file-t0 follow=0
f1-more-t1 class-name=attribute-value-token
f1-more-t1 token="seal"
f1-more-t1 entity=NL:1
f1-more-t1 notation=NULLACC
f1-more-t1 referent=NULLACC
f1-more-t1 all-property-names=(class-name grove-root subnode-property-names all-property-names children-property-name data-property-name data-sep-property-name parent tree-root origin origin-to-subnode-rel-property-name token entity notation referent)
f1-more-t1 data-property-name=token
f1-more-t1 parent=NL:1
f1-more-t1 origin-cn=attribute-assignment
f1-more-t1 parent-cn=attribute-assignment
f1-more-t1 data="seal"
f1-more-t1 preced=1
f1-more-t1 follow=0
f1-form-t0 class-name=attribute-value-token
f1-form-t0 token="GIF"
f1-form-t0 entity=NULLACC
f1-form-t0 notation=NL:1
f1-form-t0 referent=NULLACC
f1-form-t0 all-property-names=(class-name grove-root subnode-property-names all-property-names children-property-name data-property-name data-sep-property-name parent tree-root origin origin-to-subnode-rel-property-name token entity notation referent)
f1-form-t0 data-property-name=token
f1-form-t0 parent=NL:1
f1-form-t0 origin-cn=attribute-assignment
f1-form-t0 parent-cn=attribute-assignment
f1-form-t0 data="GIF"
f1-form-t0 preced=0
f1-form-t0 follow=0
doc-lang-v0 class-name=data-char
doc-lang-v0 token=NOTINCL
doc-lang-v0 entity=NOTINCL
doc-lang-v0 notation=NOTINCL
doc-lang-v0 referent=NOTINCL
doc-lang-v0 all-property-names=(class-name grove-root subnode-property-names all-property-names children-property-name data-property-name data-sep-property-name parent tree-root origin origin-to-subnode-rel-property-name char)
doc-lang-v0 data-property-name=char
doc-lang-v0 parent=NL:1
doc-lang-v0 origin-cn=attribute-assignment
doc-lang-v0 parent-cn=attribute-assignment
doc-lang-v0 data="d"
doc-lang-v0 preced=0
doc-lang-v0 follow=1
attr-string lang="de"
attr-string version="1.0"
attr-string absent=#f
p1 refs-string="ONE TWO"
f1 file-string="logo"
