root sgml-constants=NL:1
root application-info=NULLACC
root governing-doctype=NL:1
root doctypes-and-linktypes=NL:1
root elements=NL:4
root entities=NL:6
root defaulted-entities=NL:4
root.dtypes len=1
root.dtypes nnl?=#t
root.dtypes names=("DOC")
root.elements len=4
root.elements nnl?=#t
root.elements names=("D1" "P1" "N1" "F1")
root.entities len=6
root.entities nnl?=#t
root.entities names=("logo" "ext-ent" "text-ent" "sd-ent" "cd-ent" "pi-ent")
root.dflt-ents len=4
root.dflt-ents nnl?=#t
root.dflt-ents names=("logo" "text-ent" "missing" "pent")
root.dtypes cn=document-type
root.elements cn=element
root.elements cn=element
root.elements cn=element
root.elements cn=element
root.entities cn=entity
root.entities cn=entity
root.entities cn=entity
root.entities cn=entity
root.entities cn=entity
root.entities cn=entity
root.dflt-ents cn=entity
root.dflt-ents cn=entity
root.dflt-ents cn=entity
root.dflt-ents cn=entity
root.named-elem-d1="DOC"
root.named-elem-f1="FIG"
root.named-elem-miss=0
root.named-ent-logo="logo"
root.named-ent-LOGO=EMPTYNL
root.named-dtype="DOC"
root.named-ent-missing="missing"
root.named-ent-pent="pent"
root.named-gen-missing=EMPTYNL
root.norm-Logo="Logo"
root.norm-elem-d1="D1"
root.sgml-constants class-name=sgml-constants
root.sgml-constants children-property-name=NULLACC
root.sgml-constants data-property-name=NULLACC
root.sgml-constants data-sep-property-name=NULLACC
root.sgml-constants origin-to-subnode-rel-property-name=sgml-constants
root.sgml-constants subnode-property-names=()
root.sgml-constants all-property-names=()
root.sgml-constants parent-cn=EMPTYNL
root.sgml-constants origin-cn=sgml-document
root.sgml-constants tree-root-cn=sgml-constants
root.sgml-constants grove-root-cn=sgml-document
root.sgml-constants data=""
root.sgml-constants kids=0
root.sgml-constants preced=0 follow=0 first-sib=#f last-sib=#f
dt class-name=document-type
dt children-property-name=NULLACC
dt data-property-name=NULLACC
dt data-sep-property-name=NULLACC
dt origin-to-subnode-rel-property-name=doctypes-and-linktypes
dt subnode-property-names=(general-entities notations element-types default-entity parameter-entities)
dt all-property-names=(class-name grove-root subnode-property-names all-property-names children-property-name data-property-name data-sep-property-name parent tree-root origin origin-to-subnode-rel-property-name name element-types governing? general-entities notations default-entity parameter-entities)
dt parent-cn=EMPTYNL
dt origin-cn=sgml-document
dt tree-root-cn=document-type
dt grove-root-cn=sgml-document
dt data=""
dt kids=0
dt preced=0 follow=0 first-sib=#f last-sib=#f
dt name="DOC"
dt governing?=#t
dt general-entities=NL:6
dt parameter-entities=NL:1
dt notations=NL:3
dt element-types=NL:9
dt default-entity=NL:1
dt.gen-ents len=6
dt.gen-ents nnl?=#t
dt.gen-ents names=("logo" "ext-ent" "text-ent" "sd-ent" "cd-ent" "pi-ent")
dt.par-ents len=1
dt.par-ents nnl?=#t
dt.par-ents names=("pent")
dt.notations len=3
dt.notations nnl?=#t
dt.notations names=("TIFF" "BOTH" "GIF")
dt.el-types len=9
dt.el-types nnl?=#t
dt.el-types names=("TITLE" "SEP" "RAW" "ANYE" "P" "NOTE" "HL" "DOC" "FIG")
dt.par-ents cn=entity
dt.notations cn=notation
dt.notations cn=notation
dt.notations cn=notation
dt.el-types cn=element-type
dt.el-types cn=element-type
dt.el-types cn=element-type
dt.el-types cn=element-type
dt.el-types cn=element-type
dt.el-types cn=element-type
dt.el-types cn=element-type
dt.el-types cn=element-type
dt.el-types cn=element-type
dt.named-gen-ent="text-ent"
dt.named-gen-miss=0
dt.named-par-ent="pent"
dt.named-notation="GIF"
dt.named-el-type="P"
dt.named-el-type-P="P"
e.text class-name=entity
e.text children-property-name=NULLACC
e.text data-property-name=NULLACC
e.text data-sep-property-name=NULLACC
e.text origin-to-subnode-rel-property-name=general-entities
e.text subnode-property-names=(external-id attributes)
e.text all-property-names=(class-name grove-root subnode-property-names all-property-names children-property-name data-property-name data-sep-property-name parent tree-root origin origin-to-subnode-rel-property-name name entity-type text external-id attributes notation-name notation defaulted?)
e.text parent-cn=EMPTYNL
e.text origin-cn=document-type
e.text tree-root-cn=entity
e.text grove-root-cn=sgml-document
e.text data=""
e.text kids=0
e.text preced=0 follow=0 first-sib=#f last-sib=#f
e.text name="text-ent"
e.text entity-type=text
e.text text="some text"
e.text external-id=NULLACC
e.text attributes=NULLACC
e.text notation-name=NULLACC
e.text notation=NULLACC
e.text defaulted?=#f
e.ext class-name=entity
e.ext children-property-name=NULLACC
e.ext data-property-name=NULLACC
e.ext data-sep-property-name=NULLACC
e.ext origin-to-subnode-rel-property-name=general-entities
e.ext subnode-property-names=(external-id attributes)
e.ext all-property-names=(class-name grove-root subnode-property-names all-property-names children-property-name data-property-name data-sep-property-name parent tree-root origin origin-to-subnode-rel-property-name name entity-type text external-id attributes notation-name notation defaulted?)
e.ext parent-cn=EMPTYNL
e.ext origin-cn=document-type
e.ext tree-root-cn=entity
e.ext grove-root-cn=sgml-document
e.ext data=""
e.ext kids=0
e.ext preced=0 follow=0 first-sib=#f last-sib=#f
e.ext name="ext-ent"
e.ext entity-type=text
e.ext text=NULLACC
e.ext external-id=NL:1
e.ext attributes=NULLACC
e.ext notation-name=NULLACC
e.ext notation=NULLACC
e.ext defaulted?=#f
e.logo class-name=entity
e.logo children-property-name=NULLACC
e.logo data-property-name=NULLACC
e.logo data-sep-property-name=NULLACC
e.logo origin-to-subnode-rel-property-name=general-entities
e.logo subnode-property-names=(external-id attributes)
e.logo all-property-names=(class-name grove-root subnode-property-names all-property-names children-property-name data-property-name data-sep-property-name parent tree-root origin origin-to-subnode-rel-property-name name entity-type text external-id attributes notation-name notation defaulted?)
e.logo parent-cn=EMPTYNL
e.logo origin-cn=document-type
e.logo tree-root-cn=entity
e.logo grove-root-cn=sgml-document
e.logo data=""
e.logo kids=0
e.logo preced=0 follow=0 first-sib=#f last-sib=#f
e.logo name="logo"
e.logo entity-type=ndata
e.logo text=NULLACC
e.logo external-id=NL:1
e.logo attributes=NL:2
e.logo notation-name="GIF"
e.logo notation=NL:1
e.logo defaulted?=#f
e.pi class-name=entity
e.pi children-property-name=NULLACC
e.pi data-property-name=NULLACC
e.pi data-sep-property-name=NULLACC
e.pi origin-to-subnode-rel-property-name=general-entities
e.pi subnode-property-names=(external-id attributes)
e.pi all-property-names=(class-name grove-root subnode-property-names all-property-names children-property-name data-property-name data-sep-property-name parent tree-root origin origin-to-subnode-rel-property-name name entity-type text external-id attributes notation-name notation defaulted?)
e.pi parent-cn=EMPTYNL
e.pi origin-cn=document-type
e.pi tree-root-cn=entity
e.pi grove-root-cn=sgml-document
e.pi data=""
e.pi kids=0
e.pi preced=0 follow=0 first-sib=#f last-sib=#f
e.pi name="pi-ent"
e.pi entity-type=pi
e.pi text="the pi"
e.pi external-id=NULLACC
e.pi attributes=NULLACC
e.pi notation-name=NULLACC
e.pi notation=NULLACC
e.pi defaulted?=#f
e.cd class-name=entity
e.cd children-property-name=NULLACC
e.cd data-property-name=NULLACC
e.cd data-sep-property-name=NULLACC
e.cd origin-to-subnode-rel-property-name=general-entities
e.cd subnode-property-names=(external-id attributes)
e.cd all-property-names=(class-name grove-root subnode-property-names all-property-names children-property-name data-property-name data-sep-property-name parent tree-root origin origin-to-subnode-rel-property-name name entity-type text external-id attributes notation-name notation defaulted?)
e.cd parent-cn=EMPTYNL
e.cd origin-cn=document-type
e.cd tree-root-cn=entity
e.cd grove-root-cn=sgml-document
e.cd data=""
e.cd kids=0
e.cd preced=0 follow=0 first-sib=#f last-sib=#f
e.cd name="cd-ent"
e.cd entity-type=cdata
e.cd text="cdata text"
e.cd external-id=NULLACC
e.cd attributes=NULLACC
e.cd notation-name=NULLACC
e.cd notation=NULLACC
e.cd defaulted?=#f
e.sd class-name=entity
e.sd children-property-name=NULLACC
e.sd data-property-name=NULLACC
e.sd data-sep-property-name=NULLACC
e.sd origin-to-subnode-rel-property-name=general-entities
e.sd subnode-property-names=(external-id attributes)
e.sd all-property-names=(class-name grove-root subnode-property-names all-property-names children-property-name data-property-name data-sep-property-name parent tree-root origin origin-to-subnode-rel-property-name name entity-type text external-id attributes notation-name notation defaulted?)
e.sd parent-cn=EMPTYNL
e.sd origin-cn=document-type
e.sd tree-root-cn=entity
e.sd grove-root-cn=sgml-document
e.sd data=""
e.sd kids=0
e.sd preced=0 follow=0 first-sib=#f last-sib=#f
e.sd name="sd-ent"
e.sd entity-type=sdata
e.sd text="sdata text"
e.sd external-id=NULLACC
e.sd attributes=NULLACC
e.sd notation-name=NULLACC
e.sd notation=NULLACC
e.sd defaulted?=#f
e.par class-name=entity
e.par children-property-name=NULLACC
e.par data-property-name=NULLACC
e.par data-sep-property-name=NULLACC
e.par origin-to-subnode-rel-property-name=general-entities
e.par subnode-property-names=(external-id attributes)
e.par all-property-names=(class-name grove-root subnode-property-names all-property-names children-property-name data-property-name data-sep-property-name parent tree-root origin origin-to-subnode-rel-property-name name entity-type text external-id attributes notation-name notation defaulted?)
e.par parent-cn=EMPTYNL
e.par origin-cn=document-type
e.par tree-root-cn=entity
e.par grove-root-cn=sgml-document
e.par data=""
e.par kids=0
e.par preced=0 follow=0 first-sib=#f last-sib=#f
e.par name="pent"
e.par entity-type=text
e.par text="p | note"
e.par external-id=NULLACC
e.par attributes=NULLACC
e.par notation-name=NULLACC
e.par notation=NULLACC
e.par defaulted?=#f
e.dflt class-name=default-entity
e.dflt children-property-name=NULLACC
e.dflt data-property-name=NULLACC
e.dflt data-sep-property-name=NULLACC
e.dflt origin-to-subnode-rel-property-name=default-entity
e.dflt subnode-property-names=(external-id attributes)
e.dflt all-property-names=(class-name grove-root subnode-property-names all-property-names children-property-name data-property-name data-sep-property-name parent tree-root origin origin-to-subnode-rel-property-name name entity-type text external-id attributes notation-name notation)
e.dflt parent-cn=EMPTYNL
e.dflt origin-cn=document-type
e.dflt tree-root-cn=default-entity
e.dflt grove-root-cn=sgml-document
e.dflt data=""
e.dflt kids=0
e.dflt preced=0 follow=0 first-sib=#f last-sib=#f
e.dflt name=""
e.dflt entity-type=text
e.dflt text="the default"
e.dflt external-id=NULLACC
e.dflt attributes=NULLACC
e.dflt notation-name=NULLACC
e.dflt notation=NULLACC
e.dflt defaulted?=NOTINCL
e.missing class-name=entity
e.missing children-property-name=NULLACC
e.missing data-property-name=NULLACC
e.missing data-sep-property-name=NULLACC
e.missing origin-to-subnode-rel-property-name=defaulted-entities
e.missing subnode-property-names=(external-id attributes)
e.missing all-property-names=(class-name grove-root subnode-property-names all-property-names children-property-name data-property-name data-sep-property-name parent tree-root origin origin-to-subnode-rel-property-name name entity-type text external-id attributes notation-name notation defaulted?)
e.missing parent-cn=EMPTYNL
e.missing origin-cn=sgml-document
e.missing tree-root-cn=entity
e.missing grove-root-cn=sgml-document
e.missing data=""
e.missing kids=0
e.missing preced=0 follow=0 first-sib=#f last-sib=#f
e.missing name="missing"
e.missing entity-type=text
e.missing text="the default"
e.missing external-id=NULLACC
e.missing attributes=NULLACC
e.missing notation-name=NULLACC
e.missing notation=NULLACC
e.missing defaulted?=#t
e.logo.atts len=2
e.logo.atts nnl?=#t
e.logo.atts names=("RES" "SCHEME")
ea.logo0 class-name=attribute-assignment
ea.logo0 name="RES"
ea.logo0 implied?=#t
ea.logo0 value=NULLACC
ea.logo0 attribute-def=NOTINCL
ea.logo0 origin-to-subnode-rel-property-name=attributes
ea.logo0 origin-cn=entity
ea.logo0 origin-name="logo"
ea.logo0 parent-cn=EMPTYNL
ea.logo0 data=""
ea.logo0 kids=0
ea.logo0 preced=0 follow=1
ea.logo1 class-name=attribute-assignment
ea.logo1 name="SCHEME"
ea.logo1 implied?=#f
ea.logo1 value=NL:1
ea.logo1 attribute-def=NOTINCL
ea.logo1 origin-to-subnode-rel-property-name=attributes
ea.logo1 origin-cn=entity
ea.logo1 origin-name="logo"
ea.logo1 parent-cn=EMPTYNL
ea.logo1 data="RGB"
ea.logo1 kids=1
ea.logo1 preced=1 follow=0
x.ext class-name=external-id
x.ext children-property-name=NULLACC
x.ext data-property-name=NULLACC
x.ext data-sep-property-name=NULLACC
x.ext origin-to-subnode-rel-property-name=external-id
x.ext subnode-property-names=()
x.ext all-property-names=(class-name grove-root subnode-property-names all-property-names children-property-name data-property-name data-sep-property-name parent tree-root origin origin-to-subnode-rel-property-name public-id system-id generated-system-id)
x.ext parent-cn=EMPTYNL
x.ext origin-cn=entity
x.ext tree-root-cn=external-id
x.ext grove-root-cn=sgml-document
x.ext data=""
x.ext kids=0
x.ext preced=0 follow=0 first-sib=#f last-sib=#f
x.ext public-id=NULLACC
x.ext system-id="ext.sgm"
x.ext generated-system-id="<OSFILE>ext.sgm"
x.logo class-name=external-id
x.logo children-property-name=NULLACC
x.logo data-property-name=NULLACC
x.logo data-sep-property-name=NULLACC
x.logo origin-to-subnode-rel-property-name=external-id
x.logo subnode-property-names=()
x.logo all-property-names=(class-name grove-root subnode-property-names all-property-names children-property-name data-property-name data-sep-property-name parent tree-root origin origin-to-subnode-rel-property-name public-id system-id generated-system-id)
x.logo parent-cn=EMPTYNL
x.logo origin-cn=entity
x.logo tree-root-cn=external-id
x.logo grove-root-cn=sgml-document
x.logo data=""
x.logo kids=0
x.logo preced=0 follow=0 first-sib=#f last-sib=#f
x.logo public-id=NULLACC
x.logo system-id="logo.gif"
x.logo generated-system-id="<OSFILE>logo.gif"
x.gif class-name=external-id
x.gif children-property-name=NULLACC
x.gif data-property-name=NULLACC
x.gif data-sep-property-name=NULLACC
x.gif origin-to-subnode-rel-property-name=external-id
x.gif subnode-property-names=()
x.gif all-property-names=(class-name grove-root subnode-property-names all-property-names children-property-name data-property-name data-sep-property-name parent tree-root origin origin-to-subnode-rel-property-name public-id system-id generated-system-id)
x.gif parent-cn=EMPTYNL
x.gif origin-cn=notation
x.gif tree-root-cn=external-id
x.gif grove-root-cn=sgml-document
x.gif data=""
x.gif kids=0
x.gif preced=0 follow=0 first-sib=#f last-sib=#f
x.gif public-id="-//Scaly//NOTATION gif//EN"
x.gif system-id=NULLACC
x.gif generated-system-id=NULLACC
x.tiff class-name=external-id
x.tiff children-property-name=NULLACC
x.tiff data-property-name=NULLACC
x.tiff data-sep-property-name=NULLACC
x.tiff origin-to-subnode-rel-property-name=external-id
x.tiff subnode-property-names=()
x.tiff all-property-names=(class-name grove-root subnode-property-names all-property-names children-property-name data-property-name data-sep-property-name parent tree-root origin origin-to-subnode-rel-property-name public-id system-id generated-system-id)
x.tiff parent-cn=EMPTYNL
x.tiff origin-cn=notation
x.tiff tree-root-cn=external-id
x.tiff grove-root-cn=sgml-document
x.tiff data=""
x.tiff kids=0
x.tiff preced=0 follow=0 first-sib=#f last-sib=#f
x.tiff public-id=NULLACC
x.tiff system-id="tiff.exe"
x.tiff generated-system-id="<OSFILE>tiff.exe"
x.both class-name=external-id
x.both children-property-name=NULLACC
x.both data-property-name=NULLACC
x.both data-sep-property-name=NULLACC
x.both origin-to-subnode-rel-property-name=external-id
x.both subnode-property-names=()
x.both all-property-names=(class-name grove-root subnode-property-names all-property-names children-property-name data-property-name data-sep-property-name parent tree-root origin origin-to-subnode-rel-property-name public-id system-id generated-system-id)
x.both parent-cn=EMPTYNL
x.both origin-cn=notation
x.both tree-root-cn=external-id
x.both grove-root-cn=sgml-document
x.both data=""
x.both kids=0
x.both preced=0 follow=0 first-sib=#f last-sib=#f
x.both public-id="-//Scaly//NOTATION both//EN"
x.both system-id="both.exe"
x.both generated-system-id="<OSFILE>both.exe"
n.gif class-name=notation
n.gif children-property-name=NULLACC
n.gif data-property-name=NULLACC
n.gif data-sep-property-name=NULLACC
n.gif origin-to-subnode-rel-property-name=notations
n.gif subnode-property-names=(external-id attribute-defs)
n.gif all-property-names=(class-name grove-root subnode-property-names all-property-names children-property-name data-property-name data-sep-property-name parent tree-root origin origin-to-subnode-rel-property-name name external-id attribute-defs)
n.gif parent-cn=EMPTYNL
n.gif origin-cn=document-type
n.gif tree-root-cn=notation
n.gif grove-root-cn=sgml-document
n.gif data=""
n.gif kids=0
n.gif preced=0 follow=0 first-sib=#f last-sib=#f
n.gif name="GIF"
n.gif external-id=NL:1
n.gif attribute-defs=NL:2
n.gif.attdefs len=2
n.gif.attdefs nnl?=#t
n.gif.attdefs names=("RES" "SCHEME")
n.gif.attdefs cn=attribute-def
n.gif.attdefs cn=attribute-def
n.tiff class-name=notation
n.tiff children-property-name=NULLACC
n.tiff data-property-name=NULLACC
n.tiff data-sep-property-name=NULLACC
n.tiff origin-to-subnode-rel-property-name=notations
n.tiff subnode-property-names=(external-id attribute-defs)
n.tiff all-property-names=(class-name grove-root subnode-property-names all-property-names children-property-name data-property-name data-sep-property-name parent tree-root origin origin-to-subnode-rel-property-name name external-id attribute-defs)
n.tiff parent-cn=EMPTYNL
n.tiff origin-cn=document-type
n.tiff tree-root-cn=notation
n.tiff grove-root-cn=sgml-document
n.tiff data=""
n.tiff kids=0
n.tiff preced=0 follow=0 first-sib=#f last-sib=#f
n.tiff name="TIFF"
n.tiff external-id=NL:1
n.tiff attribute-defs=NL:0
n.tiff.attdefs len=0
n.tiff.attdefs nnl?=#t
n.tiff.attdefs names=()
et.doc class-name=element-type
et.doc children-property-name=NULLACC
et.doc data-property-name=NULLACC
et.doc data-sep-property-name=NULLACC
et.doc origin-to-subnode-rel-property-name=element-types
et.doc subnode-property-names=(attribute-defs model-group)
et.doc all-property-names=(class-name grove-root subnode-property-names all-property-names children-property-name data-property-name data-sep-property-name parent tree-root origin origin-to-subnode-rel-property-name attribute-defs content-type exclusions gi inclusions model-group omit-end-tag? omit-start-tag?)
et.doc parent-cn=EMPTYNL
et.doc origin-cn=document-type
et.doc tree-root-cn=element-type
et.doc grove-root-cn=sgml-document
et.doc data=""
et.doc kids=0
et.doc preced=0 follow=0 first-sib=#f last-sib=#t
et.doc gi="DOC"
et.doc content-type=model-group
et.doc exclusions=()
et.doc inclusions=()
et.doc model-group=NL:1
et.doc omit-start-tag?=#f
et.doc omit-end-tag?=#f
et.doc attribute-defs=NL:2
et.doc.attdefs len=2
et.doc.attdefs nnl?=#t
et.doc.attdefs names=("ID" "VERSION")
et.p class-name=element-type
et.p children-property-name=NULLACC
et.p data-property-name=NULLACC
et.p data-sep-property-name=NULLACC
et.p origin-to-subnode-rel-property-name=element-types
et.p subnode-property-names=(attribute-defs model-group)
et.p all-property-names=(class-name grove-root subnode-property-names all-property-names children-property-name data-property-name data-sep-property-name parent tree-root origin origin-to-subnode-rel-property-name attribute-defs content-type exclusions gi inclusions model-group omit-end-tag? omit-start-tag?)
et.p parent-cn=EMPTYNL
et.p origin-cn=document-type
et.p tree-root-cn=element-type
et.p grove-root-cn=sgml-document
et.p data=""
et.p kids=0
et.p preced=0 follow=0 first-sib=#f last-sib=#t
et.p gi="P"
et.p content-type=model-group
et.p exclusions=()
et.p inclusions=()
et.p model-group=NL:1
et.p omit-start-tag?=#f
et.p omit-end-tag?=#t
et.p attribute-defs=NL:2
et.p.attdefs len=2
et.p.attdefs nnl?=#t
et.p.attdefs names=("ID" "KIND")
et.note class-name=element-type
et.note children-property-name=NULLACC
et.note data-property-name=NULLACC
et.note data-sep-property-name=NULLACC
et.note origin-to-subnode-rel-property-name=element-types
et.note subnode-property-names=(attribute-defs model-group)
et.note all-property-names=(class-name grove-root subnode-property-names all-property-names children-property-name data-property-name data-sep-property-name parent tree-root origin origin-to-subnode-rel-property-name attribute-defs content-type exclusions gi inclusions model-group omit-end-tag? omit-start-tag?)
et.note parent-cn=EMPTYNL
et.note origin-cn=document-type
et.note tree-root-cn=element-type
et.note grove-root-cn=sgml-document
et.note data=""
et.note kids=0
et.note preced=0 follow=0 first-sib=#f last-sib=#t
et.note gi="NOTE"
et.note content-type=model-group
et.note exclusions=()
et.note inclusions=("HL")
et.note model-group=NL:1
et.note omit-start-tag?=#t
et.note omit-end-tag?=#t
et.note attribute-defs=NL:2
et.note.attdefs len=2
et.note.attdefs nnl?=#t
et.note.attdefs names=("ID" "KIND")
et.hl class-name=element-type
et.hl children-property-name=NULLACC
et.hl data-property-name=NULLACC
et.hl data-sep-property-name=NULLACC
et.hl origin-to-subnode-rel-property-name=element-types
et.hl subnode-property-names=(attribute-defs model-group)
et.hl all-property-names=(class-name grove-root subnode-property-names all-property-names children-property-name data-property-name data-sep-property-name parent tree-root origin origin-to-subnode-rel-property-name attribute-defs content-type exclusions gi inclusions model-group omit-end-tag? omit-start-tag?)
et.hl parent-cn=EMPTYNL
et.hl origin-cn=document-type
et.hl tree-root-cn=element-type
et.hl grove-root-cn=sgml-document
et.hl data=""
et.hl kids=0
et.hl preced=0 follow=0 first-sib=#f last-sib=#t
et.hl gi="HL"
et.hl content-type=model-group
et.hl exclusions=("HL")
et.hl inclusions=()
et.hl model-group=NL:1
et.hl omit-start-tag?=#f
et.hl omit-end-tag?=#f
et.hl attribute-defs=NL:1
et.hl.attdefs len=1
et.hl.attdefs nnl?=#t
et.hl.attdefs names=("STYLE")
et.sep class-name=element-type
et.sep children-property-name=NULLACC
et.sep data-property-name=NULLACC
et.sep data-sep-property-name=NULLACC
et.sep origin-to-subnode-rel-property-name=element-types
et.sep subnode-property-names=(attribute-defs model-group)
et.sep all-property-names=(class-name grove-root subnode-property-names all-property-names children-property-name data-property-name data-sep-property-name parent tree-root origin origin-to-subnode-rel-property-name attribute-defs content-type exclusions gi inclusions model-group omit-end-tag? omit-start-tag?)
et.sep parent-cn=EMPTYNL
et.sep origin-cn=document-type
et.sep tree-root-cn=element-type
et.sep grove-root-cn=sgml-document
et.sep data=""
et.sep kids=0
et.sep preced=0 follow=0 first-sib=#f last-sib=#t
et.sep gi="SEP"
et.sep content-type=empty
et.sep exclusions=NULLACC
et.sep inclusions=NULLACC
et.sep model-group=NULLACC
et.sep omit-start-tag?=#f
et.sep omit-end-tag?=#f
et.sep attribute-defs=NL:1
et.sep.attdefs len=1
et.sep.attdefs nnl?=#t
et.sep.attdefs names=("STYLE")
et.raw class-name=element-type
et.raw children-property-name=NULLACC
et.raw data-property-name=NULLACC
et.raw data-sep-property-name=NULLACC
et.raw origin-to-subnode-rel-property-name=element-types
et.raw subnode-property-names=(attribute-defs model-group)
et.raw all-property-names=(class-name grove-root subnode-property-names all-property-names children-property-name data-property-name data-sep-property-name parent tree-root origin origin-to-subnode-rel-property-name attribute-defs content-type exclusions gi inclusions model-group omit-end-tag? omit-start-tag?)
et.raw parent-cn=EMPTYNL
et.raw origin-cn=document-type
et.raw tree-root-cn=element-type
et.raw grove-root-cn=sgml-document
et.raw data=""
et.raw kids=0
et.raw preced=0 follow=0 first-sib=#f last-sib=#t
et.raw gi="RAW"
et.raw content-type=cdata
et.raw exclusions=NULLACC
et.raw inclusions=NULLACC
et.raw model-group=NULLACC
et.raw omit-start-tag?=#f
et.raw omit-end-tag?=#f
et.raw attribute-defs=NL:1
et.raw.attdefs len=1
et.raw.attdefs nnl?=#t
et.raw.attdefs names=("STYLE")
et.anye class-name=element-type
et.anye children-property-name=NULLACC
et.anye data-property-name=NULLACC
et.anye data-sep-property-name=NULLACC
et.anye origin-to-subnode-rel-property-name=element-types
et.anye subnode-property-names=(attribute-defs model-group)
et.anye all-property-names=(class-name grove-root subnode-property-names all-property-names children-property-name data-property-name data-sep-property-name parent tree-root origin origin-to-subnode-rel-property-name attribute-defs content-type exclusions gi inclusions model-group omit-end-tag? omit-start-tag?)
et.anye parent-cn=EMPTYNL
et.anye origin-cn=document-type
et.anye tree-root-cn=element-type
et.anye grove-root-cn=sgml-document
et.anye data=""
et.anye kids=0
et.anye preced=0 follow=0 first-sib=#f last-sib=#t
et.anye gi="ANYE"
et.anye content-type=any
et.anye exclusions=()
et.anye inclusions=()
et.anye model-group=NULLACC
et.anye omit-start-tag?=#f
et.anye omit-end-tag?=#f
et.anye attribute-defs=NL:1
et.anye.attdefs len=1
et.anye.attdefs nnl?=#t
et.anye.attdefs names=("STYLE")
ad.doc0 class-name=attribute-def
ad.doc0 children-property-name=NULLACC
ad.doc0 data-property-name=NULLACC
ad.doc0 data-sep-property-name=NULLACC
ad.doc0 origin-to-subnode-rel-property-name=attribute-defs
ad.doc0 subnode-property-names=(default-value)
ad.doc0 all-property-names=(class-name grove-root subnode-property-names all-property-names children-property-name data-property-name data-sep-property-name parent tree-root origin origin-to-subnode-rel-property-name current-attribute-index current-group decl-value-type default-value-type default-value name tokens)
ad.doc0 parent-cn=EMPTYNL
ad.doc0 origin-cn=attribute-def
ad.doc0 tree-root-cn=attribute-def
ad.doc0 grove-root-cn=sgml-document
ad.doc0 data=""
ad.doc0 kids=0
ad.doc0 preced=0 follow=0 first-sib=#f last-sib=#f
ad.doc0 name="ID"
ad.doc0 decl-value-type=id
ad.doc0 default-value-type=implied?
ad.doc0 default-value=NULLACC
ad.doc0 current-attribute-index=NULLACC
ad.doc0 current-group=NULLACC
ad.doc1 class-name=attribute-def
ad.doc1 children-property-name=NULLACC
ad.doc1 data-property-name=NULLACC
ad.doc1 data-sep-property-name=NULLACC
ad.doc1 origin-to-subnode-rel-property-name=attribute-defs
ad.doc1 subnode-property-names=(default-value)
ad.doc1 all-property-names=(class-name grove-root subnode-property-names all-property-names children-property-name data-property-name data-sep-property-name parent tree-root origin origin-to-subnode-rel-property-name current-attribute-index current-group decl-value-type default-value-type default-value name tokens)
ad.doc1 parent-cn=EMPTYNL
ad.doc1 origin-cn=attribute-def
ad.doc1 tree-root-cn=attribute-def
ad.doc1 grove-root-cn=sgml-document
ad.doc1 data=""
ad.doc1 kids=0
ad.doc1 preced=0 follow=0 first-sib=#f last-sib=#f
ad.doc1 name="VERSION"
ad.doc1 decl-value-type=cdata
ad.doc1 default-value-type=value
ad.doc1 default-value=NL:3
ad.doc1 current-attribute-index=NULLACC
ad.doc1 current-group=NULLACC
ad.p1 class-name=attribute-def
ad.p1 children-property-name=NULLACC
ad.p1 data-property-name=NULLACC
ad.p1 data-sep-property-name=NULLACC
ad.p1 origin-to-subnode-rel-property-name=attribute-defs
ad.p1 subnode-property-names=(default-value)
ad.p1 all-property-names=(class-name grove-root subnode-property-names all-property-names children-property-name data-property-name data-sep-property-name parent tree-root origin origin-to-subnode-rel-property-name current-attribute-index current-group decl-value-type default-value-type default-value name tokens)
ad.p1 parent-cn=EMPTYNL
ad.p1 origin-cn=attribute-def
ad.p1 tree-root-cn=attribute-def
ad.p1 grove-root-cn=sgml-document
ad.p1 data=""
ad.p1 kids=0
ad.p1 preced=0 follow=0 first-sib=#f last-sib=#f
ad.p1 name="KIND"
ad.p1 decl-value-type=nmtoken
ad.p1 default-value-type=current
ad.p1 default-value=NULLACC
ad.p1 current-attribute-index=0
ad.p1 current-group=NL:2
ad.figfile class-name=attribute-def
ad.figfile children-property-name=NULLACC
ad.figfile data-property-name=NULLACC
ad.figfile data-sep-property-name=NULLACC
ad.figfile origin-to-subnode-rel-property-name=attribute-defs
ad.figfile subnode-property-names=(default-value)
ad.figfile all-property-names=(class-name grove-root subnode-property-names all-property-names children-property-name data-property-name data-sep-property-name parent tree-root origin origin-to-subnode-rel-property-name current-attribute-index current-group decl-value-type default-value-type default-value name tokens)
ad.figfile parent-cn=EMPTYNL
ad.figfile origin-cn=attribute-def
ad.figfile tree-root-cn=attribute-def
ad.figfile grove-root-cn=sgml-document
ad.figfile data=""
ad.figfile kids=0
ad.figfile preced=0 follow=0 first-sib=#f last-sib=#f
ad.figfile name="FILE"
ad.figfile decl-value-type=entity
ad.figfile default-value-type=required
ad.figfile default-value=NULLACC
ad.figfile current-attribute-index=NULLACC
ad.figfile current-group=NULLACC
ad.figform class-name=attribute-def
ad.figform children-property-name=NULLACC
ad.figform data-property-name=NULLACC
ad.figform data-sep-property-name=NULLACC
ad.figform origin-to-subnode-rel-property-name=attribute-defs
ad.figform subnode-property-names=(default-value)
ad.figform all-property-names=(class-name grove-root subnode-property-names all-property-names children-property-name data-property-name data-sep-property-name parent tree-root origin origin-to-subnode-rel-property-name current-attribute-index current-group decl-value-type default-value-type default-value name tokens)
ad.figform parent-cn=EMPTYNL
ad.figform origin-cn=attribute-def
ad.figform tree-root-cn=attribute-def
ad.figform grove-root-cn=sgml-document
ad.figform data=""
ad.figform kids=0
ad.figform preced=0 follow=0 first-sib=#f last-sib=#f
ad.figform name="FORM"
ad.figform decl-value-type=notation
ad.figform default-value-type=implied?
ad.figform default-value=NULLACC
ad.figform current-attribute-index=NULLACC
ad.figform current-group=NULLACC
ad.gifres class-name=attribute-def
ad.gifres children-property-name=NULLACC
ad.gifres data-property-name=NULLACC
ad.gifres data-sep-property-name=NULLACC
ad.gifres origin-to-subnode-rel-property-name=attribute-defs
ad.gifres subnode-property-names=(default-value)
ad.gifres all-property-names=(class-name grove-root subnode-property-names all-property-names children-property-name data-property-name data-sep-property-name parent tree-root origin origin-to-subnode-rel-property-name current-attribute-index current-group decl-value-type default-value-type default-value name tokens)
ad.gifres parent-cn=EMPTYNL
ad.gifres origin-cn=attribute-def
ad.gifres tree-root-cn=attribute-def
ad.gifres grove-root-cn=sgml-document
ad.gifres data=""
ad.gifres kids=0
ad.gifres preced=0 follow=0 first-sib=#f last-sib=#f
ad.gifres name="RES"
ad.gifres decl-value-type=number
ad.gifres default-value-type=implied?
ad.gifres default-value=NOTINCL
ad.gifres current-attribute-index=NULLACC
ad.gifres current-group=NULLACC
ad.gifscheme class-name=attribute-def
ad.gifscheme children-property-name=NULLACC
ad.gifscheme data-property-name=NULLACC
ad.gifscheme data-sep-property-name=NULLACC
ad.gifscheme origin-to-subnode-rel-property-name=attribute-defs
ad.gifscheme subnode-property-names=(default-value)
ad.gifscheme all-property-names=(class-name grove-root subnode-property-names all-property-names children-property-name data-property-name data-sep-property-name parent tree-root origin origin-to-subnode-rel-property-name current-attribute-index current-group decl-value-type default-value-type default-value name tokens)
ad.gifscheme parent-cn=EMPTYNL
ad.gifscheme origin-cn=attribute-def
ad.gifscheme tree-root-cn=attribute-def
ad.gifscheme grove-root-cn=sgml-document
ad.gifscheme data=""
ad.gifscheme kids=0
ad.gifscheme preced=0 follow=0 first-sib=#f last-sib=#f
ad.gifscheme name="SCHEME"
ad.gifscheme decl-value-type=name-token-group
ad.gifscheme default-value-type=value
ad.gifscheme default-value=NOTINCL
ad.gifscheme current-attribute-index=NULLACC
ad.gifscheme current-group=NULLACC
ad.figform tokens=("GIF" "TIFF")
ad.gifscheme tokens=("RGB" "CMYK")
ad.gifres tokens=NULLACC
mg.doc class-name=model-group
mg.doc children-property-name=NULLACC
mg.doc data-property-name=NULLACC
mg.doc data-sep-property-name=NULLACC
mg.doc origin-to-subnode-rel-property-name=model-group
mg.doc subnode-property-names=(content-tokens)
mg.doc all-property-names=(class-name grove-root subnode-property-names all-property-names children-property-name data-property-name data-sep-property-name parent tree-root origin origin-to-subnode-rel-property-name connector occur-indicator content-tokens)
mg.doc parent-cn=EMPTYNL
mg.doc origin-cn=element-type
mg.doc tree-root-cn=model-group
mg.doc grove-root-cn=sgml-document
mg.doc data=""
mg.doc kids=0
mg.doc preced=0 follow=0 first-sib=#f last-sib=#f
mg.doc connector=seq
mg.doc occurence-indicator=NOTINCL
mg.doc content-tokens=NL:3
mg.doc.tokens cn=element-token
mg.doc.tokens cn=model-group
mg.doc.tokens cn=element-token
tk.doc0 class-name=element-token
tk.doc0 children-property-name=NULLACC
tk.doc0 data-property-name=NULLACC
tk.doc0 data-sep-property-name=NULLACC
tk.doc0 origin-to-subnode-rel-property-name=content-tokens
tk.doc0 subnode-property-names=()
tk.doc0 all-property-names=(class-name grove-root subnode-property-names all-property-names children-property-name data-property-name data-sep-property-name parent tree-root origin origin-to-subnode-rel-property-name gi occur-indicator)
tk.doc0 parent-cn=EMPTYNL
tk.doc0 origin-cn=model-group
tk.doc0 tree-root-cn=element-token
tk.doc0 grove-root-cn=sgml-document
tk.doc0 data=""
tk.doc0 kids=0
tk.doc0 preced=0 follow=0 first-sib=#f last-sib=#t
tk.doc0 gi="TITLE"
tk.doc0 occurence-indicator=NOTINCL
mg.doc1 class-name=model-group
mg.doc1 children-property-name=NULLACC
mg.doc1 data-property-name=NULLACC
mg.doc1 data-sep-property-name=NULLACC
mg.doc1 origin-to-subnode-rel-property-name=content-tokens
mg.doc1 subnode-property-names=(content-tokens)
mg.doc1 all-property-names=(class-name grove-root subnode-property-names all-property-names children-property-name data-property-name data-sep-property-name parent tree-root origin origin-to-subnode-rel-property-name connector occur-indicator content-tokens)
mg.doc1 parent-cn=EMPTYNL
mg.doc1 origin-cn=model-group
mg.doc1 tree-root-cn=model-group
mg.doc1 grove-root-cn=sgml-document
mg.doc1 data=""
mg.doc1 kids=0
mg.doc1 preced=0 follow=0 first-sib=#f last-sib=#f
mg.doc1 connector=or
mg.doc1 occurence-indicator=NOTINCL
mg.doc1 content-tokens=NL:2
mg.doc1.tokens cn=element-token
mg.doc1.tokens cn=element-token
tk.doc2 class-name=element-token
tk.doc2 children-property-name=NULLACC
tk.doc2 data-property-name=NULLACC
tk.doc2 data-sep-property-name=NULLACC
tk.doc2 origin-to-subnode-rel-property-name=content-tokens
tk.doc2 subnode-property-names=()
tk.doc2 all-property-names=(class-name grove-root subnode-property-names all-property-names children-property-name data-property-name data-sep-property-name parent tree-root origin origin-to-subnode-rel-property-name gi occur-indicator)
tk.doc2 parent-cn=EMPTYNL
tk.doc2 origin-cn=model-group
tk.doc2 tree-root-cn=element-token
tk.doc2 grove-root-cn=sgml-document
tk.doc2 data=""
tk.doc2 kids=0
tk.doc2 preced=0 follow=0 first-sib=#f last-sib=#t
tk.doc2 gi="FIG"
tk.doc2 occurence-indicator=NOTINCL
tk.p0 class-name=pcdata-token
tk.p0 children-property-name=NULLACC
tk.p0 data-property-name=NULLACC
tk.p0 data-sep-property-name=NULLACC
tk.p0 origin-to-subnode-rel-property-name=content-tokens
tk.p0 subnode-property-names=()
tk.p0 all-property-names=(class-name grove-root subnode-property-names all-property-names children-property-name data-property-name data-sep-property-name parent tree-root origin origin-to-subnode-rel-property-name)
tk.p0 parent-cn=EMPTYNL
tk.p0 origin-cn=model-group
tk.p0 tree-root-cn=pcdata-token
tk.p0 grove-root-cn=sgml-document
tk.p0 data=""
tk.p0 kids=0
tk.p0 preced=0 follow=0 first-sib=#f last-sib=#f
tk.p0 gi=NOTINCL
tk.p0 occurence-indicator=NOTINCL
tk.p1 class-name=element-token
tk.p1 children-property-name=NULLACC
tk.p1 data-property-name=NULLACC
tk.p1 data-sep-property-name=NULLACC
tk.p1 origin-to-subnode-rel-property-name=content-tokens
tk.p1 subnode-property-names=()
tk.p1 all-property-names=(class-name grove-root subnode-property-names all-property-names children-property-name data-property-name data-sep-property-name parent tree-root origin origin-to-subnode-rel-property-name gi occur-indicator)
tk.p1 parent-cn=EMPTYNL
tk.p1 origin-cn=model-group
tk.p1 tree-root-cn=element-token
tk.p1 grove-root-cn=sgml-document
tk.p1 data=""
tk.p1 kids=0
tk.p1 preced=0 follow=0 first-sib=#f last-sib=#t
tk.p1 gi="HL"
tk.p1 occurence-indicator=NOTINCL
el.doc.element-type-cn=element-type
el.doc.element-type-gi="DOC"
el.title.element-type-gi="TITLE"
id.ent=#t
id.ent-diff=#f
id.dtype=#t
id.eltype=#t
id.attdef=#t
id.attdef-diff=#f
id.extid=#t
id.extid-diff=#f
id.modelgroup=#t
id.token=#t
id.sgml-constants=#t
