shape p1 kids=3 datalen=3
shape p2 kids=3 datalen=3
shape p3 kids=3 datalen=2
shape p4 kids=3 datalen=2
shape p5 kids=3 datalen=2
shape p6 kids=3 datalen=2
shape q1 kids=3 datalen=3
shape q2 kids=3 datalen=3
data p1="A!B"
data p2="AAB"
data p6="JK"
p1 cn=data-char
p1 cn=sdata
p1 cn=data-char
p6 cn=data-char
p6 cn=
p6 cn=data-char
sd1 class-name=sdata
sd1 children-property-name=NULLACC
sd1 data-property-name=char
sd1 data-sep-property-name=NULLACC
sd1 origin-to-subnode-rel-property-name=content
sd1 subnode-property-names=()
sd1 all-property-names=(class-name grove-root subnode-property-names all-property-names children-property-name data-property-name data-sep-property-name parent tree-root origin origin-to-subnode-rel-property-name system-data char entity-name entity)
sd1 parent-cn=element
sd1 origin-cn=element
sd1 origin-gi="P"
sd1 tree-root-cn=element
sd1 grove-root-cn=sgml-document
sd1 data="!"
sd1 kids=0
sd1 preced=1 follow=1 first-sib=#f last-sib=#f
sd1 char=#\!
sd1 system-data="[excl ]"
sd1 entity-name="excl"
sd1 entity=NL:1
sd1.ent class-name=entity
sd1.ent name="excl"
sd1.ent entity-type=sdata
sd1.ent text="[excl ]"
sd1.ent external-id=NULLACC
sd1.ent notation-name=NULLACC
sd1.ent notation=NULLACC
sd1.ent defaulted?=#f
sd1.ent origin-cn=document-type
sduni class-name=sdata
sduni children-property-name=NULLACC
sduni data-property-name=char
sduni data-sep-property-name=NULLACC
sduni origin-to-subnode-rel-property-name=content
sduni subnode-property-names=()
sduni all-property-names=(class-name grove-root subnode-property-names all-property-names children-property-name data-property-name data-sep-property-name parent tree-root origin origin-to-subnode-rel-property-name system-data char entity-name entity)
sduni parent-cn=element
sduni origin-cn=element
sduni origin-gi="P"
sduni tree-root-cn=element
sduni grove-root-cn=sgml-document
sduni data="A"
sduni kids=0
sduni preced=1 follow=1 first-sib=#f last-sib=#f
sduni char=#\A
sduni system-data="[u0041 ]"
sduni entity-name="U-0041"
sduni entity=NL:1
ed class-name=external-data
ed children-property-name=NULLACC
ed data-property-name=NULLACC
ed data-sep-property-name=NULLACC
ed origin-to-subnode-rel-property-name=content
ed subnode-property-names=()
ed all-property-names=(class-name grove-root subnode-property-names all-property-names children-property-name data-property-name data-sep-property-name parent tree-root origin origin-to-subnode-rel-property-name entity-name entity)
ed parent-cn=element
ed origin-cn=element
ed origin-gi="P"
ed tree-root-cn=element
ed grove-root-cn=sgml-document
ed data=""
ed kids=0
ed preced=1 follow=1 first-sib=#f last-sib=#f
ed char=NOTINCL
ed system-data=NOTINCL
ed entity-name="logo"
ed entity=NL:1
ed.ent class-name=entity
ed.ent name="logo"
ed.ent entity-type=ndata
ed.ent text=NULLACC
ed.ent external-id=NL:1
ed.ent notation-name="GIF"
ed.ent notation=NL:1
ed.ent defaulted?=#f
ed.ent origin-cn=document-type
pe class-name=pi
pe children-property-name=NULLACC
pe data-property-name=NULLACC
pe data-sep-property-name=NULLACC
pe origin-to-subnode-rel-property-name=content
pe subnode-property-names=()
pe all-property-names=(class-name grove-root subnode-property-names all-property-names children-property-name data-property-name data-sep-property-name parent tree-root origin origin-to-subnode-rel-property-name system-data entity-name entity)
pe parent-cn=element
pe origin-cn=element
pe origin-gi="P"
pe tree-root-cn=element
pe grove-root-cn=sgml-document
pe data=""
pe kids=0
pe preced=1 follow=1 first-sib=#f last-sib=#f
pe char=NOTINCL
pe system-data="the pi"
pe entity-name="pi-ent"
pe entity=NL:1
pe.ent class-name=entity
pe.ent name="pi-ent"
pe.ent entity-type=pi
pe.ent text="the pi"
pe.ent external-id=NULLACC
pe.ent notation-name=NULLACC
pe.ent notation=NULLACC
pe.ent defaulted?=#f
pe.ent origin-cn=document-type
sb class-name=subdocument
sb children-property-name=NULLACC
sb data-property-name=NULLACC
sb data-sep-property-name=NULLACC
sb origin-to-subnode-rel-property-name=content
sb subnode-property-names=()
sb all-property-names=(class-name grove-root subnode-property-names all-property-names children-property-name data-property-name data-sep-property-name parent tree-root origin origin-to-subnode-rel-property-name entity-name entity)
sb parent-cn=element
sb origin-cn=element
sb origin-gi="P"
sb tree-root-cn=element
sb grove-root-cn=sgml-document
sb data=""
sb kids=0
sb preced=1 follow=1 first-sib=#f last-sib=#f
sb char=NOTINCL
sb system-data=NOTINCL
sb entity-name="subd"
sb entity=NL:1
sb.ent class-name=entity
sb.ent name="subd"
sb.ent entity-type=subdocument
sb.ent text=NULLACC
sb.ent external-id=NL:1
sb.ent notation-name=NULLACC
sb.ent notation=NULLACC
sb.ent defaulted?=#f
sb.ent origin-cn=document-type
ns class-name=
ns children-property-name=NULLACC
ns data-property-name=NULLACC
ns data-sep-property-name=NULLACC
ns origin-to-subnode-rel-property-name=content
ns subnode-property-names=()
ns all-property-names=()
ns parent-cn=element
ns origin-cn=element
ns origin-gi="P"
ns tree-root-cn=element
ns grove-root-cn=sgml-document
ns data=""
ns kids=0
ns preced=1 follow=1 first-sib=#f last-sib=#f
ns char=NULLACC
ns system-data=NOTINCL
ns entity-name=NOTINCL
ns entity=NOTINCL
unk1 system-data="[zzz ]"
unk1 entity-name="sd-unk"
unk1 char-eq-unk2=#t
unk1 char-eq-sd1=#f
sd1 char-eq-sduni=#f
sel sdata=1
sel external-data=1
sel extdata=1
sel subdocument=1
sel subdoc=1
sel pi=1
same sd1=#t
same ed=#t
same sd1-ed=#f
rcs sd1=sdata
rcs ed=extdata
rcs sb=subdoc
rcs ns=
