{\rtf1\ansi\deff0
{\fonttbl{\f0\fnil\fcharset0 Times New Roman;}
}
{\colortbl;}{\stylesheet{\s0 Normal;}{\s1 Heading 1;}{\s2 Heading 2;}{\s3 Heading 3;}{\s4 Heading 4;}{\s5 Heading 5;}{\s6 Heading 6;}{\s7 Heading 7;}{\s8 Heading 8;}{\s9 Heading 9;}}
\deflang1024\notabind\facingp\hyphauto1\widowctrl
\pard\sb240\keep\sl-240\qc \b\fs36 Hello & Welcome\hyphpar0\par\pard\li10\sl-240\fi-60 {\*\bkmkstart ID_FIRST}{\*\bkmkend ID_FIRST}\b0\fs20\lang1031 First \i paragraph\i0  with 5 < 7.\par\pard\li10\sl-240\fi-60 Zweite Zeile mit Umlaut: \'fc.}
