{\rtf1\ansi\deff0
{\fonttbl{\f0\fnil\fcharset0 Times New Roman;}
}
{\colortbl;}{\stylesheet{\s0 Normal;}{\s1 Heading 1;}{\s2 Heading 2;}{\s3 Heading 3;}{\s4 Heading 4;}{\s5 Heading 5;}{\s6 Heading 6;}{\s7 Heading 7;}{\s8 Heading 8;}{\s9 Heading 9;}}
\deflang1024\notabind\facingp\hyphauto1\widowctrl
\pard\sl-1{\*\do\dobxcolumn\dobypara\dodhgt0\dpline\dpptx0\dppty0\dpptx12240\dppty0\dpx0\dpy0\dpxsize12240\dpysize0\dplinew40}\pard\sb40\sl-240 \scaps\fs20 Hello & Welcome\keepn\hyphpar0\par\pard\sl-240 {\*\bkmkstart ID_FIRST}{\*\bkmkend ID_FIRST}\par\pard\sb20\sl-6120\par\pard\sl-240 \scaps0 ok First paragraph with 5 < 7.\hyphpar0\par\pard\sl-240 \par\pard\sb20\sl-6120\par\pard\sl-240 ok Zweite Zeile mit Umlaut: \'fc.}
