<?xml version="1.0"?>
<fot>
<sequence>
<paragraph>
<a name="0"/>
<a name="1"/>
<text>bool</text>
</paragraph>
<paragraph>
<text>boolbad</text>
</paragraph>
</sequence>
<sequence>
<paragraph line-number-side="start" lines="wrap">
<a name="2"/>
<line-field>
</line-field>
</paragraph>
<line-field>
</line-field>
<line-field>
</line-field>
<line-field>
</line-field>
<line-field>
</line-field>
<line-field>
</line-field>
<line-field>
</line-field>
</sequence>
<sequence>
<paragraph>
<a name="3"/>
<text>len</text>
</paragraph>
<paragraph>
<text>lenbad</text>
</paragraph>
<display-group>
<text>nic</text>
</display-group>
</sequence>
<sequence>
<paragraph>
<a name="4"/>
<text>enum</text>
</paragraph>
<paragraph lines="wrap">
<text>enumsym</text>
</paragraph>
<paragraph>
<text>enumnoc</text>
</paragraph>
<rule orientation="horizontal"/>
<rule orientation="horizontal"/>
</sequence>
<sequence>
<a name="5"/>
<character char="&#65;"
/><character char="&#66;"
/><character char="&#67;"
/><paragraph>
<text>opi-no</text>
</paragraph>
<paragraph>
<text>opi-4</text>
</paragraph>
<paragraph>
<text>opi-0</text>
</paragraph>
<paragraph>
<text>ols-no</text>
</paragraph>
<paragraph>
<text>ols-2pt</text>
</paragraph>
<paragraph>
<text>ois-no</text>
</paragraph>
<paragraph>
<text>ois-3pt</text>
</paragraph>
</sequence>
<sequence>
<paragraph>
<sequence>
</sequence>
</paragraph>
<paragraph font-name="12">
<a name="6"/>
<text>pubid</text>
</paragraph>
<character char="&#90;"
/><paragraph>
<text>rawls</text>
</paragraph>
<paragraph>
<text>unit</text>
</paragraph>
</sequence>
</fot>
