<?xml version="1.0"?>
<fot>
<sequence>
<embedded-text/>
</embedded-text>
<included-container-area scale="max-uniform"/>
</included-container-area>
<included-container-area scale="max-uniform"/>
</included-container-area>
</sequence>
<sequence>
<a name="0"/>
<a name="2"/>
<character char="&#65;"
/><character char="&#66;"
/></sequence>
<sequence>
<a name="3"/>
<rule orientation="horizontal"/>
<table>
<table.before-row-border border-present="false"/>
<table.after-row-border border-present="false"/>
<table.before-column-border border-present="false"/>
<table.after-column-border border-present="false"/>
<table-column column-number="1"/>
<table-row>
<sequence>
<sequence>
<table-cell column-number="1">
<table-cell.before-row-border border-present="false"/>
<table-cell.after-row-border border-present="false"/>
<table-cell.before-column-border border-present="false"/>
<table-cell.after-column-border border-present="false"/>
<text>cell</text>
</table-cell>
</sequence>
</sequence>
<sequence>
<table-cell column-number="0">
<table-cell.before-row-border border-present="false"/>
<table-cell.after-row-border border-present="false"/>
<table-cell.before-column-border border-present="false"/>
<table-cell.after-column-border border-present="false"/>
</table-cell>
</sequence>
</table-row>
</table>
</sequence>
<sequence>
<sequence>
<a name="4"/>
<text>score</text>
</sequence>
<box>
<text>box</text>
</box>
<leader>
<text>lead</text>
</leader>
<paragraph-break/>
</sequence>
<sequence>
<column-set-sequence/>
<a name="5"/>
<text>csq</text>
</column-set-sequence>
<page-sequence/>
<text>pseq</text>
</page-sequence>
</sequence>
</fot>
