<?xml version="1.0"?>
<fot>
<sequence>
<embedded-text direction="left-to-right"/>
</embedded-text>
<included-container-area display="true" scale="max-uniform" width="3pt" height="4pt" contents-rotation="90" break-before-priority="5" break-after-priority="-2"/>
</included-container-area>
<included-container-area scale="max-uniform"/>
</included-container-area>
</sequence>
<sequence>
<a name="0"/>
<a name="2"/>
<character char="&#65;" drop-after-line-break="true" drop-unless-before-line-break="false" punct="true" input-whitespace="true" input-tab="false" record-end="true" space="false" math-class="binary" math-font-posture="italic" break-before-priority="6" break-after-priority="7" stretch-factor="1.5"
/><character char="&#66;"
/></sequence>
<sequence>
<a name="3"/>
<rule orientation="vertical" length="18pt"/>
<table>
<table.before-row-border border-present="false"/>
<table.after-row-border border-present="false"/>
<table.before-column-border border-present="false"/>
<table.after-column-border border-present="false"/>
<table-column column-number="1" width="40pt"/>
<table-row>
<sequence>
<sequence>
<table-cell column-number="0">
<table-cell.before-row-border border-present="false"/>
<table-cell.after-row-border border-present="false"/>
<table-cell.before-column-border border-present="false"/>
<table-cell.after-column-border border-present="false"/>
</table-cell>
</sequence>
</sequence>
</table-row>
<table-row>
<sequence>
<table-cell column-number="1" cell-before-row-margin="2pt">
<table-cell.before-row-border border-present="false"/>
<table-cell.after-row-border border-present="false"/>
<table-cell.before-column-border border-present="false"/>
<table-cell.after-column-border border-present="false"/>
<text>cell</text>
</table-cell>
</sequence>
<table-cell column-number="0">
<table-cell.before-row-border border-present="false"/>
<table-cell.after-row-border border-present="false"/>
<table-cell.before-column-border border-present="false"/>
<table-cell.after-column-border border-present="false"/>
</table-cell>
</table-row>
</table>
</sequence>
<sequence>
<score type="through">
<a name="4"/>
<text>score</text>
</score>
<box box-type="border" box-open-end="true">
<text>box</text>
</box>
<leader length=30pt>
<text>lead</text>
</leader>
<paragraph-break/>
</sequence>
<sequence>
<column-set-sequence break-before="page" space-before="9pt"/>
<a name="5"/>
<text>csq</text>
</column-set-sequence>
<page-sequence first-page-type="true" jystify-spread="false" binding-edge="left"/>
<text>pseq</text>
</page-sequence>
</sequence>
</fot>
