<?xml version="1.0"?>
<fot>
<sequence>
<paragraph hyphenate="true" kern="true" ligature="false" score-spaces="false">
<a name="0"/>
<a name="1"/>
<text>bool</text>
</paragraph>
<paragraph>
<text>boolbad</text>
</paragraph>
</sequence>
<sequence>
<paragraph line-number-side="start" lines="wrap">
<a name="2"/>
<line-field>
</line-field>
</paragraph>
<line-field>
</line-field>
<line-field>
</line-field>
<line-field>
</line-field>
<line-field>
</line-field>
<line-field field-width="3pt">
</line-field>
<line-field>
</line-field>
</sequence>
<sequence>
<paragraph space-before="12pt" start-indent="72pt" end-indent="70.866pt" first-line-start-indent="-6pt">
<a name="3"/>
<text>len</text>
</paragraph>
<paragraph space-before=".012pt,0pt,0pt">
<text>lenbad</text>
</paragraph>
<display-group space-before="6pt" space-after="8pt">
<text>nic</text>
</display-group>
</sequence>
<sequence>
<paragraph quadding="center" lines="asis" font-posture="italic" writing-mode="left-to-right">
<a name="4"/>
<text>enum</text>
</paragraph>
<paragraph lines="wrap">
<text>enumsym</text>
</paragraph>
<paragraph>
<text>enumnoc</text>
</paragraph>
<rule orientation="escapement" break-before-priority="3"/>
<rule orientation="vertical"/>
</sequence>
<sequence>
<a name="5"/>
<character char="&#65;" stretch-factor="2.5"
/><character char="&#66;" stretch-factor="3"
/><character char="&#67;"
/><paragraph expand-tabs="0">
<text>opi-no</text>
</paragraph>
<paragraph expand-tabs="4">
<text>opi-4</text>
</paragraph>
<paragraph>
<text>opi-0</text>
</paragraph>
<paragraph min-leading"false">
<text>ols-no</text>
</paragraph>
<paragraph min-leading="2pt">
<text>ols-2pt</text>
</paragraph>
<paragraph>
<text>ois-no</text>
</paragraph>
<paragraph>
<text>ois-3pt</text>
</paragraph>
</sequence>
<sequence>
<paragraph>
<sequence>
</sequence>
</paragraph>
<paragraph font-name="12">
<a name="6"/>
<text>pubid</text>
</paragraph>
<character char="&#90;"
/><paragraph>
<text>rawls</text>
</paragraph>
<paragraph>
<text>unit</text>
</paragraph>
</sequence>
</fot>
