plain z<a=#t
plain a<z=#f
plain y<a=#t
plain char z<a=#t
plain char a<=a=#t
plain zz<za=#t
plain Q<a=#t
plain a<Q=#f
plain equiv Q x 1=#t
nocoll a<b=#f
nocoll b<a=#f
nocoll a<=b=#t
nocoll equiv a b 1=#t
nocoll char a<b=#f
nocoll up-a=A
nocoll up-b=B
nocoll up-z=z
nocoll down-A=a
nocoll down-B=B
full c<ch=#t
full ch<d=#t
full cz<ch=#t
full ch<c=#f
full a<A=#t
full A<b=#t
full a<=A=#t
full equiv a A 1=#t
full equiv a A 2=#f
full equiv a A 9=#f
full equiv a a 1=#t
full e<b=#t
full a<e=#t
full equiv e ab 1=#t
full q<d=#f
full d<q=#t
full up-a=Z
full up-c=C
full up-x=x
full down-A=a
full down-C=C
deflt b<z=#t
deflt z<c=#t
deflt z<z=#f
deflt equiv z y 1=#t
deflt a<z=#t
backw ab<ba=#f
backw ba<ab=#t
backw ac<bc=#t
posl ab<ba=#t
posl aa<ab=#t
language? full=#t
language? nocoll=#t
language? "x"=#f
current is plain=#t
current in with=#t
current after with=#t
