<?xml version="1.0"?>
<fot>
<sequence font-size="12pt">
<sequence font-weight="bold">
<paragraph>
<a name="0"/>
<text>a=AY b=3</text>
<text>K</text>
</paragraph>
</sequence>
<sequence font-posture="italic">
<paragraph>
<text>a=#f b=7</text>
<text>L</text>
</paragraph>
</sequence>
<sequence font-size="9pt">
<text>atom-Z</text>
</sequence>
<sequence>
<paragraph>
<text>a=lbl b=3</text>
<text>M</text>
</paragraph>
</sequence>
<sequence>
<paragraph>
<text>a=cm b=3</text>
<text>N</text>
</paragraph>
</sequence>
<sequence>
<paragraph>
<text>a=DOC b=3</text>
<text>O</text>
</paragraph>
</sequence>
</sequence>
</fot>
