plain
a=AY
b=b-of-AY
content-of-chars
a=#f
b=BEE
content-of-chars-2
a=DOC
b=b-of-DOC
content-of-chars-3
T
-between-
T
content-dropped
gi=DOC
font-size=12pt
label=lab
shadow-content
a=from-outer
b=b-of-from-outer
outer-content
again-second
done
a=in-sec
b=b-of-in-sec
T1ABa=in-sec
b=b-of-in-sec
T2CEgi=NOTE
