gi        yny
any       yy
chain     yny
repeat*   yy
repeat?   yy
repeat+   ny
attr      ynyy
attrkey   yy
attrhas   yn
attrmiss  ny
attrtok   yn
attrempty y
id        yny
class     yny
posftype  yn
posltype  ny
posfany   ny
poslany   yn
onlytype  yn
onlyany   nn
children  ynyn
childqual yn
vacuous   yy
select    4131
