own=9
own-b=9
declared=1
caller-def=77
own-wins=9
second=8
second-def=0
space-sp=#t
space-x=#f
punct-bang=#t
punct-x=#f
blank-nul=#t
recend-cr=#t
tab=#t
inws-sp=#t
num-0=0
num-7=7
num-x=#f
script-a=ISO/IEC 10179::1996//Script::Latin
script-alpha=ISO/IEC 10179::1996//Script::Greek
script-none=#f
bbp-sp=2
bap-sp=3
bbp-x=1
glyph-id=#f
drop-after=#f
drop-unless=#f
math-class=#t
