<?xml version="1.0"?>
<fot>
<simple-page-sequence>
<sequence quadding="center" font-posture="italic" font-weight="bold" font-size="10pt">
<paragraph>
<a name="0"/>
<a name="P1"/>
<text>one</text>
</paragraph>
</sequence>
<sequence quadding="center" font-posture="italic" font-weight="bold" font-size="10pt">
<paragraph>
<a name="P2"/>
<text>two</text>
</paragraph>
</sequence>
</simple-page-sequence>
</fot>
