<?xml version="1.0"?>
<fot>
<simple-page-sequence>
<sequence font-size="14pt" font-weight="bold" quadding="center">
<paragraph>
<a name="0"/>
<a name="P1"/>
<text>one</text>
</paragraph>
</sequence>
<sequence font-size="14pt" font-weight="bold" quadding="center">
<paragraph>
<a name="P2"/>
<text>two</text>
</paragraph>
</sequence>
</simple-page-sequence>
</fot>
