<?xml version="1.0"?>
<fot>
<sequence font-size="9pt">
<sequence font-weight="bold">
<simple-page-sequence>
<sequence font-posture="italic" font-weight="bold">
<paragraph>
<a name="0"/>
<text>one</text>
</paragraph>
</sequence>
<sequence font-posture="italic" quadding="center" font-weight="bold">
<paragraph>
<text>two</text>
</paragraph>
</sequence>
</simple-page-sequence>
</sequence>
</sequence>
</fot>
