<MIFFile 5.0>
<PgfCatalog 
  <Pgf 
    <PgfTag `Default Pgf Format'>
    <PgfFont 
      <FFamily `Times New Roman'>
      <FAngle `Regular'>
      <FWeight `Regular'>
      <FVar `Regular'>
      <FSize 10pt>
      <FColor `Black'>
      <FUnderlining FNoUnderlining>
      <FOverline No>
      <FStrike No>
      <FPosition FNormal>
      <FPairKern No>
      <FCase FAsTyped>
      <FDX 0.000000>
      <FDY 0.000000>
      <FDW 0.000000>
    >
    <PgfLanguage NoLanguage>
    <PgfFIndent 0pt>
    <PgfLIndent 0pt>
    <PgfRIndent 0pt>
    <PgfAlignment Left>
    <PgfSpBefore 0pt>
    <PgfSpAfter 0pt>
    <PgfLineSpacing Fixed>
    <PgfLeading 0pt>
    <PgfNumTabs 0>
    <PgfPlacement Anywhere>
    <PgfPlacementStyle Normal>
    <PgfWithPrev No>
    <PgfWithNext No>
    <PgfBlockSize 2>
    <PgfAutoNum No>
    <PgfHyphenate No>
    <HyphenMaxLines 999>
    <HyphenMinPrefix 2>
    <HyphenMinSuffix 2>
    <HyphenMinWord 2>
    <PgfLetterSpace No>
    <PgfCellAlignment Top>
    <PgfCellMargins 0pt 0pt 0pt 0pt>
    <PgfCellLMarginFixed Yes>
    <PgfCellTMarginFixed Yes>
    <PgfCellRMarginFixed Yes>
    <PgfCellBMarginFixed Yes>
  >
  <Pgf 
    <PgfTag `Header'>
    <PgfFont 
      <FFamily `Times New Roman'>
      <FAngle `Regular'>
      <FWeight `Regular'>
      <FVar `Regular'>
      <FSize 0pt>
      <FColor `Black'>
      <FUnderlining FNoUnderlining>
      <FOverline No>
      <FStrike No>
      <FPosition FNormal>
      <FPairKern No>
      <FCase FAsTyped>
      <FDX 0.000000>
      <FDY 0.000000>
      <FDW 0.000000>
    >
    <PgfLanguage NoLanguage>
    <PgfFIndent 0pt>
    <PgfLIndent 0pt>
    <PgfRIndent 0pt>
    <PgfAlignment Left>
    <PgfSpBefore 0pt>
    <PgfSpAfter 0pt>
    <PgfLineSpacing Fixed>
    <PgfLeading 0pt>
    <PgfNumTabs 0>
    <TabStop 
      <TSX 287.999pt>
      <TSType Center>
      <TSLeaderStr ` '>
    >
    <TabStop 
      <TSX 575.998pt>
      <TSType Right>
      <TSLeaderStr ` '>
    >
    <PgfPlacement Anywhere>
    <PgfPlacementStyle Normal>
    <PgfWithPrev No>
    <PgfWithNext No>
    <PgfBlockSize 2>
    <PgfAutoNum No>
    <PgfHyphenate No>
    <HyphenMaxLines 999>
    <HyphenMinPrefix 2>
    <HyphenMinSuffix 2>
    <HyphenMinWord 2>
    <PgfLetterSpace No>
    <PgfCellAlignment Top>
    <PgfCellMargins 0pt 0pt 0pt 0pt>
    <PgfCellLMarginFixed Yes>
    <PgfCellTMarginFixed Yes>
    <PgfCellRMarginFixed Yes>
    <PgfCellBMarginFixed Yes>
  >
  <Pgf 
    <PgfTag `Footer'>
    <PgfFont 
      <FFamily `Times New Roman'>
      <FAngle `Regular'>
      <FWeight `Regular'>
      <FVar `Regular'>
      <FSize 0pt>
      <FColor `Black'>
      <FUnderlining FNoUnderlining>
      <FOverline No>
      <FStrike No>
      <FPosition FNormal>
      <FPairKern No>
      <FCase FAsTyped>
      <FDX 0.000000>
      <FDY 0.000000>
      <FDW 0.000000>
    >
    <PgfLanguage NoLanguage>
    <PgfFIndent 0pt>
    <PgfLIndent 0pt>
    <PgfRIndent 0pt>
    <PgfAlignment Left>
    <PgfSpBefore 0pt>
    <PgfSpAfter 0pt>
    <PgfLineSpacing Fixed>
    <PgfLeading 0pt>
    <PgfNumTabs 0>
    <TabStop 
      <TSX 287.999pt>
      <TSType Center>
      <TSLeaderStr ` '>
    >
    <TabStop 
      <TSX 575.998pt>
      <TSType Right>
      <TSLeaderStr ` '>
    >
    <PgfPlacement Anywhere>
    <PgfPlacementStyle Normal>
    <PgfWithPrev No>
    <PgfWithNext No>
    <PgfBlockSize 2>
    <PgfAutoNum No>
    <PgfHyphenate No>
    <HyphenMaxLines 999>
    <HyphenMinPrefix 2>
    <HyphenMinSuffix 2>
    <HyphenMinWord 2>
    <PgfLetterSpace No>
    <PgfCellAlignment Top>
    <PgfCellMargins 0pt 0pt 0pt 0pt>
    <PgfCellLMarginFixed Yes>
    <PgfCellTMarginFixed Yes>
    <PgfCellRMarginFixed Yes>
    <PgfCellBMarginFixed Yes>
  >
>
<Document 
  <DColumns 1>
  <DPageSize 576pt 828pt>
  <DTwoSides Yes>
  <DParity FirstRight>
>
<Page 
  <PageType BodyPage>
  <PageTag `'>
  <PageBackground `First'>
  <TextRect 
    <ID 4>
    <Pen 15>
    <Fill 15>
    <PenWidth 0pt>
    <ObColor `Black'>
    <ShapeRect 0.001pt 0pt 575.998pt 828pt>
    <TRNumColumns 1>
    <TRColumnGap 36pt>
    <TRColumnBalance No>
  >
>
<Page 
  <PageType OtherMasterPage>
  <PageTag `First'>
  <TextRect 
    <ID 5>
    <Pen 15>
    <Fill 15>
    <PenWidth 0pt>
    <ObColor `Black'>
    <ShapeRect 0.001pt 0pt 575.998pt 0pt>
    <TRNumColumns 1>
    <TRColumnGap 0pt>
    <TRColumnBalance No>
  >
  <TextRect 
    <ID 1>
    <Pen 15>
    <Fill 15>
    <PenWidth 0pt>
    <ObColor `Black'>
    <ShapeRect 0.001pt 0pt 575.998pt 828pt>
    <TRNumColumns 1>
    <TRColumnGap 36pt>
    <TRColumnBalance No>
  >
  <TextRect 
    <ID 8>
    <Pen 15>
    <Fill 15>
    <PenWidth 0pt>
    <ObColor `Black'>
    <ShapeRect 0.001pt 828pt 575.998pt 0pt>
    <TRNumColumns 1>
    <TRColumnGap 0pt>
    <TRColumnBalance No>
  >
>
<Page 
  <PageType RightMasterPage>
  <PageTag `Right'>
  <TextRect 
    <ID 6>
    <Pen 15>
    <Fill 15>
    <PenWidth 0pt>
    <ObColor `Black'>
    <ShapeRect 0.001pt 0pt 575.998pt 0pt>
    <TRNumColumns 1>
    <TRColumnGap 0pt>
    <TRColumnBalance No>
  >
  <TextRect 
    <ID 2>
    <Pen 15>
    <Fill 15>
    <PenWidth 0pt>
    <ObColor `Black'>
    <ShapeRect 0.001pt 0pt 575.998pt 828pt>
    <TRNumColumns 1>
    <TRColumnGap 36pt>
    <TRColumnBalance No>
  >
  <TextRect 
    <ID 9>
    <Pen 15>
    <Fill 15>
    <PenWidth 0pt>
    <ObColor `Black'>
    <ShapeRect 0.001pt 828pt 575.998pt 0pt>
    <TRNumColumns 1>
    <TRColumnGap 0pt>
    <TRColumnBalance No>
  >
>
<Page 
  <PageType LeftMasterPage>
  <PageTag `Left'>
  <TextRect 
    <ID 7>
    <Pen 15>
    <Fill 15>
    <PenWidth 0pt>
    <ObColor `Black'>
    <ShapeRect 0.001pt 0pt 575.998pt 0pt>
    <TRNumColumns 1>
    <TRColumnGap 0pt>
    <TRColumnBalance No>
  >
  <TextRect 
    <ID 3>
    <Pen 15>
    <Fill 15>
    <PenWidth 0pt>
    <ObColor `Black'>
    <ShapeRect 0.001pt 0pt 575.998pt 828pt>
    <TRNumColumns 1>
    <TRColumnGap 36pt>
    <TRColumnBalance No>
  >
  <TextRect 
    <ID 10>
    <Pen 15>
    <Fill 15>
    <PenWidth 0pt>
    <ObColor `Black'>
    <ShapeRect 0.001pt 828pt 575.998pt 0pt>
    <TRNumColumns 1>
    <TRColumnGap 0pt>
    <TRColumnBalance No>
  >
>
<TextFlow 
  <TFTag `A'>
  <TFAutoConnect Yes>
  <Para 
    <ParaLine 
      <TextRectID 1>
    >
  >
>
<TextFlow 
  <TFTag `A'>
  <TFAutoConnect Yes>
  <Para 
    <ParaLine 
      <TextRectID 3>
    >
  >
>
<TextFlow 
  <TFTag `A'>
  <TFAutoConnect Yes>
  <Para 
    <ParaLine 
      <TextRectID 2>
    >
  >
>
<TextFlow 
  <TFTag `A'>
  <TFAutoConnect Yes>
  <String `H1'>
  <Para 
    <Pgf 
      <PgfTag `Default Pgf Format'>
      <PgfFont 
        <FSize 12pt>
      >
    >
    <ParaLine 
      <TextRectID 4>
      <Font 
        <FSize 10pt>
      >
      <String `Hello '>
      <String `&'>
      <String ` Welcome'>
    >
  >
>
<TextFlow 
  <Para 
    <PgfTag `Header'>
    <Font 
      <FSize 10pt>
    >
    <ParaLine 
      <TextRectID 5>
      <String `H1'>
      <Char Tab>
      <Char Tab>
    >
  >
>
<TextFlow 
  <Para 
    <PgfTag `Footer'>
    <Font 
      <FSize 10pt>
    >
    <ParaLine 
      <TextRectID 8>
      <Char Tab>
      <Char Tab>
    >
  >
>
<TextFlow 
  <Para 
    <PgfTag `Header'>
    <Font 
      <FSize 10pt>
    >
    <ParaLine 
      <TextRectID 7>
      <String `H1'>
      <Char Tab>
      <Char Tab>
    >
  >
>
<TextFlow 
  <Para 
    <PgfTag `Footer'>
    <Font 
      <FSize 10pt>
    >
    <ParaLine 
      <TextRectID 10>
      <Char Tab>
      <Char Tab>
    >
  >
>
<TextFlow 
  <Para 
    <PgfTag `Header'>
    <Font 
      <FSize 10pt>
    >
    <ParaLine 
      <TextRectID 6>
      <String `H1'>
      <Char Tab>
      <Char Tab>
    >
  >
>
<TextFlow 
  <Para 
    <PgfTag `Footer'>
    <Font 
      <FSize 10pt>
    >
    <ParaLine 
      <TextRectID 9>
      <Char Tab>
      <Char Tab>
    >
  >
>