<MIFFile 5.0>
<PgfCatalog 
  <Pgf 
    <PgfTag `Default Pgf Format'>
    <PgfFont 
      <FFamily `Times New Roman'>
      <FAngle `Regular'>
      <FWeight `Regular'>
      <FVar `Regular'>
      <FSize 10pt>
      <FColor `Black'>
      <FUnderlining FNoUnderlining>
      <FOverline No>
      <FStrike No>
      <FPosition FNormal>
      <FPairKern No>
      <FCase FAsTyped>
      <FDX 0.000000>
      <FDY 0.000000>
      <FDW 0.000000>
    >
    <PgfLanguage NoLanguage>
    <PgfFIndent 0pt>
    <PgfLIndent 0pt>
    <PgfRIndent 0pt>
    <PgfAlignment Left>
    <PgfSpBefore 0pt>
    <PgfSpAfter 0pt>
    <PgfLineSpacing Fixed>
    <PgfLeading 0pt>
    <PgfNumTabs 0>
    <PgfPlacement Anywhere>
    <PgfPlacementStyle Normal>
    <PgfWithPrev No>
    <PgfWithNext No>
    <PgfBlockSize 2>
    <PgfAutoNum No>
    <PgfHyphenate No>
    <HyphenMaxLines 999>
    <HyphenMinPrefix 2>
    <HyphenMinSuffix 2>
    <HyphenMinWord 2>
    <PgfLetterSpace No>
    <PgfCellAlignment Top>
    <PgfCellMargins 0pt 0pt 0pt 0pt>
    <PgfCellLMarginFixed Yes>
    <PgfCellTMarginFixed Yes>
    <PgfCellRMarginFixed Yes>
    <PgfCellBMarginFixed Yes>
  >
  <Pgf 
    <PgfTag `Header'>
    <PgfFont 
      <FFamily `Times New Roman'>
      <FAngle `Regular'>
      <FWeight `Regular'>
      <FVar `Regular'>
      <FSize 0pt>
      <FColor `Black'>
      <FUnderlining FNoUnderlining>
      <FOverline No>
      <FStrike No>
      <FPosition FNormal>
      <FPairKern No>
      <FCase FAsTyped>
      <FDX 0.000000>
      <FDY 0.000000>
      <FDW 0.000000>
    >
    <PgfLanguage NoLanguage>
    <PgfFIndent 0pt>
    <PgfLIndent 0pt>
    <PgfRIndent 0pt>
    <PgfAlignment Left>
    <PgfSpBefore 0pt>
    <PgfSpAfter 0pt>
    <PgfLineSpacing Fixed>
    <PgfLeading 0pt>
    <PgfNumTabs 0>
    <TabStop 
      <TSX 287.999pt>
      <TSType Center>
      <TSLeaderStr ` '>
    >
    <TabStop 
      <TSX 575.998pt>
      <TSType Right>
      <TSLeaderStr ` '>
    >
    <PgfPlacement Anywhere>
    <PgfPlacementStyle Normal>
    <PgfWithPrev No>
    <PgfWithNext No>
    <PgfBlockSize 2>
    <PgfAutoNum No>
    <PgfHyphenate No>
    <HyphenMaxLines 999>
    <HyphenMinPrefix 2>
    <HyphenMinSuffix 2>
    <HyphenMinWord 2>
    <PgfLetterSpace No>
    <PgfCellAlignment Top>
    <PgfCellMargins 0pt 0pt 0pt 0pt>
    <PgfCellLMarginFixed Yes>
    <PgfCellTMarginFixed Yes>
    <PgfCellRMarginFixed Yes>
    <PgfCellBMarginFixed Yes>
  >
  <Pgf 
    <PgfTag `Footer'>
    <PgfFont 
      <FFamily `Times New Roman'>
      <FAngle `Regular'>
      <FWeight `Regular'>
      <FVar `Regular'>
      <FSize 0pt>
      <FColor `Black'>
      <FUnderlining FNoUnderlining>
      <FOverline No>
      <FStrike No>
      <FPosition FNormal>
      <FPairKern No>
      <FCase FAsTyped>
      <FDX 0.000000>
      <FDY 0.000000>
      <FDW 0.000000>
    >
    <PgfLanguage NoLanguage>
    <PgfFIndent 0pt>
    <PgfLIndent 0pt>
    <PgfRIndent 0pt>
    <PgfAlignment Left>
    <PgfSpBefore 0pt>
    <PgfSpAfter 0pt>
    <PgfLineSpacing Fixed>
    <PgfLeading 0pt>
    <PgfNumTabs 0>
    <TabStop 
      <TSX 287.999pt>
      <TSType Center>
      <TSLeaderStr ` '>
    >
    <TabStop 
      <TSX 575.998pt>
      <TSType Right>
      <TSLeaderStr ` '>
    >
    <PgfPlacement Anywhere>
    <PgfPlacementStyle Normal>
    <PgfWithPrev No>
    <PgfWithNext No>
    <PgfBlockSize 2>
    <PgfAutoNum No>
    <PgfHyphenate No>
    <HyphenMaxLines 999>
    <HyphenMinPrefix 2>
    <HyphenMinSuffix 2>
    <HyphenMinWord 2>
    <PgfLetterSpace No>
    <PgfCellAlignment Top>
    <PgfCellMargins 0pt 0pt 0pt 0pt>
    <PgfCellLMarginFixed Yes>
    <PgfCellTMarginFixed Yes>
    <PgfCellRMarginFixed Yes>
    <PgfCellBMarginFixed Yes>
  >
>
<XRefFormats 
  <XRefFormat 
    <XRefName `Page Number Format'>
    <XRefDef `<$pagenum\>'>
  >
>
<Document 
  <DColumns 1>
  <DPageSize 576pt 828pt>
  <DTwoSides Yes>
  <DParity FirstRight>
>
<Page 
  <PageType BodyPage>
  <PageTag `'>
  <PageBackground `First'>
  <TextRect 
    <ID 24>
    <Pen 15>
    <Fill 15>
    <PenWidth 0pt>
    <ObColor `Black'>
    <ShapeRect 0.001pt 0pt 575.998pt 828pt>
    <TRNumColumns 1>
    <TRColumnGap 36pt>
    <TRColumnBalance No>
  >
>
<Page 
  <PageType OtherMasterPage>
  <PageTag `First'>
  <TextRect 
    <ID 25>
    <Pen 15>
    <Fill 15>
    <PenWidth 0pt>
    <ObColor `Black'>
    <ShapeRect 0.001pt 0pt 575.998pt 0pt>
    <TRNumColumns 1>
    <TRColumnGap 0pt>
    <TRColumnBalance No>
  >
  <TextRect 
    <ID 21>
    <Pen 15>
    <Fill 15>
    <PenWidth 0pt>
    <ObColor `Black'>
    <ShapeRect 0.001pt 0pt 575.998pt 828pt>
    <TRNumColumns 1>
    <TRColumnGap 36pt>
    <TRColumnBalance No>
  >
  <TextRect 
    <ID 28>
    <Pen 15>
    <Fill 15>
    <PenWidth 0pt>
    <ObColor `Black'>
    <ShapeRect 0.001pt 828pt 575.998pt 0pt>
    <TRNumColumns 1>
    <TRColumnGap 0pt>
    <TRColumnBalance No>
  >
>
<Page 
  <PageType RightMasterPage>
  <PageTag `Right'>
  <TextRect 
    <ID 26>
    <Pen 15>
    <Fill 15>
    <PenWidth 0pt>
    <ObColor `Black'>
    <ShapeRect 0.001pt 0pt 575.998pt 0pt>
    <TRNumColumns 1>
    <TRColumnGap 0pt>
    <TRColumnBalance No>
  >
  <TextRect 
    <ID 22>
    <Pen 15>
    <Fill 15>
    <PenWidth 0pt>
    <ObColor `Black'>
    <ShapeRect 0.001pt 0pt 575.998pt 828pt>
    <TRNumColumns 1>
    <TRColumnGap 36pt>
    <TRColumnBalance No>
  >
  <TextRect 
    <ID 29>
    <Pen 15>
    <Fill 15>
    <PenWidth 0pt>
    <ObColor `Black'>
    <ShapeRect 0.001pt 828pt 575.998pt 0pt>
    <TRNumColumns 1>
    <TRColumnGap 0pt>
    <TRColumnBalance No>
  >
>
<Page 
  <PageType LeftMasterPage>
  <PageTag `Left'>
  <TextRect 
    <ID 27>
    <Pen 15>
    <Fill 15>
    <PenWidth 0pt>
    <ObColor `Black'>
    <ShapeRect 0.001pt 0pt 575.998pt 0pt>
    <TRNumColumns 1>
    <TRColumnGap 0pt>
    <TRColumnBalance No>
  >
  <TextRect 
    <ID 23>
    <Pen 15>
    <Fill 15>
    <PenWidth 0pt>
    <ObColor `Black'>
    <ShapeRect 0.001pt 0pt 575.998pt 828pt>
    <TRNumColumns 1>
    <TRColumnGap 36pt>
    <TRColumnBalance No>
  >
  <TextRect 
    <ID 30>
    <Pen 15>
    <Fill 15>
    <PenWidth 0pt>
    <ObColor `Black'>
    <ShapeRect 0.001pt 828pt 575.998pt 0pt>
    <TRNumColumns 1>
    <TRColumnGap 0pt>
    <TRColumnBalance No>
  >
>
<TextFlow 
  <TFTag `A'>
  <TFAutoConnect Yes>
  <Para 
    <ParaLine 
      <TextRectID 21>
    >
  >
>
<TextFlow 
  <TFTag `A'>
  <TFAutoConnect Yes>
  <Para 
    <ParaLine 
      <TextRectID 23>
    >
  >
>
<TextFlow 
  <TFTag `A'>
  <TFAutoConnect Yes>
  <Para 
    <ParaLine 
      <TextRectID 22>
    >
  >
>
<TextFlow 
  <TFTag `A'>
  <TFAutoConnect Yes>
  <XRef 
    <XRefName `Page Number Format'>
    <XRefSrcText `NODE0.4'>
    <XRefSrcFile `<c\>3.mif'>
  >
  <String `000'>
  <XRefEnd>
  <Para 
    <Pgf 
      <PgfTag `Default Pgf Format'>
      <PgfFont 
        <FSize 12pt>
      >
    >
    <ParaLine 
      <TextRectID 24>
      <Marker 
        <MType 9>
        <MText `NODE0.4'>
      >
      <Font 
        <FSize 10pt>
      >
      <String `Zweite Zeile mit Umlaut: '>
      <String `\x9f '>
      <String `.'>
    >
  >
>
<TextFlow 
  <Para 
    <PgfTag `Header'>
    <Font 
      <FSize 10pt>
    >
    <ParaLine 
      <TextRectID 25>
      <Char Tab>
      <Char Tab>
    >
  >
>
<TextFlow 
  <Para 
    <PgfTag `Footer'>
    <Font 
      <FSize 10pt>
    >
    <ParaLine 
      <TextRectID 28>
      <Char Tab>
      <Char Tab>
      <XRef 
        <XRefName `Page Number Format'>
        <XRefSrcText `NODE0.4'>
        <XRefSrcFile `<c\>3.mif'>
      >
      <String `000'>
      <XRefEnd>
    >
  >
>
<TextFlow 
  <Para 
    <PgfTag `Header'>
    <Font 
      <FSize 10pt>
    >
    <ParaLine 
      <TextRectID 27>
      <Char Tab>
      <Char Tab>
    >
  >
>
<TextFlow 
  <Para 
    <PgfTag `Footer'>
    <Font 
      <FSize 10pt>
    >
    <ParaLine 
      <TextRectID 30>
      <Char Tab>
      <Char Tab>
      <XRef 
        <XRefName `Page Number Format'>
        <XRefSrcText `NODE0.4'>
        <XRefSrcFile `<c\>3.mif'>
      >
      <String `000'>
      <XRefEnd>
    >
  >
>
<TextFlow 
  <Para 
    <PgfTag `Header'>
    <Font 
      <FSize 10pt>
    >
    <ParaLine 
      <TextRectID 26>
      <Char Tab>
      <Char Tab>
    >
  >
>
<TextFlow 
  <Para 
    <PgfTag `Footer'>
    <Font 
      <FSize 10pt>
    >
    <ParaLine 
      <TextRectID 29>
      <Char Tab>
      <Char Tab>
      <XRef 
        <XRefName `Page Number Format'>
        <XRefSrcText `NODE0.4'>
        <XRefSrcFile `<c\>3.mif'>
      >
      <String `000'>
      <XRefEnd>
    >
  >
>