<MIFFile 5.0>
<PgfCatalog 
  <Pgf 
    <PgfTag `Default Pgf Format'>
    <PgfFont 
      <FFamily `Times New Roman'>
      <FAngle `Regular'>
      <FWeight `Regular'>
      <FVar `Regular'>
      <FSize 10pt>
      <FColor `Black'>
      <FUnderlining FNoUnderlining>
      <FOverline No>
      <FStrike No>
      <FPosition FNormal>
      <FPairKern No>
      <FCase FAsTyped>
      <FDX 0.000000>
      <FDY 0.000000>
      <FDW 0.000000>
    >
    <PgfLanguage NoLanguage>
    <PgfFIndent 0pt>
    <PgfLIndent 0pt>
    <PgfRIndent 0pt>
    <PgfAlignment Left>
    <PgfSpBefore 0pt>
    <PgfSpAfter 0pt>
    <PgfLineSpacing Fixed>
    <PgfLeading 0pt>
    <PgfNumTabs 0>
    <PgfPlacement Anywhere>
    <PgfPlacementStyle Normal>
    <PgfWithPrev No>
    <PgfWithNext No>
    <PgfBlockSize 2>
    <PgfAutoNum No>
    <PgfHyphenate No>
    <HyphenMaxLines 999>
    <HyphenMinPrefix 2>
    <HyphenMinSuffix 2>
    <HyphenMinWord 2>
    <PgfLetterSpace No>
    <PgfCellAlignment Top>
    <PgfCellMargins 0pt 0pt 0pt 0pt>
    <PgfCellLMarginFixed Yes>
    <PgfCellTMarginFixed Yes>
    <PgfCellRMarginFixed Yes>
    <PgfCellBMarginFixed Yes>
  >
>
<AFrames 
  <Frame 
    <ID 1>
    <Pen 15>
    <Fill 15>
    <PenWidth 0pt>
    <ObColor `Black'>
    <ShapeRect 0pt 0pt 575.998pt 2pt>
    <FrameType Inline>
    <BLOffset 0.333pt>
    <AnchorAlign Left>
    <PolyLine 
      <ID 2>
      <Pen 0>
      <Fill 0>
      <PenWidth 2pt>
      <ObColor `Black'>
      <HeadCap Butt>
      <TailCap Butt>
      <Point 0pt 1pt>
      <Point 575.998pt 1pt>
    >
  >
  <Frame 
    <ID 3>
    <Pen 15>
    <Fill 15>
    <PenWidth 0pt>
    <ObColor `Black'>
    <ShapeRect 0pt 0pt 36pt 1pt>
    <FrameType Inline>
    <BLOffset 0pt>
    <AnchorAlign Left>
    <PolyLine 
      <ID 4>
      <Pen 0>
      <Fill 0>
      <PenWidth 1pt>
      <ObColor `Black'>
      <HeadCap Butt>
      <TailCap Butt>
      <Point 0pt 0.5pt>
      <Point 36pt 0.5pt>
    >
  >
  <Frame 
    <ID 5>
    <Pen 15>
    <Fill 15>
    <PenWidth 0pt>
    <ObColor `Black'>
    <ShapeRect 0pt 0pt 575.998pt 1pt>
    <FrameType Inline>
    <BLOffset 0.833pt>
    <AnchorAlign Left>
    <PolyLine 
      <ID 6>
      <Pen 0>
      <Fill 0>
      <PenWidth 1pt>
      <ObColor `Black'>
      <HeadCap Butt>
      <TailCap Butt>
      <Point 0pt 0.5pt>
      <Point 287.999pt 0.5pt>
    >
  >
  <Frame 
    <ID 7>
    <Pen 15>
    <Fill 15>
    <PenWidth 0pt>
    <ObColor `Black'>
    <ShapeRect 0pt 0pt 36pt 1pt>
    <FrameType Inline>
    <BLOffset 0pt>
    <AnchorAlign Left>
    <PolyLine 
      <ID 8>
      <Pen 0>
      <Fill 0>
      <PenWidth 1pt>
      <ObColor `Black'>
      <HeadCap Butt>
      <TailCap Butt>
      <Point 0pt 0.5pt>
      <Point 36pt 0.5pt>
    >
  >
  <Frame 
    <ID 9>
    <Pen 15>
    <Fill 15>
    <PenWidth 0pt>
    <ObColor `Black'>
    <ShapeRect 0pt 0pt 575.998pt 1pt>
    <FrameType Inline>
    <BLOffset 0.833pt>
    <AnchorAlign Left>
    <PolyLine 
      <ID 10>
      <Pen 0>
      <Fill 0>
      <PenWidth 1pt>
      <ObColor `Black'>
      <HeadCap Butt>
      <TailCap Butt>
      <Point 0pt 0.5pt>
      <Point 287.999pt 0.5pt>
    >
  >
>
<Document 
  <DMargins 0.001pt 0.001pt 0.001pt 0.001pt>
  <DColumns 1>
  <DPageSize 576pt 828pt>
>
<Para 
  <Pgf 
    <PgfTag `Default Pgf Format'>
    <PgfFont 
      <FSize 12pt>
    >
  >
  <ParaLine 
  >
>
<Para 
  <Pgf 
    <PgfFont 
      <FSize 2pt>
      <FColor `White'>
    >
    <PgfLeading -2pt>
    <PgfWithNext Yes>
  >
  <ParaLine 
    <AFrame 1>
  >
>
<Para 
  <Pgf 
    <PgfFont 
      <FSize 12pt>
      <FColor `Black'>
    >
    <PgfSpBefore 2pt>
    <PgfLeading 0pt>
    <PgfWithNext No>
  >
  <ParaLine 
    <Font 
      <FSize 10pt>
    >
    <String `Hello '>
    <String `&'>
    <String ` Welcome'>
  >
>
<AFrame 3>
<Para 
  <Pgf 
    <PgfFont 
      <FSize 2pt>
      <FColor `White'>
    >
    <PgfSpBefore 1pt>
    <PgfLeading -2pt>
  >
  <ParaLine 
    <AFrame 5>
  >
>
<Para 
  <Pgf 
    <PgfFont 
      <FSize 12pt>
      <FColor `Black'>
    >
    <PgfSpBefore 0pt>
    <PgfLeading 0pt>
  >
  <ParaLine 
    <Font 
      <FSize 10pt>
    >
    <String `ok '>
    <String `First '>
    <String `paragraph'>
    <String ` with 5 '>
    <String `<'>
    <String ` 7.'>
  >
>
<AFrame 7>
<Para 
  <Pgf 
    <PgfFont 
      <FSize 2pt>
      <FColor `White'>
    >
    <PgfSpBefore 1pt>
    <PgfLeading -2pt>
  >
  <ParaLine 
    <AFrame 9>
  >
>
<Para 
  <Pgf 
    <PgfFont 
      <FSize 12pt>
      <FColor `Black'>
    >
    <PgfSpBefore 0pt>
    <PgfLeading 0pt>
  >
  <ParaLine 
    <Font 
      <FSize 10pt>
    >
    <String `ok '>
    <String `Zweite Zeile mit Umlaut: '>
    <String `\x9f '>
    <String `.'>
  >
>