<MIFFile 5.0>
<PgfCatalog 
  <Pgf 
    <PgfTag `Default Pgf Format'>
    <PgfFont 
      <FFamily `Times New Roman'>
      <FAngle `Regular'>
      <FWeight `Regular'>
      <FVar `Regular'>
      <FSize 10pt>
      <FColor `Black'>
      <FUnderlining FNoUnderlining>
      <FOverline No>
      <FStrike No>
      <FPosition FNormal>
      <FPairKern No>
      <FCase FAsTyped>
      <FDX 0.000000>
      <FDY 0.000000>
      <FDW 0.000000>
    >
    <PgfLanguage NoLanguage>
    <PgfFIndent 0pt>
    <PgfLIndent 0pt>
    <PgfRIndent 0pt>
    <PgfAlignment Left>
    <PgfSpBefore 0pt>
    <PgfSpAfter 0pt>
    <PgfLineSpacing Fixed>
    <PgfLeading 0pt>
    <PgfNumTabs 0>
    <PgfPlacement Anywhere>
    <PgfPlacementStyle Normal>
    <PgfWithPrev No>
    <PgfWithNext No>
    <PgfBlockSize 2>
    <PgfAutoNum No>
    <PgfHyphenate No>
    <HyphenMaxLines 999>
    <HyphenMinPrefix 2>
    <HyphenMinSuffix 2>
    <HyphenMinWord 2>
    <PgfLetterSpace No>
    <PgfCellAlignment Top>
    <PgfCellMargins 0pt 0pt 0pt 0pt>
    <PgfCellLMarginFixed Yes>
    <PgfCellTMarginFixed Yes>
    <PgfCellRMarginFixed Yes>
    <PgfCellBMarginFixed Yes>
  >
>
<Document 
  <DMargins 0.001pt 0.001pt 0.001pt 0.001pt>
  <DColumns 1>
  <DPageSize 576pt 828pt>
>
<Para 
  <Pgf 
    <PgfTag `Default Pgf Format'>
    <PgfFont 
      <FSize 12pt>
    >
  >
  <ParaLine 
    <Font 
      <FSize 10pt>
    >
    <String `1/F/3'>
    <String ` '>
    <String `1/2/3'>
    <String ` '>
    <String `1/2/4'>
    <String ` '>
    <String `11'>
    <String ` '>
    <String `15'>
    <String ` '>
    <String `empty'>
    <String ` '>
    <String `3'>
  >
>
<Para 
  <ParaLine 
    <Font 
      <FSize 10pt>
    >
    <String `1'>
    <String ` '>
    <String `4'>
    <String ` '>
    <String `3/F/6'>
    <String ` '>
    <String `3/7/6'>
    <String ` '>
    <String `3/2/1'>
    <String ` '>
    <String `3/5/6'>
    <String ` '>
    <String `0/F'>
    <String ` '>
    <String `2/5'>
    <String ` '>
    <String `22'>
    <String ` '>
    <String `5'>
  >
>
<Para 
  <ParaLine 
    <Font 
      <FSize 10pt>
    >
    <String `1'>
    <String ` '>
    <String `4'>
    <String ` '>
    <String `3/F/6'>
    <String ` '>
    <String `3/7/6'>
    <String ` '>
    <String `3/2/1'>
    <String ` '>
    <String `3/5/6'>
    <String ` '>
    <String `0/F'>
    <String ` '>
    <String `2/5'>
    <String ` '>
    <String `22'>
    <String ` '>
    <String `5'>
  >
>