<MIFFile 5.0>
<PgfCatalog 
  <Pgf 
    <PgfTag `Default Pgf Format'>
    <PgfFont 
      <FFamily `Times New Roman'>
      <FAngle `Regular'>
      <FWeight `Regular'>
      <FVar `Regular'>
      <FSize 10pt>
      <FColor `Black'>
      <FUnderlining FNoUnderlining>
      <FOverline No>
      <FStrike No>
      <FPosition FNormal>
      <FPairKern No>
      <FCase FAsTyped>
      <FDX 0.000000>
      <FDY 0.000000>
      <FDW 0.000000>
    >
    <PgfLanguage NoLanguage>
    <PgfFIndent 0pt>
    <PgfLIndent 0pt>
    <PgfRIndent 0pt>
    <PgfAlignment Left>
    <PgfSpBefore 0pt>
    <PgfSpAfter 0pt>
    <PgfLineSpacing Fixed>
    <PgfLeading 0pt>
    <PgfNumTabs 0>
    <PgfPlacement Anywhere>
    <PgfPlacementStyle Normal>
    <PgfWithPrev No>
    <PgfWithNext No>
    <PgfBlockSize 2>
    <PgfAutoNum No>
    <PgfHyphenate No>
    <HyphenMaxLines 999>
    <HyphenMinPrefix 2>
    <HyphenMinSuffix 2>
    <HyphenMinWord 2>
    <PgfLetterSpace No>
    <PgfCellAlignment Top>
    <PgfCellMargins 0pt 0pt 0pt 0pt>
    <PgfCellLMarginFixed Yes>
    <PgfCellTMarginFixed Yes>
    <PgfCellRMarginFixed Yes>
    <PgfCellBMarginFixed Yes>
  >
>
<RulingCatalog 
  <Ruling 
    <RulingTag `Ruling-1000-0-0-1-Black'>
    <RulingPenWidth 1pt>
    <RulingGap 0pt>
    <RulingColor `Black'>
    <RulingLines 1>
  >
  <Ruling 
    <RulingTag `Ruling-2000-0-0-1-Black'>
    <RulingPenWidth 2pt>
    <RulingGap 0pt>
    <RulingColor `Black'>
    <RulingLines 1>
  >
  <Ruling 
    <RulingTag `Ruling-3000-0-0-1-Black'>
    <RulingPenWidth 3pt>
    <RulingGap 0pt>
    <RulingColor `Black'>
    <RulingLines 1>
  >
>
<TblCatalog 
  <TblFormat 
    <TblTag `Default Tbl Format'>
    <TblLIndent 0pt>
    <TblRIndent 0pt>
    <TblSpBefore 0pt>
    <TblSpAfter 0pt>
    <TblAlignment Left>
    <TblCellMargins 0pt 0pt 0pt 0pt>
    <TblTitlePlacement None>
  >
>
<Document 
  <DMargins 0.001pt 0.001pt 0.001pt 0.001pt>
  <DColumns 1>
  <DPageSize 576pt 828pt>
>
<Tbls 
  <Tbl 
    <TblID 1>
    <TblTag `Default Tbl Format'>
    <TblNumColumns 3>
    <TblColumnWidth 133.333pt>
    <TblColumnWidth 133.333pt>
    <TblColumnWidth 133.333pt>
    <TblBody 
      <Row 
        <Cell 
          <CellLRuling `Ruling-2000-0-0-1-Black'>
          <CellTRuling `Ruling-1000-0-0-1-Black'>
          <CellContent 
          >
        >
        <Cell 
          <CellTRuling `Ruling-1000-0-0-1-Black'>
          <CellContent 
          >
        >
        <Cell 
          <CellRRuling `Ruling-3000-0-0-1-Black'>
          <CellTRuling `Ruling-1000-0-0-1-Black'>
          <CellContent 
          >
        >
      >
      <Row 
        <Cell 
          <CellLRuling `Ruling-2000-0-0-1-Black'>
          <CellContent 
          >
        >
        <Cell 
          <CellLRuling `Ruling-1000-0-0-1-Black'>
          <CellRRuling `Ruling-3000-0-0-1-Black'>
          <CellColumns 2>
          <CellContent 
          >
        >
        <Cell 
          <CellContent 
          >
        >
      >
      <Row 
        <Cell 
          <CellLRuling `Ruling-2000-0-0-1-Black'>
          <CellBRuling `Ruling-2000-0-0-1-Black'>
          <CellRows 2>
          <CellContent 
          >
        >
        <Cell 
          <CellContent 
          >
        >
        <Cell 
          <CellRRuling `Ruling-3000-0-0-1-Black'>
          <CellContent 
          >
        >
      >
      <Row 
        <Cell 
          <CellContent 
          >
        >
        <Cell 
          <CellBRuling `Ruling-2000-0-0-1-Black'>
          <CellContent 
          >
        >
        <Cell 
          <CellBRuling `Ruling-2000-0-0-1-Black'>
          <CellRRuling `Ruling-3000-0-0-1-Black'>
          <CellContent 
          >
        >
      >
    >
  >
  <Tbl 
    <TblID 2>
    <TblTag `Default Tbl Format'>
    <TblNumColumns 2>
    <TblColumnWidth 80pt>
    <TblColumnWidth 495.998pt>
    <TblBody 
      <Row 
        <Cell 
          <CellTRuling `Ruling-1000-0-0-1-Black'>
          <CellContent 
          >
        >
        <Cell 
          <CellTRuling `Ruling-1000-0-0-1-Black'>
          <CellContent 
          >
        >
      >
      <Row 
        <Cell 
          <CellTRuling `Ruling-1000-0-0-1-Black'>
          <CellContent 
          >
        >
        <Cell 
          <CellTRuling `Ruling-1000-0-0-1-Black'>
          <CellContent 
          >
        >
      >
    >
  >
  <Tbl 
    <TblID 3>
    <TblTag `Default Tbl Format'>
    <TblNumColumns 2>
    <TblColumnWidth 287.999pt>
    <TblColumnWidth 287.999pt>
    <TblBody 
      <Row 
        <Cell 
          <CellContent 
          >
        >
        <Cell 
          <CellContent 
          >
        >
      >
      <Row 
        <Cell 
          <CellContent 
          >
        >
        <Cell 
          <CellContent 
          >
        >
      >
    >
  >
>
<Para 
  <Pgf 
    <PgfTag `Default Pgf Format'>
    <PgfFont 
      <FSize 2pt>
      <FColor `White'>
    >
    <PgfSpBefore 4pt>
  >
  <ParaLine 
    <ATbl 1>
  >
>
<Para 
  <Pgf 
    <PgfFont 
      <FWeight `Bold'>
    >
    <PgfSpBefore 0pt>
    <PgfWithNext Yes>
  >
  <ParaLine 
  >
>
<Para 
  <Pgf 
    <PgfTag `Default Pgf Format'>
    <PgfFont 
      <FSize 2pt>
      <FColor `White'>
    >
  >
  <ParaLine 
    <ATbl 2>
  >
>
<Para 
  <Pgf 
    <PgfTag `Default Pgf Format'>
    <PgfFont 
      <FSize 2pt>
      <FColor `White'>
    >
  >
  <ParaLine 
    <ATbl 3>
  >
>