<?xml version="1.0"?>
<fot>
<simple-page-sequence>
<link>
<text>L0</text>
</link>
<link>
<text>L1</text>
</link>
<link>
<text>L2</text>
</link>
<link destination="ALPHA">
<text>L3</text>
</link>
<link destination="alpha">
<text>L4</text>
</link>
<link destination="alpha beta">
<text>L5</text>
</link>
<link destination="nosuch">
<text>L6</text>
</link>
<link>
<text>L7</text>
</link>
<link>
<text>L8</text>
</link>
<link>
<text>L9</text>
</link>
<link destination="ALPHA">
<a name="0"/>
<a name="ALPHA"/>
<text>a</text>
</link>
<link destination="BETA">
<a name="BETA"/>
<text>b</text>
</link>
<link destination="3">
<a name="3"/>
<text>c</text>
</link>
</simple-page-sequence>
</fot>
