<?xml version="1.0"?>
<fot>
<simple-page-sequence>
<sequence>
<a name="0"/>
<a name="ALPHA"/>
<text>is:</text>
<text>y</text>
<text>y</text>
<text>y</text>
<text>y</text>
<text>y</text>
<text>y</text>
<text>n</text>
<text>n</text>
<text> local:</text>
<text>y</text>
<text>y</text>
<text>y</text>
<text>y</text>
<text>n</text>
<text>n</text>
<text>n</text>
<text> vis:</text>
<text>n</text>
<text>n</text>
<text>n</text>
<text> eq:</text>
<text>n</text>
<text> misc:</text>
<sequence>
<text>y</text>
<text>y</text>
</sequence>
</sequence>
<sequence>
<a name="BETA"/>
<text>is:</text>
<text>y</text>
<text>y</text>
<text>y</text>
<text>y</text>
<text>y</text>
<text>y</text>
<text>n</text>
<text>n</text>
<text> local:</text>
<text>y</text>
<text>y</text>
<text>y</text>
<text>y</text>
<text>n</text>
<text>n</text>
<text>n</text>
<text> vis:</text>
<text>n</text>
<text>n</text>
<text>n</text>
<text> eq:</text>
<text>n</text>
<text> misc:</text>
<sequence>
<text>y</text>
<text>y</text>
</sequence>
</sequence>
<sequence>
<a name="3"/>
<text>is:</text>
<text>y</text>
<text>y</text>
<text>y</text>
<text>y</text>
<text>y</text>
<text>y</text>
<text>n</text>
<text>n</text>
<text> local:</text>
<text>y</text>
<text>y</text>
<text>y</text>
<text>y</text>
<text>n</text>
<text>n</text>
<text>n</text>
<text> vis:</text>
<text>n</text>
<text>n</text>
<text>n</text>
<text> eq:</text>
<text>n</text>
<text> misc:</text>
<sequence>
<text>y</text>
<text>y</text>
</sequence>
</sequence>
</simple-page-sequence>
</fot>
