<?xml version="1.0"?>
<fot>
<simple-page-sequence>
<a name="0"/>
<a name="1"/>
<text>a</text>
<a name="2"/>
<text>b</text>
<a name="3"/>
<text>c</text>
<a name="4"/>
<text>d</text>
<a name="5"/>
<text>e</text>
<a name="6"/>
<text>f</text>
<a name="7"/>
<text>g</text>
<a name="8"/>
<text>h</text>
<a name="9"/>
<text>i</text>
<a name="10"/>
<text>j</text>
<a name="11"/>
<text>k</text>
</simple-page-sequence>
</fot>
