\FOT{3}\Node%
{}\SpS%
{}
\SpSOtherBackLeftFooter%
{}
\SpSOtherBackLeftHeader%
{}
\SpSOtherBackCenterFooter%
{}
\SpSOtherBackCenterHeader%
{}
\SpSOtherBackRightFooter%
{}
\SpSOtherBackRightHeader%
{}
\SpSFirstBackLeftFooter%
{}
\SpSFirstBackLeftHeader%
{}
\SpSFirstBackCenterFooter%
{}
\SpSFirstBackCenterHeader%
{}
\SpSFirstBackRightFooter%
{}
\SpSFirstBackRightHeader%
{}
\SpSOtherFrontLeftFooter%
{}
\SpSOtherFrontLeftHeader%
{}
\SpSOtherFrontCenterFooter%
{}
\SpSOtherFrontCenterHeader%
{}
\SpSOtherFrontRightFooter%
{}
\SpSOtherFrontRightHeader%
{}
\SpSFirstFrontLeftFooter%
{}
\SpSFirstFrontLeftHeader%
{}
\SpSFirstFrontCenterFooter%
{}
\SpSFirstFrontCenterHeader%
{}
\SpSFirstFrontRightFooter%
{}
\SpSFirstFrontRightHeader%
{}\Link%
{}L0\endLink{}\Link%
{}L1\endLink{}\Link%
{}L2\endLink{}\Link%
{\def\Label%
{ALPHA}}L3\endLink{}\Link%
{\def\Label%
{alpha}}L4\endLink{}\Link%
{\def\Label%
{alpha beta}}L5\endLink{}\Link%
{\def\Label%
{nosuch}}L6\endLink{}\Link%
{}L7\endLink{}\Link%
{}L8\endLink{}\Link%
{}L9\endLink{}\Node%
{\def\Element%
{0}}\Node%
{\def\Label%
{ALPHA}}\Link%
{\def\Label%
{ALPHA}}a\endLink{}\endNode{}\Node%
{\def\Label%
{BETA}}\Link%
{\def\Label%
{BETA}}b\endLink{}\endNode{}\Node%
{\def\Element%
{3}}\Link%
{\def\Element%
{3}}c\endLink{}\endNode{}\endNode{}\endSpS{}\endNode{}\endFOT{}