<?xml version="1.0"?>
<fot>
<simple-page-sequence>
<sequence>
<emphasizing-mark break-before-priority="1"/>
<emphasizing-mark.mark>
<character char="&#67;"
/></emphasizing-mark.mark>
<a name="0"/>
<a name="FIRST"/>
<text>m</text>
</emphasizing-mark>
<emphasizing-mark/>
<text>n</text>
</emphasizing-mark>
<emphasizing-mark break-after-priority="2"/>
<emphasizing-mark.mark>
<sequence>
<text>M</text>
<alignment-point/>
</sequence>
</emphasizing-mark.mark>
<paragraph>
<text>q</text>
</paragraph>
</emphasizing-mark>
<emphasizing-mark/>
<text>r</text>
</emphasizing-mark>
<emphasizing-mark/>
<text>s</text>
</emphasizing-mark>
<emphasizing-mark/>
<text>t</text>
</emphasizing-mark>
</sequence>
</simple-page-sequence>
</fot>
