<?xml version="1.0"?>
<fot>
<simple-page-sequence>
<sequence>
<a name="0"/>
<a name="FIRST"/>
<character char="&#65;"
/><character
/><character char="&#65;"
/><character char="&#65;"
/><character char="&#65;"
/><character char="&#65;"
/><character char="&#65;"
/><character char="&#65;"
/><character char="&#65;"
/><character char="&#90;"
/><character
/><anchor/>
<glyph-annotation/>
<text>ab</text>
</glyph-annotation>
<character char="&#65;"
/><alignment-point/>
<anchor/>
</sequence>
</simple-page-sequence>
</fot>
