\FOT{3}\Node%
{}\SpS%
{}
\SpSOtherBackLeftFooter%
{}
\SpSOtherBackLeftHeader%
{}
\SpSOtherBackCenterFooter%
{}
\SpSOtherBackCenterHeader%
{}
\SpSOtherBackRightFooter%
{}
\SpSOtherBackRightHeader%
{}
\SpSFirstBackLeftFooter%
{}
\SpSFirstBackLeftHeader%
{}
\SpSFirstBackCenterFooter%
{}
\SpSFirstBackCenterHeader%
{}
\SpSFirstBackRightFooter%
{}
\SpSFirstBackRightHeader%
{}
\SpSOtherFrontLeftFooter%
{}
\SpSOtherFrontLeftHeader%
{}
\SpSOtherFrontCenterFooter%
{}
\SpSOtherFrontCenterHeader%
{}
\SpSOtherFrontRightFooter%
{}
\SpSOtherFrontRightHeader%
{}
\SpSFirstFrontLeftFooter%
{}
\SpSFirstFrontLeftHeader%
{}
\SpSFirstFrontCenterFooter%
{}
\SpSFirstFrontCenterHeader%
{}
\SpSFirstFrontRightFooter%
{}
\SpSFirstFrontRightHeader%
{}\Node%
{\def\Element%
{0}}\Node%
{\def\Label%
{FIRST}}\Seq%
{}\def\Ch%
{65}\def\GlyphId%
{}\def\BreakBeforePriority%
{1}\def\MathClass%
{ordinary}\def\MathFontPosture%
{false}\def\Script%
{Latin}\def\IsDropAfterLineBreak%
{0}\def\IsDropUnlessBeforeLineBreak%
{0}\def\IsPunct%
{0}\def\IsInputWhiteSpace%
{0}\def\IsInputTab%
{0}\def\IsRecordEnd%
{0}\def\IsSpace%
{0}\Character{65}\def\Ch%
{98}\def\GlyphId%
{}\def\BreakBeforePriority%
{3}\def\MathClass%
{operator}\def\MathFontPosture%
{false}\def\Script%
{Latin}\def\IsDropAfterLineBreak%
{0}\def\IsDropUnlessBeforeLineBreak%
{0}\def\IsPunct%
{0}\def\IsInputWhiteSpace%
{0}\def\IsInputTab%
{0}\def\IsRecordEnd%
{0}\def\IsSpace%
{1}\def\StretchFactor%
{0.5}\Character{98}\def\Ch%
{99}\def\GlyphId%
{public-id::7}\def\BreakBeforePriority%
{1}\def\MathClass%
{ordinary}\def\MathFontPosture%
{false}\def\Script%
{Latin}\def\IsDropAfterLineBreak%
{0}\def\IsDropUnlessBeforeLineBreak%
{0}\def\IsPunct%
{0}\def\IsInputWhiteSpace%
{0}\def\IsInputTab%
{0}\def\IsRecordEnd%
{0}\def\IsSpace%
{0}\Character{99}\def\Ch%
{100}\def\GlyphId%
{}\def\BreakBeforePriority%
{1}\def\MathClass%
{ordinary}\def\MathFontPosture%
{false}\def\Script%
{Latin}\def\IsDropAfterLineBreak%
{0}\def\IsDropUnlessBeforeLineBreak%
{0}\def\IsPunct%
{0}\def\IsInputWhiteSpace%
{0}\def\IsInputTab%
{0}\def\IsRecordEnd%
{0}\def\IsSpace%
{0}\Character{100}\Character{0}\insertAlignmentPoint%
{}\SideLine%
{}s\endSideLine{}g\endSeq{}\endNode{}\endNode{}\endSpS{}\endNode{}\endFOT{}