<?xml version="1.0"?>
<fot>
<simple-page-sequence>
<sequence>
<a name="0"/>
<a name="FIRST"/>
<character char="&#65;"
/><character char="&#66;" glyph-id="public-id::34" drop-after-line-break="true" drop-unless-before-line-break="true" punct="true" input-whitespace="true" input-tab="true" record-end="true" space="true" script="ISO/IEC 10036/RA::Latin" math-class="binary" math-font-posture="italic" break-before-priority="7" break-after-priority="8" stretch-factor="2.5"
/><character char="&#67;" glyph-id="false" script="false" math-font-posture="false"
/><character
/><character char="&#68;" font-size="20pt"
/><alignment-point/>
<sideline>
<text>s</text>
</sideline>
<sideline>
<paragraph>
<text>p</text>
</paragraph>
</sideline>
<anchor/>
<anchor display="true" break-before-priority="3" break-after-priority="4"/>
<anchor/>
<glyph-annotation/>
<text>g</text>
</glyph-annotation>
<glyph-annotation break-before-priority="1" break-after-priority="2"/>
<character char="&#69;"
/><alignment-point/>
</glyph-annotation>
<character char="&#70;" break-after-priority="3"
/><anchor display="true" break-before-priority="6"/>
</sequence>
</simple-page-sequence>
</fot>
