\FOT{3}\Node%
{}\SpS%
{}
\SpSOtherBackLeftFooter%
{}
\SpSOtherBackLeftHeader%
{}
\SpSOtherBackCenterFooter%
{}
\SpSOtherBackCenterHeader%
{}
\SpSOtherBackRightFooter%
{}
\SpSOtherBackRightHeader%
{}
\SpSFirstBackLeftFooter%
{}
\SpSFirstBackLeftHeader%
{}
\SpSFirstBackCenterFooter%
{}
\SpSFirstBackCenterHeader%
{}
\SpSFirstBackRightFooter%
{}
\SpSFirstBackRightHeader%
{}
\SpSOtherFrontLeftFooter%
{}
\SpSOtherFrontLeftHeader%
{}
\SpSOtherFrontCenterFooter%
{}
\SpSOtherFrontCenterHeader%
{}
\SpSOtherFrontRightFooter%
{}
\SpSOtherFrontRightHeader%
{}
\SpSFirstFrontLeftFooter%
{}
\SpSFirstFrontLeftHeader%
{}
\SpSFirstFrontCenterFooter%
{}
\SpSFirstFrontCenterHeader%
{}
\SpSFirstFrontRightFooter%
{}
\SpSFirstFrontRightHeader%
{}\Node%
{\def\Element%
{0}}\Node%
{\def\Label%
{FIRST}}\Seq%
{}\def\Ch%
{8232}\def\GlyphId%
{}\def\BreakBeforePriority%
{0}\def\MathClass%
{ordinary}\def\MathFontPosture%
{false}\def\Script%
{Punctuation}\def\IsDropAfterLineBreak%
{0}\def\IsDropUnlessBeforeLineBreak%
{0}\def\IsPunct%
{0}\def\IsInputWhiteSpace%
{0}\def\IsInputTab%
{0}\def\IsRecordEnd%
{0}\def\IsSpace%
{0}\Character{8232}\def\Ch%
{65535}\def\GlyphId%
{}\def\BreakBeforePriority%
{0}\def\MathClass%
{ordinary}\def\MathFontPosture%
{false}\def\Script%
{}\def\IsDropAfterLineBreak%
{0}\def\IsDropUnlessBeforeLineBreak%
{0}\def\IsPunct%
{0}\def\IsInputWhiteSpace%
{0}\def\IsInputTab%
{0}\def\IsRecordEnd%
{0}\def\IsSpace%
{0}\Character{65535}\endSeq{}\endNode{}\endNode{}\endSpS{}\endNode{}\endFOT{}