{\rtf1\ansi\deff0
{\fonttbl{\f0\fnil\fcharset0 Times New Roman;}
}
{\colortbl;}{\stylesheet{\s0 Normal;}{\s1 Heading 1;}{\s2 Heading 2;}{\s3 Heading 3;}{\s4 Heading 4;}{\s5 Heading 5;}{\s6 Heading 6;}{\s7 Heading 7;}{\s8 Heading 8;}{\s9 Heading 9;}}
\deflang1024\notabind\facingp\hyphauto1\widowctrl
\sectd\plain\pgwsxn12240\pghsxn15840\marglsxn0\margrsxn0\margtsxn240\margbsxn240\headery0\footery0\pgndec{\headerl\pard\sl-240\sb0\sa0\plain\tqc\tx6120\tqr\tx12240 {}\tab {}\tab {}\par}{\footerl\pard\sl-240\sb0\sa0\plain\tqc\tx6120\tqr\tx12240 {}\tab {}\tab {}\par}{\headerr\pard\sl-240\sb0\sa0\plain\tqc\tx6120\tqr\tx12240 {}\tab {}\tab {}\par}{\footerr\pard\sl-240\sb0\sa0\plain\tqc\tx6120\tqr\tx12240 {}\tab {}\tab {}\par}\pard\sl-240 {\*\bkmkstart ID_FIRST}{\*\bkmkend ID_FIRST}\fs20 ABsg\hyphpar0\par}
