<?xml version="1.0"?>
<fot>
<simple-page-sequence>
<sequence>
<embedded-text/>
<a name="0"/>
<a name="FIRST"/>
<text>et-default</text>
</embedded-text>
<embedded-text direction="left-to-right"/>
<text>et-ltr</text>
</embedded-text>
<embedded-text direction="right-to-left"/>
<text>et-rtl</text>
</embedded-text>
<aligned-column/>
<text>ac-default</text>
</aligned-column>
<aligned-column keep-with-previous="true" keep-with-next="true" may-violate-keep-before="true" may-violate-keep-after="true" position-preference="bottom" keep="column-set" break-before="page" break-after="column" space-before="6pt" space-after="7pt"/>
<text>ac-full</text>
</aligned-column>
<side-by-side/>
<text>sbs-empty</text>
</side-by-side>
<side-by-side keep="page" space-before="3pt,1pt,9pt"/>
<side-by-side-item/>
<text>L</text>
</side-by-side-item>
<side-by-side-item side-by-side-overlap-control="both" side-by-side-pre-align="left" side-by-side-post-align="right"/>
<text>R</text>
</side-by-side-item>
</side-by-side>
<included-container-area scale="max-uniform"/>
<text>ica-default</text>
</included-container-area>
<included-container-area scale="max"/>
<text>ica-max</text>
</included-container-area>
<included-container-area scale-x="2.5" scale-y="2.5"/>
<text>ica-num</text>
</included-container-area>
<included-container-area scale-x="1.5" scale-y="3"/>
<text>ica-pair</text>
</included-container-area>
<included-container-area scale="max-uniform" minimum-width="true" minimum-height="true"/>
<text>ica-min</text>
</included-container-area>
<included-container-area scale="max-uniform" width="10pt" height="20pt"/>
<text>ica-explicit</text>
</included-container-area>
<included-container-area escapement-direction="bottom-to-top" display="true" scale="max-uniform" contents-rotation="270" position-point-x="1pt" position-point-y="-2pt" break-before-priority="5" break-after-priority="-6" keep-with-next="true" space-after="8pt"/>
<text>ica-full</text>
</included-container-area>
<embedded-text direction="right-to-left"/>
<text>et-lazy</text>
</embedded-text>
<included-container-area scale="max-uniform" width="3pt" contents-rotation="45"/>
<text>ica-lazy</text>
</included-container-area>
<side-by-side space-before="3pt"/>
<text>sbs-lazy</text>
</side-by-side>
<aligned-column break-after="column"/>
<text>ac-lazy</text>
</aligned-column>
<embedded-text font-size="11pt"/>
<text>et-ic</text>
</embedded-text>
<included-container-area scale="max-uniform" font-size="12pt"/>
<text>ica-ic</text>
</included-container-area>
<side-by-side font-size="13pt"/>
<side-by-side-item font-size="14pt"/>
<text>sbs-ic</text>
</side-by-side-item>
</side-by-side>
<aligned-column font-size="15pt"/>
<text>ac-ic</text>
</aligned-column>
<side-by-side/>
<side-by-side-item/>
<aligned-column/>
<included-container-area scale="max-uniform"/>
<embedded-text direction="left-to-right"/>
<text>nested</text>
</embedded-text>
</included-container-area>
</aligned-column>
</side-by-side-item>
</side-by-side>
</sequence>
</simple-page-sequence>
</fot>
