<?xml version="1.0"?>
<fot>
<simple-page-sequence>
<sequence>
<embedded-text/>
<a name="0"/>
<a name="FIRST"/>
<text>ab</text>
</embedded-text>
<embedded-text/>
<text>ab</text>
</embedded-text>
<embedded-text/>
<text>ab</text>
</embedded-text>
<included-container-area scale="max-uniform"/>
<text>ab</text>
</included-container-area>
<included-container-area scale="max-uniform"/>
<text>ab</text>
</included-container-area>
<included-container-area scale="max-uniform"/>
<text>ab</text>
</included-container-area>
<included-container-area scale="max-uniform"/>
<text>ab</text>
</included-container-area>
<included-container-area scale="max-uniform"/>
<text>ab</text>
</included-container-area>
<included-container-area scale="max-uniform"/>
<text>ab</text>
</included-container-area>
<included-container-area scale="max-uniform"/>
<text>ab</text>
</included-container-area>
<included-container-area scale="max-uniform"/>
<text>ab</text>
</included-container-area>
<included-container-area scale="max-uniform"/>
<text>ab</text>
</included-container-area>
<included-container-area scale="max-uniform"/>
<text>ab</text>
</included-container-area>
<included-container-area scale="max-uniform"/>
<text>ab</text>
</included-container-area>
<included-container-area scale="max-uniform"/>
<text>ab</text>
</included-container-area>
<included-container-area scale="max-uniform"/>
<text>ab</text>
</included-container-area>
<side-by-side/>
<text>ab</text>
</side-by-side>
<aligned-column/>
<text>ab</text>
</aligned-column>
<embedded-text/>
<text>ab</text>
</embedded-text>
<included-container-area scale="max-uniform"/>
<text>ab</text>
</included-container-area>
<side-by-side/>
<text>ab</text>
</side-by-side>
<aligned-column/>
<text>ab</text>
</aligned-column>
<side-by-side-item/>
<text>ab</text>
</side-by-side-item>
<side-by-side-item/>
<text>ab</text>
</side-by-side-item>
<side-by-side/>
<side-by-side-item/>
<text>ab</text>
</side-by-side-item>
</side-by-side>
</sequence>
</simple-page-sequence>
</fot>
