\FOT{3}\Node%
{}\SpS%
{}
\SpSOtherBackLeftFooter%
{}
\SpSOtherBackLeftHeader%
{}
\SpSOtherBackCenterFooter%
{}
\SpSOtherBackCenterHeader%
{}
\SpSOtherBackRightFooter%
{}
\SpSOtherBackRightHeader%
{}
\SpSFirstBackLeftFooter%
{}
\SpSFirstBackLeftHeader%
{}
\SpSFirstBackCenterFooter%
{}
\SpSFirstBackCenterHeader%
{}
\SpSFirstBackRightFooter%
{}
\SpSFirstBackRightHeader%
{}
\SpSOtherFrontLeftFooter%
{}
\SpSOtherFrontLeftHeader%
{}
\SpSOtherFrontCenterFooter%
{}
\SpSOtherFrontCenterHeader%
{}
\SpSOtherFrontRightFooter%
{}
\SpSOtherFrontRightHeader%
{}
\SpSFirstFrontLeftFooter%
{}
\SpSFirstFrontLeftHeader%
{}
\SpSFirstFrontCenterFooter%
{}
\SpSFirstFrontCenterHeader%
{}
\SpSFirstFrontRightFooter%
{}
\SpSFirstFrontRightHeader%
{}\Node%
{\def\Element%
{0}}\Node%
{\def\Label%
{FIRST}}\Seq%
{}\MathSeq%
{}ms\endMathSeq{}\Unmath%
{}{um}\Superscript%
{}{sup}\Subscript%
{}{sub}\FractionSerial%
{}\insertFractionBar%
{}loose\FractionNumerator%
{}\Node%
{\def\Label%
{FIRST}}\Seq%
{}N\endSeq{}\endNode{}\endFractionNumerator{}\FractionDenominator%
{}\Node%
{\def\Label%
{FIRST}}\Seq%
{}D\endSeq{}\endNode{}\endFractionDenominator{}\endFractionSerial{}\FractionSerial%
{}\insertFractionBar%
{\def\LineThickness%
{2\p@}}\FractionNumerator%
{}\Node%
{\def\Label%
{FIRST}}\Seq%
{}n2\endSeq{}\endNode{}\endFractionNumerator{}\FractionDenominator%
{}\Node%
{\def\Label%
{FIRST}}\Seq%
{}d2\endSeq{}\endNode{}\endFractionDenominator{}\endFractionSerial{}\ScriptSerial%
{}{S}{\Node%
{\def\Label%
{FIRST}}\Seq%
{}1\endSeq{}\endNode{}}%
{\Node%
{\def\Label%
{FIRST}}\Seq%
{}2\endSeq{}\endNode{}}%
{\Node%
{\def\Label%
{FIRST}}\Seq%
{}3\endSeq{}\endNode{}}%
{\Node%
{\def\Label%
{FIRST}}\Seq%
{}4\endSeq{}\endNode{}}%
{\Node%
{\def\Label%
{FIRST}}\Seq%
{}5\endSeq{}\endNode{}}%
{\Node%
{\def\Label%
{FIRST}}\Seq%
{}6\endSeq{}\endNode{}}\ScriptSerial%
{}{s2}{}%
{}%
{\Node%
{\def\Label%
{FIRST}}\Seq%
{}x\endSeq{}\endNode{}}%
{}%
{}%
{}\MarkSerial%
{}M\MarkOver%
{}\Node%
{\def\Label%
{FIRST}}\Seq%
{}o\endSeq{}\endNode{}\endMarkOver{}\MarkUnder%
{}\Node%
{\def\Label%
{FIRST}}\Seq%
{}u\endSeq{}\endNode{}\endMarkUnder{}\endMarkSerial{}\FenceSerial%
{}{F}{\Node%
{\def\Label%
{FIRST}}\Seq%
{}[\endSeq{}\endNode{}}%
{\Node%
{\def\Label%
{FIRST}}\Seq%
{}]\endSeq{}\endNode{}}\RadicalSerial%
{}\insertRadicalRadical%
{\def\Ch%
{82}\def\GlyphId%
{}\def\BreakBeforePriority%
{1}\def\MathClass%
{ordinary}\def\MathFontPosture%
{false}\def\Script%
{Latin}\def\IsDropAfterLineBreak%
{0}\def\IsDropUnlessBeforeLineBreak%
{0}\def\IsPunct%
{0}\def\IsInputWhiteSpace%
{0}\def\IsInputTab%
{0}\def\IsRecordEnd%
{0}\def\IsSpace%
{0}}body\RadicalDegree%
{}\Node%
{\def\Label%
{FIRST}}\Seq%
{}3\endSeq{}\endNode{}\endRadicalDegree{}\endRadicalSerial{}\RadicalSerial%
{}\insertRadicalRadicalDefaulted%
{}b2\RadicalDegree%
{}\Node%
{\def\Label%
{FIRST}}\Seq%
{}4\endSeq{}\endNode{}\endRadicalDegree{}\endRadicalSerial{}\MathOperatorSerial%
{}P\MathOperatorOperator%
{}\Node%
{\def\Label%
{FIRST}}\Seq%
{}op\endSeq{}\endNode{}\endMathOperatorOperator{}\MathOperatorLowerLimit%
{}\Node%
{\def\Label%
{FIRST}}\Seq%
{}lo\endSeq{}\endNode{}\endMathOperatorLowerLimit{}\MathOperatorUpperLimit%
{}\Node%
{\def\Label%
{FIRST}}\Seq%
{}up\endSeq{}\endNode{}\endMathOperatorUpperLimit{}\endMathOperatorSerial{}\Grid%
{\def\NColumns%
{2}\def\NRows%
{3}}\GridCell%
{\def\ColumnNumber%
{1}\def\RowNumber%
{1}}c11\endGridCell{}\GridCell%
{\def\ColumnNumber%
{2}\def\RowNumber%
{0}}c2\endGridCell{}\GridCell%
{\def\ColumnNumber%
{0}\def\RowNumber%
{2}}r2\endGridCell{}\GridCell%
{\def\ColumnNumber%
{0}\def\RowNumber%
{0}}plain\endGridCell{}\endGrid{}\Grid%
{\def\NColumns%
{0}\def\NRows%
{0}}bare\endGrid{}\endSeq{}\endNode{}\endNode{}\endSpS{}\endNode{}\endFOT{}