<?xml version="1.0"?>
<fot>
<simple-page-sequence>
<sequence>
<radical>
<radical.principal>
<a name="0"/>
<a name="FIRST"/>
<text>ab</text>
</radical.principal>
<radical.degree>
</radical.degree>
</radical>
<radical>
<radical.principal>
<text>ab</text>
</radical.principal>
<radical.degree>
</radical.degree>
</radical>
<grid>
<text>ab</text>
</grid>
<grid>
<text>ab</text>
</grid>
<grid>
<text>ab</text>
</grid>
<grid grid-n-columns="1">
<grid-cell>
<text>ab</text>
</grid-cell>
<grid-cell>
<text>ab</text>
</grid-cell>
<grid-cell>
<text>ab</text>
</grid-cell>
</grid>
<radical>
<radical.principal>
<text>ab</text>
</radical.principal>
<radical.degree>
</radical.degree>
</radical>
<grid>
<text>ab</text>
</grid>
<grid-cell>
<text>ab</text>
</grid-cell>
<math-sequence>
<text>ab</text>
</math-sequence>
<fraction>
<fraction.fraction-bar/>
<text>ab</text>
<fraction.numerator>
</fraction.numerator>
<fraction.denominator>
</fraction.denominator>
</fraction>
<script>
<script.principal>
<text>ab</text>
</script.principal>
<script.pre-sup>
</script.pre-sup>
<script.pre-sub>
</script.pre-sub>
<script.post-sup>
</script.post-sup>
<script.post-sub>
</script.post-sub>
<script.mid-sup>
</script.mid-sup>
<script.mid-sub>
</script.mid-sub>
</script>
<superscript>
<text>ab</text>
</superscript>
</sequence>
</simple-page-sequence>
</fot>
