<?xml version="1.0"?>
<fot>
<simple-page-sequence>
<sequence>
<math-sequence>
<a name="0"/>
<a name="FIRST"/>
<text>ms</text>
</math-sequence>
<unmath>
<text>um</text>
</unmath>
<superscript>
<text>sup</text>
</superscript>
<subscript>
<text>sub</text>
</subscript>
<fraction>
<fraction.fraction-bar/>
<text>loose</text>
<fraction.numerator>
<sequence>
<a name="FIRST"/>
<text>N</text>
</sequence>
</fraction.numerator>
<fraction.denominator>
<sequence>
<a name="FIRST"/>
<text>D</text>
</sequence>
</fraction.denominator>
</fraction>
<fraction>
<fraction.fraction-bar line-thickness="2pt"/>
<fraction.numerator>
<sequence>
<a name="FIRST"/>
<text>n2</text>
</sequence>
</fraction.numerator>
<fraction.denominator>
<sequence>
<a name="FIRST"/>
<text>d2</text>
</sequence>
</fraction.denominator>
</fraction>
<script>
<script.principal>
<text>S</text>
</script.principal>
<script.pre-sup>
<sequence>
<a name="FIRST"/>
<text>1</text>
</sequence>
</script.pre-sup>
<script.pre-sub>
<sequence>
<a name="FIRST"/>
<text>2</text>
</sequence>
</script.pre-sub>
<script.post-sup>
<sequence>
<a name="FIRST"/>
<text>3</text>
</sequence>
</script.post-sup>
<script.post-sub>
<sequence>
<a name="FIRST"/>
<text>4</text>
</sequence>
</script.post-sub>
<script.mid-sup>
<sequence>
<a name="FIRST"/>
<text>5</text>
</sequence>
</script.mid-sup>
<script.mid-sub>
<sequence>
<a name="FIRST"/>
<text>6</text>
</sequence>
</script.mid-sub>
</script>
<script>
<script.principal>
<text>s2</text>
</script.principal>
<script.pre-sup>
</script.pre-sup>
<script.pre-sub>
</script.pre-sub>
<script.post-sup>
<sequence>
<a name="FIRST"/>
<text>x</text>
</sequence>
</script.post-sup>
<script.post-sub>
</script.post-sub>
<script.mid-sup>
</script.mid-sup>
<script.mid-sub>
</script.mid-sub>
</script>
<mark>
<mark.principal>
<text>M</text>
</mark.principal>
<mark.over-mark>
<sequence>
<a name="FIRST"/>
<text>o</text>
</sequence>
</mark.over-mark>
<mark.under-mark>
<sequence>
<a name="FIRST"/>
<text>u</text>
</sequence>
</mark.under-mark>
</mark>
<fence>
<fence.principal>
<text>F</text>
</fence.principal>
<fence.open>
<sequence>
<a name="FIRST"/>
<text>[</text>
</sequence>
</fence.open>
<fence.close>
<sequence>
<a name="FIRST"/>
<text>]</text>
</sequence>
</fence.close>
</fence>
<radical>
<radical.radical char="&#82;"/>
<radical.principal>
<text>body</text>
</radical.principal>
<radical.degree>
<sequence>
<a name="FIRST"/>
<text>3</text>
</sequence>
</radical.degree>
</radical>
<radical>
<radical.principal>
<text>b2</text>
</radical.principal>
<radical.degree>
<sequence>
<a name="FIRST"/>
<text>4</text>
</sequence>
</radical.degree>
</radical>
<math-operator>
<math-operator.principal>
<text>P</text>
</math-operator.principal>
<math-operator.operator>
<sequence>
<a name="FIRST"/>
<text>op</text>
</sequence>
</math-operator.operator>
<math-operator.lower-limit>
<sequence>
<a name="FIRST"/>
<text>lo</text>
</sequence>
</math-operator.lower-limit>
<math-operator.upper-limit>
<sequence>
<a name="FIRST"/>
<text>up</text>
</sequence>
</math-operator.upper-limit>
</math-operator>
<grid grid-n-columns="2" grid-n-rows="3">
<grid-cell column-number="1" row-number="1">
<text>c11</text>
</grid-cell>
<grid-cell column-number="2">
<text>c2</text>
</grid-cell>
<grid-cell row-number="2">
<text>r2</text>
</grid-cell>
<grid-cell>
<text>plain</text>
</grid-cell>
</grid>
<grid>
<text>bare</text>
</grid>
</sequence>
</simple-page-sequence>
</fot>
