\FOT{3}\Node%
{}\SpS%
{}
\SpSOtherBackLeftFooter%
{}
\SpSOtherBackLeftHeader%
{}
\SpSOtherBackCenterFooter%
{}
\SpSOtherBackCenterHeader%
{}
\SpSOtherBackRightFooter%
{}
\SpSOtherBackRightHeader%
{}
\SpSFirstBackLeftFooter%
{}
\SpSFirstBackLeftHeader%
{}
\SpSFirstBackCenterFooter%
{}
\SpSFirstBackCenterHeader%
{}
\SpSFirstBackRightFooter%
{}
\SpSFirstBackRightHeader%
{}
\SpSOtherFrontLeftFooter%
{}
\SpSOtherFrontLeftHeader%
{}
\SpSOtherFrontCenterFooter%
{}
\SpSOtherFrontCenterHeader%
{}
\SpSOtherFrontRightFooter%
{}
\SpSOtherFrontRightHeader%
{}
\SpSFirstFrontLeftFooter%
{}
\SpSFirstFrontLeftHeader%
{}
\SpSFirstFrontCenterFooter%
{}
\SpSFirstFrontCenterHeader%
{}
\SpSFirstFrontRightFooter%
{}
\SpSFirstFrontRightHeader%
{}\Node%
{\def\Element%
{0}}\Node%
{\def\Label%
{FIRST}}\Seq%
{}marg-\/plainmarg-\/fullmarg-\/nestedmm-\/plainmm-\/principalmm-\/unlabelled\Node%
{\def\MarginaliaSep%
{3\p@}\def\MarginaliaSepFactor%
{0}\def\FloatOutMarginalia%
{1}\def\MarginaliaKeepWithPrevious%
{1}\def\MarginaliaSide%
{start}\def\Label%
{FIRST}}\Seq%
{}A\endSeq{}\endNode{}\Node%
{\def\Label%
{FIRST}}\Seq%
{}B\endSeq{}\endNode{}P\Node%
{\def\Label%
{FIRST}}\Seq%
{}X\endSeq{}\endNode{}\Node%
{\def\Label%
{FIRST}}\Seq%
{}Y\endSeq{}\endNode{}only-\/principal\Node%
{\def\Label%
{FIRST}}\Seq%
{}D\endSeq{}\endNode{}mm-\/emptyLZP\Node%
{\def\Label%
{FIRST}}\Seq%
{}LZ\endSeq{}\endNode{}OPIP\Node%
{\def\Label%
{FIRST}}\Seq%
{}IN\endSeq{}\endNode{}\Node%
{\def\Label%
{FIRST}}\Seq%
{}OUT\endSeq{}\endNode{}\Node%
{\def\Label%
{FIRST}}mixed\endNode{}\endSeq{}\endNode{}\endNode{}\endSpS{}\endNode{}\endFOT{}