<?xml version="1.0"?>
<fot>
<simple-page-sequence>
<sequence>
<multi-mode>
<multi-mode.mode>
<a name="0"/>
<a name="FIRST"/>
<text>OP</text>
</multi-mode.mode>
<multi-mode.mode name="outer">
<multi-mode>
<multi-mode.mode>
<a name="FIRST"/>
<text>IP</text>
</multi-mode.mode>
<multi-mode.mode name="inner">
<sequence>
<a name="FIRST"/>
<text>IN</text>
</sequence>
</multi-mode.mode>
</multi-mode>
</multi-mode.mode>
</multi-mode>
<multi-mode>
<multi-mode.mode name="a">
<multi-mode>
<multi-mode.mode name="b">
<sequence>
<a name="FIRST"/>
<text>deep</text>
</sequence>
</multi-mode.mode>
</multi-mode>
</multi-mode.mode>
</multi-mode>
</sequence>
</simple-page-sequence>
</fot>
