<?xml version="1.0"?>
<fot>
<simple-page-sequence>
<sequence>
<multi-mode>
<a name="0"/>
<a name="FIRST"/>
<text>ab</text>
</multi-mode>
<multi-mode>
<text>ab</text>
</multi-mode>
<multi-mode>
<text>ab</text>
</multi-mode>
<multi-mode>
<text>improper</text>
<multi-mode.mode name="a">
</multi-mode.mode>
<multi-mode.mode name="b">
</multi-mode.mode>
</multi-mode>
<multi-mode>
<text>badmember</text>
<multi-mode.mode name="a">
</multi-mode.mode>
</multi-mode>
<multi-mode>
<text>ab</text>
</multi-mode>
<multi-mode>
<text>ab</text>
</multi-mode>
<multi-mode>
<text>ab</text>
</multi-mode>
<multi-mode>
<text>ab</text>
</multi-mode>
<marginalia>
<text>ab</text>
</marginalia>
<marginalia>
<text>ab</text>
</marginalia>
<multi-mode>
<text>ab</text>
</multi-mode>
<multi-mode>
<text>ab</text>
</multi-mode>
<multi-mode>
<sequence>
<text>N</text>
</sequence>
<multi-mode.mode name="a">
</multi-mode.mode>
</multi-mode>
</sequence>
</simple-page-sequence>
</fot>
