\FOT{3}\Node%
{}\SpS%
{}
\SpSOtherBackLeftFooter%
{}
\SpSOtherBackLeftHeader%
{}
\SpSOtherBackCenterFooter%
{}
\SpSOtherBackCenterHeader%
{}
\SpSOtherBackRightFooter%
{}
\SpSOtherBackRightHeader%
{}
\SpSFirstBackLeftFooter%
{}
\SpSFirstBackLeftHeader%
{}
\SpSFirstBackCenterFooter%
{}
\SpSFirstBackCenterHeader%
{}
\SpSFirstBackRightFooter%
{}
\SpSFirstBackRightHeader%
{}
\SpSOtherFrontLeftFooter%
{}
\SpSOtherFrontLeftHeader%
{}
\SpSOtherFrontCenterFooter%
{}
\SpSOtherFrontCenterHeader%
{}
\SpSOtherFrontRightFooter%
{}
\SpSOtherFrontRightHeader%
{}
\SpSFirstFrontLeftFooter%
{}
\SpSFirstFrontLeftHeader%
{}
\SpSFirstFrontCenterFooter%
{}
\SpSFirstFrontCenterHeader%
{}
\SpSFirstFrontRightFooter%
{}
\SpSFirstFrontRightHeader%
{}\Node%
{\def\Element%
{0}}\Node%
{\def\Label%
{FIRST}}\Seq%
{}ps-\/defaultps-\/fullps-\/falsecss-\/defaultcss-\/fullcss-\/spacecss-\/lazyps-\/lazyps-\/iccss-\/icnested\endSeq{}\endNode{}\endNode{}\endSpS{}\endNode{}\endFOT{}