<?xml version="1.0"?>
<fot>
<simple-page-sequence>
<sequence>
<page-sequence/>
<a name="0"/>
<a name="FIRST"/>
<text>a</text>
</page-sequence>
<page-sequence/>
<text>b</text>
</page-sequence>
<page-sequence/>
<text>c</text>
</page-sequence>
<page-sequence/>
<text>d</text>
</page-sequence>
<page-sequence/>
<text>e</text>
</page-sequence>
<page-sequence/>
<text>f</text>
</page-sequence>
<page-sequence first-page-type="true"/>
<text>g</text>
</page-sequence>
<page-sequence/>
<text>h</text>
</page-sequence>
<page-sequence/>
<text>i</text>
</page-sequence>
<column-set-sequence/>
<text>j</text>
</column-set-sequence>
<column-set-sequence/>
<text>k</text>
</column-set-sequence>
<column-set-sequence/>
<text>l</text>
</column-set-sequence>
<column-set-sequence/>
<text>m</text>
</column-set-sequence>
<column-set-sequence/>
<text>n</text>
</column-set-sequence>
<column-set-sequence/>
<text>o</text>
</column-set-sequence>
<column-set-sequence/>
<text>p</text>
</column-set-sequence>
<column-set-sequence/>
<text>q</text>
</column-set-sequence>
<column-set-sequence/>
<text>r</text>
</column-set-sequence>
<column-set-sequence/>
<text>s</text>
</column-set-sequence>
<column-set-sequence/>
<text>t</text>
</column-set-sequence>
<column-set-sequence/>
<text>u</text>
</column-set-sequence>
<column-set-sequence/>
<text>v</text>
</column-set-sequence>
</sequence>
</simple-page-sequence>
</fot>
