\FOT{3}\Seq%
{\def\PageNumberFormat%
{1}\def\PageNumberRestart%
{0}\def\PageNColumns%
{1}\def\PageColumnSep%
{0\p@}\def\PageBalanceColumns%
{0}\def\SubScriptDepth%
{0\p@}\def\OverMarkHeight%
{0\p@}\def\UnderMarkDepth%
{0\p@}\def\SuperscriptHeight%
{0\p@}\def\GridRowsep%
{0\p@}\def\GridColumnSep%
{0\p@}\def\PageTwoSide%
{0}\def\TwoSideStartOnRight%
{0}}\Node%
{}\SpS%
{\def\PageTwoSide%
{1}\def\TwoSideStartOnRight%
{1}\def\PageNumberFormat%
{i}\def\PageNumberRestart%
{1}\def\PageNColumns%
{2}\def\PageColumnSep%
{18\p@}\def\PageBalanceColumns%
{1}\def\HeadingLevel%
{3}}
\SpSOtherBackLeftFooter%
{}
\SpSOtherBackLeftHeader%
{}
\SpSOtherBackCenterFooter%
{}
\SpSOtherBackCenterHeader%
{}
\SpSOtherBackRightFooter%
{}
\SpSOtherBackRightHeader%
{}
\SpSFirstBackLeftFooter%
{}
\SpSFirstBackLeftHeader%
{}
\SpSFirstBackCenterFooter%
{}
\SpSFirstBackCenterHeader%
{}
\SpSFirstBackRightFooter%
{}
\SpSFirstBackRightHeader%
{}
\SpSOtherFrontLeftFooter%
{}
\SpSOtherFrontLeftHeader%
{}
\SpSOtherFrontCenterFooter%
{}
\SpSOtherFrontCenterHeader%
{}
\SpSOtherFrontRightFooter%
{}
\SpSOtherFrontRightHeader%
{}
\SpSFirstFrontLeftFooter%
{}
\SpSFirstFrontLeftHeader%
{}
\SpSFirstFrontCenterFooter%
{}
\SpSFirstFrontCenterHeader%
{}
\SpSFirstFrontRightFooter%
{}
\SpSFirstFrontRightHeader%
{}\Node%
{\def\Element%
{0}}\Node%
{\def\Label%
{FIRST}}\HeadPar%
{\def\SubScriptDepth%
{2\p@}\def\OverMarkHeight%
{3\p@}\def\UnderMarkDepth%
{4\p@}\def\SuperscriptHeight%
{5\p@}\def\GridRowsep%
{6\p@}\def\GridColumnSep%
{7\p@}}ab\def\HeadingText{%
ab}%
\endHeadPar{}\endNode{}\endNode{}\endSpS{}\endNode{}\endSeq{}\endFOT{}