\FOT{3}\Node%
{}\Node%
{\def\Element%
{0}}\SpS%
{}
\SpSOtherBackLeftFooter%
{}
\SpSOtherBackLeftHeader%
{}
\SpSOtherBackCenterFooter%
{}
\SpSOtherBackCenterHeader%
{}
\SpSOtherBackRightFooter%
{}
\SpSOtherBackRightHeader%
{}
\SpSFirstBackLeftFooter%
{}
\SpSFirstBackLeftHeader%
{}
\SpSFirstBackCenterFooter%
{}
\SpSFirstBackCenterHeader%
{}
\SpSFirstBackRightFooter%
{}
\SpSFirstBackRightHeader%
{}
\SpSOtherFrontLeftFooter%
{}
\SpSOtherFrontLeftHeader%
{}
\SpSOtherFrontCenterFooter%
{}
\SpSOtherFrontCenterHeader%
{}
\SpSOtherFrontRightFooter%
{}
\SpSOtherFrontRightHeader%
{}
\SpSFirstFrontLeftFooter%
{}
\SpSFirstFrontLeftHeader%
{}
\SpSFirstFrontCenterFooter%
{}
\SpSFirstFrontCenterHeader%
{}
\SpSFirstFrontRightFooter%
{}
\SpSFirstFrontRightHeader%
{}\Node%
{\def\Element%
{1}}\Par%
{}Hello \& Welcome\endPar{}\endNode{}\Node%
{\def\Label%
{FIRST}}\Par%
{}First \Node%
{\def\Element%
{3}}\endNode{} with 5 <\/ 7.\endPar{}\endNode{}\Node%
{\def\Element%
{4}}\Par%
{}Zweite Zeile mit Umlaut: ü.\endPar{}\endNode{}\endSpS{}\endNode{}\endNode{}\endFOT{}