\FOT{3}\Node%
{}\Node%
{\def\Element%
{0}}\Seq%
{}\Node%
{\def\Element%
{1}}Hello \& Welcome\endNode{}\Node%
{\def\Label%
{FIRST}}\Par%
{}First \Node%
{\def\Element%
{3}}\endNode{} with 5 <\/ 7.\endPar{}\endNode{}\Node%
{\def\Element%
{4}}\Par%
{}Zweite Zeile mit Umlaut: ü.\endPar{}\endNode{}\endSeq{}\endNode{}\endNode{}\endFOT{}