\FOT{3}\Node%
{}\Node%
{\def\Element%
{0}}\Seq%
{}\Node%
{\def\Element%
{1}}\endNode{}\Node%
{\def\Element%
{17}}\Table%
{\def\TableWidth%
{full}}\TeXTable%
{576\p@}{2}{@{\hspace{0\p@}}l@{\hspace{0\p@}}@{\hspace{0\p@}}l@{\hspace{0\p@}}}%
\Node%
{\def\Element%
{18}}\TableRow%
{}\TableCell%
{}x1\endTableCell{}\endNode{}%
&\TableCell%
{\def\ColumnIndex%
{1}}y1\endTableCell{}\endNode{}%
\endTableRow{}\endNode{}%
\Node%
{\def\Element%
{21}}\TableRow%
{}\TableCell%
{}x2\endTableCell{}\endNode{}%
&\TableCell%
{\def\ColumnIndex%
{1}}y2\endTableCell{}\endNode{}%
\endTableRow{}\endNode{}%
\endTeXTable{}%
\endTable{}%
\endNode{}\Node%
{\def\Element%
{24}}\Par%
{}\Node%
{\def\Element%
{25}}\endNode{}\Node%
{\def\Element%
{26}}\endNode{}\Node%
{\def\Element%
{27}}\endNode{}\Node%
{\def\Element%
{28}}\endNode{}\endPar{}\endNode{}\endSeq{}\endNode{}\endNode{}\endFOT{}