\FOT{3}\Node%
{}\Node%
{\def\Element%
{0}}\DisplayGroup%
{}\Node%
{\def\Element%
{1}}\Par%
{}1 042 -\/0005 0\endPar{}\endNode{}\Node%
{\def\Label%
{FIRST}}\Par%
{}a z aa zz -\/C 0 mcmxcviii IV ix CDXLIV mmmcmxcix 5001 -\/xii 1.2.3 D-\/v  07+h\endPar{}\endNode{}\Node%
{\def\Element%
{4}}\Par%
{}a z aa zz -\/C 0 mcmxcviii IV ix CDXLIV mmmcmxcix 5001 -\/xii 1.2.3 D-\/v  07+h\endPar{}\endNode{}\endDisplayGroup{}\endNode{}\endNode{}\endFOT{}