\FOT{3}\Node%
{}\Node%
{\def\Element%
{0}}\DisplayGroup%
{}\Node%
{\def\Element%
{1}}\Par%
{}\insertRule%
{\def\LineThickness%
{2\p@}\def\DisplayAlignment%
{center}\def\saNom%
{2\p@}\def\saMin%
{2\p@}\def\saMax%
{2\p@}\def\saConditional%
{1}\def\KeepWithNext%
{1}\def\Orientation%
{horizontal}}Hello \& Welcome\endPar{}\endNode{}\Node%
{\def\Label%
{FIRST}}\Seq%
{}\insertRule%
{\def\BreakBeforePriority%
{1}\def\BreakAfterPriority%
{2}\def\Orientation%
{escapement}\def\Length%
{36\p@}\def\LengthFactor%
{0}}\insertRule%
{\def\sbNom%
{1\p@}\def\sbMin%
{1\p@}\def\sbMax%
{1\p@}\def\sbConditional%
{1}\def\Orientation%
{vertical}\def\Length%
{0\p@}\def\LengthFactor%
{0.5}}\Par%
{}ok First \Node%
{\def\Element%
{3}}\Seq%
{}paragraph\endSeq{}\endNode{} with 5 <\/ 7.\endPar{}\endSeq{}\endNode{}\Node%
{\def\Element%
{4}}\Seq%
{}\insertRule%
{\def\BreakBeforePriority%
{1}\def\BreakAfterPriority%
{2}\def\Orientation%
{escapement}\def\Length%
{36\p@}\def\LengthFactor%
{0}}\insertRule%
{\def\sbNom%
{1\p@}\def\sbMin%
{1\p@}\def\sbMax%
{1\p@}\def\sbConditional%
{1}\def\Orientation%
{vertical}\def\Length%
{0\p@}\def\LengthFactor%
{0.5}}\Par%
{}ok Zweite Zeile mit Umlaut: ü.\endPar{}\endSeq{}\endNode{}\endDisplayGroup{}\endNode{}\endNode{}\endFOT{}