\FOT{3}\Node%
{}\Node%
{\def\Element%
{0}}\DisplayGroup%
{}\Node%
{\def\Element%
{1}}\Par%
{}1/F/3 1/2/3 1/2/4 11 15 empty 3\endPar{}\endNode{}\Node%
{\def\Label%
{FIRST}}\Par%
{}1 4 3/F/6 3/7/6 3/2/1 3/5/6 0/F 2/5 22 5\endPar{}\endNode{}\Node%
{\def\Element%
{4}}\Par%
{}1 4 3/F/6 3/7/6 3/2/1 3/5/6 0/F 2/5 22 5\endPar{}\endNode{}\endDisplayGroup{}\endNode{}\endNode{}\endFOT{}