\FOT{3}\Node%
{}\Node%
{\def\Element%
{0}}\Node%
{\def\Element%
{1}}\Par%
{}from-\/ext1 one:L1 two-\/b\endPar{}\endNode{}\Node%
{\def\Label%
{FIRST}}\Par%
{}main-\/p First \Node%
{\def\Element%
{3}}\Seq%
{}ext1-\/em paragraph\endSeq{}\endNode{} with 5 <\/ 7.\endPar{}\endNode{}\Node%
{\def\Element%
{4}}\Par%
{}main-\/p Zweite Zeile mit Umlaut: ü.\endPar{}\endNode{}\endNode{}\endNode{}\endFOT{}