\FOT{3}\Node%
{}\Node%
{\def\Element%
{0}}\Seq%
{}\Node%
{\def\Element%
{1}}\Par%
{\def\fSize%
{14\p@}\def\fFamName{iso-sanserif}\def\Lines%
{asis}}Hello~\&~Welcome\endPar{}\endNode{}\Node%
{\def\Label%
{FIRST}}\Par%
{\def\sbNom%
{24\p@}\def\sbMin%
{24\p@}\def\sbMax%
{24\p@}\def\sbConditional%
{1}}\LineField%
{\def\FieldWidth%
{8\p@}\def\FieldWidthFactor%
{0}}x\endLineField{}First \Node%
{\def\Element%
{3}}\endNode{} with 5 <\/ 7.\insertParagraphBreak%
{}\endPar{}\endNode{}\Node%
{\def\Element%
{4}}\Par%
{\def\sbNom%
{6\p@}\def\sbMin%
{6\p@}\def\sbMax%
{6\p@}\def\sbConditional%
{1}}\LineField%
{\def\FieldWidth%
{8\p@}\def\FieldWidthFactor%
{0}}x\endLineField{}Zweite Zeile mit Umlaut: ü.\insertParagraphBreak%
{}\endPar{}\endNode{}\endSeq{}\endNode{}\endNode{}\endFOT{}