\FOT{3}\Node%
{}\Node%
{\def\Element%
{0}}\SpS%
{\def\PageWidth%
{595.275\p@}\def\PageHeight%
{841.889\p@}}
\SpSOtherBackLeftFooter%
{}
\SpSOtherBackLeftHeader%
{L}
\SpSOtherBackCenterFooter%
{}
\SpSOtherBackCenterHeader%
{\Seq%
{}Page \insertPageNumber%
{}\endSeq{}}
\SpSOtherBackRightFooter%
{\insertPageNumber%
{}}
\SpSOtherBackRightHeader%
{}
\SpSFirstBackLeftFooter%
{}
\SpSFirstBackLeftHeader%
{L}
\SpSFirstBackCenterFooter%
{}
\SpSFirstBackCenterHeader%
{\Seq%
{}Page \insertPageNumber%
{}\endSeq{}}
\SpSFirstBackRightFooter%
{\insertPageNumber%
{}}
\SpSFirstBackRightHeader%
{}
\SpSOtherFrontLeftFooter%
{}
\SpSOtherFrontLeftHeader%
{L}
\SpSOtherFrontCenterFooter%
{}
\SpSOtherFrontCenterHeader%
{\Seq%
{}Page \insertPageNumber%
{}\endSeq{}}
\SpSOtherFrontRightFooter%
{\insertPageNumber%
{}}
\SpSOtherFrontRightHeader%
{}
\SpSFirstFrontLeftFooter%
{}
\SpSFirstFrontLeftHeader%
{L}
\SpSFirstFrontCenterFooter%
{}
\SpSFirstFrontCenterHeader%
{\Seq%
{}Page \insertPageNumber%
{}\endSeq{}}
\SpSFirstFrontRightFooter%
{\insertPageNumber%
{}}
\SpSFirstFrontRightHeader%
{}\Node%
{\def\Element%
{1}}\Par%
{\def\fSize%
{14\p@}\def\Quadding%
{center}}Hello \& Welcome\endPar{}\endNode{}\Node%
{\def\Label%
{FIRST}}\Par%
{}First \Node%
{\def\Element%
{3}}\Seq%
{}paragraph\endSeq{}\endNode{} with 5 <\/ 7.\endPar{}\endNode{}\Node%
{\def\Element%
{4}}\Par%
{}Zweite Zeile mit Umlaut: ü.\endPar{}\endNode{}\endSpS{}\endNode{}\endNode{}\endFOT{}