\FOT{3}\Node%
{}\Node%
{\def\Element%
{0}}\SpS%
{}
\SpSOtherBackLeftFooter%
{back}
\SpSOtherBackLeftHeader%
{}
\SpSOtherBackCenterFooter%
{\insertCurrentNodePageNumber%
{\def\Element%
{0}}}
\SpSOtherBackCenterHeader%
{\Seq%
{}Doc \insertPageNumber%
{}\endSeq{}}
\SpSOtherBackRightFooter%
{ob}
\SpSOtherBackRightHeader%
{}
\SpSFirstBackLeftFooter%
{back}
\SpSFirstBackLeftHeader%
{}
\SpSFirstBackCenterFooter%
{\insertCurrentNodePageNumber%
{\def\Element%
{0}}}
\SpSFirstBackCenterHeader%
{}
\SpSFirstBackRightFooter%
{fb}
\SpSFirstBackRightHeader%
{}
\SpSOtherFrontLeftFooter%
{front}
\SpSOtherFrontLeftHeader%
{}
\SpSOtherFrontCenterFooter%
{\insertCurrentNodePageNumber%
{\def\Element%
{0}}}
\SpSOtherFrontCenterHeader%
{\Seq%
{}Doc \insertPageNumber%
{}\endSeq{}}
\SpSOtherFrontRightFooter%
{of}
\SpSOtherFrontRightHeader%
{}
\SpSFirstFrontLeftFooter%
{front}
\SpSFirstFrontLeftHeader%
{}
\SpSFirstFrontCenterFooter%
{\insertCurrentNodePageNumber%
{\def\Element%
{0}}}
\SpSFirstFrontCenterHeader%
{}
\SpSFirstFrontRightFooter%
{ff}
\SpSFirstFrontRightHeader%
{}\Node%
{\def\Element%
{1}}\Par%
{}Hello \& Welcome\endPar{}\endNode{}\Node%
{\def\Label%
{FIRST}}\Par%
{}First \Node%
{\def\Element%
{3}}\Seq%
{}paragraph\endSeq{}\endNode{} with 5 <\/ 7.\endPar{}\endNode{}\Node%
{\def\Element%
{4}}\Par%
{}Zweite Zeile mit Umlaut: ü.\endPar{}\endNode{}\endSpS{}\endNode{}\endNode{}\endFOT{}