\FOT{3}\Node%
{}\Node%
{\def\Element%
{0}}\Seq%
{}\Node%
{\def\Element%
{1}}\Par%
{\def\fSize%
{20\p@}\def\StartIndent%
{10\p@}\def\StartIndentFactor%
{0}\def\LineSpacing%
{24\p@}\def\LineSpacingFactor%
{0}}Hello \& Welcome\endPar{}\endNode{}\Node%
{\def\Label%
{FIRST}}\Par%
{\def\fSize%
{14\p@}\def\StartIndent%
{5\p@}\def\StartIndentFactor%
{0}\def\Quadding%
{start}}\LineField%
{\def\FieldWidth%
{14\p@}\def\FieldWidthFactor%
{0}}x\endLineField{}First \Node%
{\def\Element%
{3}}\Seq%
{\def\fSize%
{28\p@}\def\fPosture%
{italic}\def\EndIndent%
{2\p@}\def\EndIndentFactor%
{0}}paragraph\endSeq{}\endNode{} with 5 <\/ 7.\endPar{}\endNode{}\Node%
{\def\Element%
{4}}\Par%
{\def\fSize%
{14\p@}\def\StartIndent%
{5\p@}\def\StartIndentFactor%
{0}\def\Quadding%
{start}}\LineField%
{\def\FieldWidth%
{14\p@}\def\FieldWidthFactor%
{0}}x\endLineField{}Zweite Zeile mit Umlaut: ü.\endPar{}\endNode{}\endSeq{}\endNode{}\endNode{}\endFOT{}