\FOT{3}\Node%
{}\Node%
{\def\Element%
{0}}\Seq%
{}\Node%
{\def\Element%
{1}}\Table%
{\def\sbNom%
{6\p@}\def\sbMin%
{6\p@}\def\sbMax%
{6\p@}\def\sbConditional%
{1}\def\TableWidth%
{400\p@}\def\TableWidthFactor%
{0}}\TablePart%
{\def\KeepWithNext%
{1}}\insertTableColumn%
{\def\Width%
{100\p@}\def\WidthFactor%
{0}}\insertTableColumn%
{\def\fWeight%
{bold}\def\ColumnIndex%
{1}\def\NColumnsSpanned%
{2}\def\Width%
{150\p@}\def\WidthFactor%
{0}}\TeXTable%
{400\p@}{3}{|T{0\p@}{100\p@}{0\p@}T{0\p@}{150\p@}{0\p@}@{\hspace{0\p@}}l@{\hspace{0\p@}}|}%
\TablePartHeader%
{}\endTablePartHeader{}\Hline%
\Node%
{\def\Element%
{2}}\Node%
{\def\Element%
{3}}\TableRow%
{}\TableCell%
{\def\fPosture%
{italic}}a1\endTableCell{}\endNode{}%
&\TableCell%
{\def\fPosture%
{italic}\def\ColumnIndex%
{1}}b1\endTableCell{}\endNode{}%
&\TableCell%
{\def\fPosture%
{italic}\def\ColumnIndex%
{2}}c1\endTableCell{}\endNode{}%
\endTableRow{}\endNode{}%
\Node%
{\def\Element%
{7}}\TableRow%
{}\TableCell%
{\def\fPosture%
{italic}}a2\endTableCell{}\endNode{}%
&\TeXTableCell{2}{|T{0\p@}{150\p@}{0\p@}|}%
{%
\TableCell%
{\def\fPosture%
{italic}\def\ColumnIndex%
{1}\def\NColumnsSpanned%
{2}\def\TeXTableCellBeforeColumnBorder{1}}bc2\endTableCell{}\endNode{}%
}%
\endTableRow{}\endNode{}%
\Node%
{\def\Element%
{10}}\TableRow%
{}\TableCell%
{\def\fPosture%
{italic}\def\NRowsSpanned%
{2}}a3\endTableCell{}\endNode{}%
&\TableCell%
{\def\fPosture%
{italic}\def\ColumnIndex%
{1}}b3\endTableCell{}\endNode{}%
&\TableCell%
{\def\fPosture%
{italic}\def\ColumnIndex%
{2}}c3\endTableCell{}\endNode{}%
\endTableRow{}\endNode{}%
\Node%
{\def\Element%
{14}}\TableRow%
{}\TableCell%
{\def\fPosture%
{italic}\def\ColumnIndex{0}\def\TeXRowSpanFiller{1}}\endTableCell{}\endNode{}%
&\TableCell%
{\def\fPosture%
{italic}\def\ColumnIndex%
{1}}c4\endTableCell{}\endNode{}%
&\TableCell%
{\def\fPosture%
{italic}\def\ColumnIndex%
{2}}\endTableCell{}%
\endTableRow{}\endNode{}%
\TablePartFooter%
{}\endTablePartFooter{}\Hline%
\endTeXTable{}%
\endTablePart{}\endNode{}%
\endTable{}%
\endNode{}\Node%
{\def\Element%
{17}}\Table%
{\def\TableWidth%
{minimum}}\TeXTable%
{576\p@}{2}{T{0\p@}{80\p@}{0\p@}@{\hspace{0\p@}}l@{\hspace{0\p@}}}%
\Hline%
\Node%
{\def\Element%
{18}}\TableRow%
{}\TableCell%
{\def\fPosture%
{italic}}x1\endTableCell{}\endNode{}%
&\TableCell%
{\def\fPosture%
{italic}\def\ColumnIndex%
{1}}y1\endTableCell{}\endNode{}%
\endTableRow{}\endNode{}%
\Hline%
\Node%
{\def\Element%
{21}}\TableRow%
{}\TableCell%
{\def\fPosture%
{italic}}x2\endTableCell{}\endNode{}%
&\TableCell%
{\def\fPosture%
{italic}\def\ColumnIndex%
{1}}y2\endTableCell{}\endNode{}%
\endTableRow{}\endNode{}%
\endTeXTable{}%
\endTable{}%
\endNode{}\Node%
{\def\Element%
{24}}\Table%
{\def\TableWidth%
{full}}\TeXTable%
{576\p@}{2}{@{\hspace{0\p@}}l@{\hspace{0\p@}}@{\hspace{0\p@}}l@{\hspace{0\p@}}}%
\Node%
{\def\Element%
{25}}\TableRow%
{}\TableCell%
{}k1\endTableCell{}\endNode{}%
&\TableCell%
{\def\ColumnIndex%
{1}}k2\endTableCell{}\endNode{}%
\endTableRow{}%
\Node%
{\def\Element%
{27}}\TableRow%
{}\TableCell%
{}k3\endTableCell{}\endNode{}%
&\TableCell%
{\def\ColumnIndex%
{1}}k4\endTableCell{}\endNode{}%
\endTableRow{}%
\endTeXTable{}%
\endTable{}%
\endNode{}\endSeq{}\endNode{}\endNode{}\endFOT{}