\FOT{3}\Node%
{}\Node%
{\def\Element%
{0}}\Seq%
{}\Node%
{\def\Element%
{1}}\Table%
{\def\TableWidth%
{full}}\TablePart%
{}\TeXTable%
{576\p@}{3}{@{\hspace{0\p@}}l@{\hspace{0\p@}}@{\hspace{0\p@}}l@{\hspace{0\p@}}@{\hspace{0\p@}}l@{\hspace{0\p@}}}%
\TablePartHeader%
{}\Node%
{\def\Element%
{2}}\Node%
{\def\Element%
{3}}\TableRow%
{}\TableCell%
{}a1\endTableCell{}\endNode{}%
&\TableCell%
{\def\ColumnIndex%
{1}}b1\endTableCell{}\endNode{}%
&\TableCell%
{\def\ColumnIndex%
{2}}c1\endTableCell{}\endNode{}%
\endTableRow{}\endNode{}\endNode{}\endNode{}\endNode{}%
\endTablePartHeader{}\Node%
{\def\Element%
{2}}\Node%
{\def\Element%
{2}}\Node%
{\def\Element%
{2}}\Node%
{\def\Element%
{7}}\TableRow%
{}\TableCell%
{}a2\endTableCell{}\endNode{}%
&\TeXTableCell{2}{@{\hspace{0\p@}}l@{\hspace{0\p@}}}%
{%
\TableCell%
{\def\ColumnIndex%
{1}\def\NColumnsSpanned%
{2}}bc2\endTableCell{}\endNode{}%
}%
\endTableRow{}\endNode{}\endNode{}\endNode{}%
\Node%
{\def\Element%
{2}}\Node%
{\def\Element%
{2}}\Node%
{\def\Element%
{10}}\TableRow%
{}\TableCell%
{\def\NRowsSpanned%
{2}}a3\endTableCell{}\endNode{}%
&\TableCell%
{\def\ColumnIndex%
{1}}b3\endTableCell{}\endNode{}%
&\TableCell%
{\def\ColumnIndex%
{2}}c3\endTableCell{}\endNode{}%
\endTableRow{}\endNode{}\endNode{}\endNode{}%
\TablePartFooter%
{}\Node%
{\def\Element%
{2}}\Node%
{\def\Element%
{14}}\TableRow%
{}\TableCell%
{}b4\endTableCell{}%
&\TableCell%
{\def\ColumnIndex%
{1}}c4\endTableCell{}%
&\TableCell%
{\def\ColumnIndex%
{2}}\endTableCell{}%
\endTableRow{}%
\endTablePartFooter{}\endTeXTable{}%
\endTablePart{}\endNode{}%
\endTable{}%
\endNode{}\Node%
{\def\Element%
{17}}\Table%
{\def\TableWidth%
{full}}\TablePart%
{}\Par%
{}outer-\/h\endPar{}\Par%
{}nested-\/h\endPar{}\TeXTable%
{576\p@}{2}{@{\hspace{0\p@}}l@{\hspace{0\p@}}@{\hspace{0\p@}}l@{\hspace{0\p@}}}%
\TablePartHeader%
{}\endTablePartHeader{}\Node%
{\def\Element%
{18}}\TableRow%
{}\TableCell%
{}x1\endTableCell{}\endNode{}%
&\TableCell%
{\def\ColumnIndex%
{1}}y1\endTableCell{}\endNode{}%
\endTableRow{}\endNode{}%
\Node%
{\def\Element%
{21}}\TableRow%
{}\TableCell%
{}x2\endTableCell{}\endNode{}%
&\TableCell%
{\def\ColumnIndex%
{1}}y2\endTableCell{}\endNode{}%
\endTableRow{}\endNode{}\endNode{}\endNode{}\endNode{}%
\TablePartFooter%
{}\endTablePartFooter{}\endTeXTable{}%
\endTablePart{}%
\endTable{}%
\endNode{}\Node%
{\def\Element%
{24}}\Par%
{}\Node%
{\def\Element%
{25}}\Par%
{}k1\endPar{}\endNode{}\Node%
{\def\Element%
{26}}\Par%
{}k2\endPar{}\endNode{}\Node%
{\def\Element%
{27}}\Par%
{}k3\endPar{}\endNode{}\Node%
{\def\Element%
{28}}\Par%
{}k4\endPar{}\endNode{}\endPar{}\endNode{}\endSeq{}\endNode{}\endNode{}\endFOT{}