type-text=y:text
type-ext=y:text
type-ndata=y:ndata
type-pi=y:pi
type-cdata=y:cdata
type-sdata=y:sdata
type-param=y:text
type-miss=#f
text-text=s:some text
text-pi=s:the pi
text-cdata=s:cdata text
text-sdata=s:sdata text
text-param=s:p | note
text-ext=#f
text-ndata=#f
text-miss=#f
sysid-ext=s:ext.sgm
sysid-int=#f
pubid-ext=#f
notation=s:GIF
notation-i=#f
eas-res=#f
eas-scheme=s:RGB
eas-implied=#f
eas-noattr=#f
eas-nodata=#f
eas-miss=#f
enn-lower=s:logo
enn-upper=s:LOGO
enn-mixed=s:LoGo
enn-miss=s:no-such-entity-at-all
enn-empty=s:
nsys-gif=#f
nsys-tiff=s:tiff.exe
nsys-both=s:both.exe
npub-gif=s:-//Scaly//NOTATION gif//EN
npub-tiff=#f
npub-both=s:-//Scaly//NOTATION both//EN
ngen-gif=#f
ngen-tiff=s:<OSFILE>tiff.exe
ngen-both=s:<OSFILE>both.exe
nsys-miss=#f
npub-miss=#f
ngen-miss=#f
node-arg=y:ndata
node-arg2=s:-//Scaly//NOTATION gif//EN
