langp-cur=#t
langp-lat=#t
langp-str=#f
langp-false=#f
have-xlang=#t
xlang-lang?=#f
charlt-ab=#f
charlt-ba=#f
charlt-aa=#f
charle-ab=#t
charle-ba=#t
chareq-aa=#t
chareq-ab=#f
strlt=#f
strlt-rev=#f
strle=#t
streq=#t
streq-no=#f
equiv-1=#t
equiv-9=#t
up-a=s:A
up-b=s:B
up-c=s:c
down-A=s:a
down-B=s:B
wl-value=s:in
wl-cur=#t
wl-up=s:Z
wl-after=s:A
wl-nested=s:A
