min-exact=i:1
max-exact=i:3
min-one=i:7
max-one=i:7
min-dbl-wins=r:1.5
max-dbl-wins=r:4.5
min-dbl-loses=r:1
max-dbl-loses=r:9
min-first-dbl=r:1.5
max-first-dbl=r:3
min-neg=i:-3
max-neg=i:-1
floor-pos=r:2
floor-neg=r:-3
floor-exact=i:5
ceil-pos=r:3
ceil-neg=r:-2
ceil-exact=i:5
trunc-pos=r:2
trunc-neg=r:-2
trunc-exact=i:5
round-half-dn=r:2
round-half-up=r:4
round-neg=r:-2
round-exact=i:5
sqrt-exact=i:2
sqrt-exact0=i:0
sqrt-inexact=r:1.41421pt0
sqrt-real=r:1.5pt0
exact-int=#t
exact-real=#f
inexact-int=#f
inexact-real=#t
exp-0=r:1
exp-1=r:2.71828
log-1=r:0
log-e=r:1
sin-0=r:0
cos-0=r:1
tan-0=r:0
asin-1=r:1.5708
asin-0=r:0
acos-1=r:0
acos-0=r:1.5708
atan-1=r:0.785398
atan-0=r:0
atan2-11=r:0.785398
atan2-neg=r:-0.785398
atan2-zero=r:0
expt-exact=i:1024
expt-exact0=i:1
expt-mixed=r:1.41421
expt-real=r:8
expt-neg-exp=i:0
e2i-int=r:3
e2i-real=r:3.5
i2e-integral=i:3
i2e-int=i:3
i2e-neg=i:-4
comp-1=r:5
comp-2=i:16
comp-3=r:1.41421
