gnn-lower=s:CHAP
gnn-upper=s:CHAP
gnn-miss=s:NO-SUCH
acn-chap=2
acn-sec=1
acn-doc=1
acn-miss=#f
acn-self=#f
acn-upper=1
hn-3=(0 (0 (0 ())))
hn-2=(2 (1 ()))
hn-1=(2 ())
hn-empty=()
hn-miss=(0 (0 (0 ())))
hn-missin=(0 (0 (0 ())))
enl-3=(2 (1 (2 ())))
enl-2=(2 (1 ()))
enl-1=(4 ())
enl-empty=()
en-p=4
en-sec=1
cn-p=2
hnr-chap=(2 ())
fcg-doc=s:CHAP
fcg-chap=s:TITLE
fcg-sec=s:TITLE
fcg-p=s:NOTE
fcg-empty=#f
nlno-len=3
nlno-gi=s:CHAP
nlno-eq=#t
