mul-pp=6
mul-pn=-6
mul-np=-6
mul-nn=6
mul-pp-big=1000000000000
mul-pn-big=-1e+12
mul-np-big=-1e+12
mul-nn-big=1000000000000
mul-nn-one=1
mul-n-one=-1
mul-zero-n=0
mul-n-zero=0
mul-three=-24
mul-four=120
mul-of-pp=1.6e+19
mul-of-nn=1.6e+19
mul-of-pn=-1.6e+19
mul-edge-p=9223372030926249001
mul-edge-n=-9.22337e+18
add-pp=5
add-nn=-5
add-pn=0
add-of-p=1.8e+19
add-of-n=-1.8e+19
sub-nn=-1.8e+19
sub-small=1
