[P][P]style-p-style=#t
style-p-merge=#t
style-p-empty=#t
style-p-no=#f
style-p-num=#f
[P][P][NOTE]me-gi=#t
me-gi-up=#t
me-other=#f
me-anc=#t
me-anc-no=#f
me-true=#t
ieas-self=s:plang
ieas-chap=s:chaplang
ieas-doc=s:doclang
ieas-role=s:chaprole
ieas-nosec=#f
ieas-nogi=#f
ieas-noatt=#f
ieas-empty=#f
ias-lang=s:plang
ias-role=s:chaprole
[P][P][P][P][NOTE][P][P]LABELED KEPT2 OTHER [P][P][NOTE][P][P][NOTE][P][P][NOTE]