<?xml version="1.0"?>
<fot>
<paragraph>
<sequence>
<a name="0"/>
<a name="133"/>
<text>KEPT </text>
</sequence>
</paragraph>
<paragraph>
<sequence>
<a name="142"/>
<text>K1 </text>
<text>K2 </text>
<text>K3 </text>
</sequence>
</paragraph>
<paragraph>
<sequence>
<a name="151"/>
<text>N1 </text>
</sequence>
</paragraph>
<paragraph>
<a name="160"/>
<text>ALLKEPT </text>
</paragraph>
</fot>
