t-exact=#t
t-past=#t
gm-0=s:1970-01-01T00:00:00
loc-0=s:1969-12-31T19:00:00
loc-0f=s:1969-12-31T19:00:00
gm-1e9=s:2001-09-09T01:46:40
loc-1e9=s:2001-09-08T20:46:40
gm-neg=s:1969-12-31T23:59:59
lt=#t
lt-rev=#f
gt=#t
gt-rev=#f
le-eq=#t
ge-eq=#t
le-lt=#t
ge-gt=#f
tod=#t
tod-2=#t
tod-eq=#t
yr-lt-jan=#t
yr-eq-dec=#t
yr-gt-dec=#f
ym-le=#t
ym-lt=#f
y2k-38-37=#t
y2k-37-38=#f
yr-1000=#f
yr-3000=#t
sep-space=#t
sep-tail=#t
neg-year=#t
empty-lt=#t
empty-eq=#t
blank=#t
