fill-list=(y:z (y:z (y:z ())))
fill-empty=()
fill-made=(s:s (s:s ()))
fill-ref=s:q
vec-list=(i:1 (s:b (y:c ())))
list-vec=(i:1 (i:2 ()))
vec-set=(i:9 (i:2 ()))
vec-p=#t
vec-p-no=#f
eqv-int=#t
eqv-str=#t
memv-hit=(i:2 (i:3 ()))
memv-miss=#f
q2s-int=s:3
q2s-real=s:3.5
q2s-len=s:1pt
q2s-area=s:1pt2
q2s-radix=s:ff
s2q=i:42
s2q-real=r:4.5
q2s-badradix=s:255
