<HTML>
<LINK REL=STYLESHEET TYPE="text/css" HREF="out.css">
<TITLE>Doc &amp; Title</TITLE><BODY>
<DIV CLASS=TITLE
><SPAN CLASS=TITLE>Hello &amp; Welcome</SPAN></DIV><DIV CLASS=P
><A NAME=2></A><A HREF="#2"><SPAN CLASS=P>First </SPAN><SPAN CLASS=EM>paragraph</SPAN><SPAN CLASS=P> with 5 &lt; 7.</SPAN></A></DIV><DIV CLASS=P
><A HREF="#2"><SPAN CLASS=P>Zweite Zeile mit Umlaut: ü.</SPAN></A></DIV></BODY>
</HTML>
