<HTML>
<LINK REL=STYLESHEET TYPE="text/css" HREF="out.css">
<BODY>
<DIV CLASS=TITLE
><SPAN CLASS=TITLE>Hello &amp; Welcome</SPAN></DIV><DIV CLASS=P
><A NAME=2></A><A HREF="#2"><SPAN CLASS=P>ab</SPAN></A><SPAN CLASS=P>c</SPAN><A HREF="#2"><SPAN CLASS=P>d</SPAN></A><SPAN CLASS=P>e</SPAN><A HREF="#2"><SPAN CLASS=P>f</SPAN></A><SPAN CLASS=P>First </SPAN><SPAN CLASS=EM>paragraph</SPAN><SPAN CLASS=P> with 5 &lt; 7.</SPAN></DIV><DIV CLASS=P
><A HREF="#2"><SPAN CLASS=P>ab</SPAN></A><SPAN CLASS=P>c</SPAN><A HREF="#2"><SPAN CLASS=P>d</SPAN></A><SPAN CLASS=P>e</SPAN><A HREF="#2"><SPAN CLASS=P>f</SPAN></A><SPAN CLASS=P>Zweite Zeile mit Umlaut: ü.</SPAN></DIV></BODY>
</HTML>
