SPAN.CELL2 {
  font-family: Times New Roman,serif;
  font-weight: 500;
  font-style: normal;
  font-size: 10pt;
  color: #ff0080;
}
SPAN.TALL, SPAN.WIDE, SPAN.CELL1 {
  font-family: Times New Roman,serif;
  font-weight: 500;
  font-style: normal;
  font-size: 10pt;
  color: #ccb399;
}
SPAN.KCELL {
  font-family: Times New Roman,serif;
  font-weight: 500;
  font-style: normal;
  font-size: 10pt;
  color: #4d3c3a;
}
DIV { margin-top: 0pt; margin-bottom: 0pt; margin-left: 0pt; margin-right: 0pt }
DIV.KCELL, DIV.TBL3 {
  text-align: left;
  line-height: 12pt;
  text-indent: 0pt;
}
